======================================================================
                              Ecoevolity
                  Estimating evolutionary coevality
       Version 1.1.1 (HEAD 8565100: 2026-01-07T23:13:25-06:00)
======================================================================

Seed: 1926291753
Using data in order to sample from the posterior distribution...
Config path: config.yml
Parsing config file...

----------------------------------------------------------------------
---
event_model_prior:
    dirichlet_process:
        parameters:
            concentration:
                value: 7.5
                estimate: false
event_time_prior:
    exponential_distribution:
        rate: 100
mcmc_settings:
    chain_length: 75000
    sample_frequency: 50
comparisons:
- comparison:
    path: ../alignments/Acanthosaura_lepidogaster_CYTB_Red.nex
    ploidy: 2
    genotypes_are_diploid: true
    markers_are_dominant: false
    population_name_delimiter: ' '
    population_name_is_prefix: false
    constant_sites_removed: false
    equal_population_sizes: false
    parameters:
        population_size:
            estimate: true
            prior:
                gamma_distribution:
                    shape: 4
                    scale: 0.001
        root_relative_population_size:
            estimate: true
            prior:
                gamma_distribution:
                    shape: 100
                    scale: 0.01
                    offset: 0
        mutation_rate:
            value: 1
            estimate: false
        freq_1:
            value: 0.5
            estimate: false
    operators:
        TimeSizeRateMixer:
            weight: 0
            scale: 0.1
        TimeSizeRateScaler:
            weight: 0
            scale: 0.1
        EventTimeScaler:
            weight: 0
            scale: 0.1
        RootPopulationSizeScaler:
            weight: 1
            scale: 0.05
        LeafPopulationSizeScaler:
            weight: 1
            scale: 0.05
        MutationRateScaler:
            weight: 0
            scale: 0.3
        FreqMover:
            weight: 0
            window: 0.1
        TimeRootSizeMixer:
            weight: 0
            scale: 0.05
- comparison:
    path: ../alignments/Draco_maculatus_ND2_Red.nex
    ploidy: 2
    genotypes_are_diploid: true
    markers_are_dominant: false
    population_name_delimiter: ' '
    population_name_is_prefix: false
    constant_sites_removed: false
    equal_population_sizes: false
    parameters:
        population_size:
            estimate: true
            prior:
                gamma_distribution:
                    shape: 4
                    scale: 0.001
        root_relative_population_size:
            estimate: true
            prior:
                gamma_distribution:
                    shape: 100
                    scale: 0.01
                    offset: 0
        mutation_rate:
            value: 1
            estimate: false
        freq_1:
            value: 0.5
            estimate: false
    operators:
        TimeSizeRateMixer:
            weight: 0
            scale: 0.1
        TimeSizeRateScaler:
            weight: 0
            scale: 0.1
        EventTimeScaler:
            weight: 0
            scale: 0.1
        RootPopulationSizeScaler:
            weight: 1
            scale: 0.05
        LeafPopulationSizeScaler:
            weight: 1
            scale: 0.05
        MutationRateScaler:
            weight: 0
            scale: 0.3
        FreqMover:
            weight: 0
            window: 0.1
        TimeRootSizeMixer:
            weight: 0
            scale: 0.05
- comparison:
    path: ../alignments/Gekko_palmatus_COI_Red.nex
    ploidy: 2
    genotypes_are_diploid: true
    markers_are_dominant: false
    population_name_delimiter: ' '
    population_name_is_prefix: false
    constant_sites_removed: false
    equal_population_sizes: false
    parameters:
        population_size:
            estimate: true
            prior:
                gamma_distribution:
                    shape: 4
                    scale: 0.001
        root_relative_population_size:
            estimate: true
            prior:
                gamma_distribution:
                    shape: 100
                    scale: 0.01
                    offset: 0
        mutation_rate:
            value: 1
            estimate: false
        freq_1:
            value: 0.5
            estimate: false
    operators:
        TimeSizeRateMixer:
            weight: 0
            scale: 0.1
        TimeSizeRateScaler:
            weight: 0
            scale: 0.1
        EventTimeScaler:
            weight: 0
            scale: 0.1
        RootPopulationSizeScaler:
            weight: 1
            scale: 0.05
        LeafPopulationSizeScaler:
            weight: 1
            scale: 0.05
        MutationRateScaler:
            weight: 0
            scale: 0.3
        FreqMover:
            weight: 0
            window: 0.1
        TimeRootSizeMixer:
            weight: 0
            scale: 0.05
- comparison:
    path: ../alignments/Ichthyophis_bannanicus_CYTB_Red.nex
    ploidy: 2
    genotypes_are_diploid: true
    markers_are_dominant: false
    population_name_delimiter: ' '
    population_name_is_prefix: false
    constant_sites_removed: false
    equal_population_sizes: false
    parameters:
        population_size:
            estimate: true
            prior:
                gamma_distribution:
                    shape: 4
                    scale: 0.001
        root_relative_population_size:
            estimate: true
            prior:
                gamma_distribution:
                    shape: 100
                    scale: 0.01
                    offset: 0
        mutation_rate:
            value: 1
            estimate: false
        freq_1:
            value: 0.5
            estimate: false
    operators:
        TimeSizeRateMixer:
            weight: 0
            scale: 0.1
        TimeSizeRateScaler:
            weight: 0
            scale: 0.1
        EventTimeScaler:
            weight: 0
            scale: 0.1
        RootPopulationSizeScaler:
            weight: 1
            scale: 0.05
        LeafPopulationSizeScaler:
            weight: 1
            scale: 0.05
        MutationRateScaler:
            weight: 0
            scale: 0.3
        FreqMover:
            weight: 0
            window: 0.1
        TimeRootSizeMixer:
            weight: 0
            scale: 0.05
- comparison:
    path: ../alignments/Lycodon_neomaculatus_CYTB_Red.nex
    ploidy: 2
    genotypes_are_diploid: true
    markers_are_dominant: false
    population_name_delimiter: ' '
    population_name_is_prefix: false
    constant_sites_removed: false
    equal_population_sizes: false
    parameters:
        population_size:
            estimate: true
            prior:
                gamma_distribution:
                    shape: 4
                    scale: 0.001
        root_relative_population_size:
            estimate: true
            prior:
                gamma_distribution:
                    shape: 100
                    scale: 0.01
                    offset: 0
        mutation_rate:
            value: 1
            estimate: false
        freq_1:
            value: 0.5
            estimate: false
    operators:
        TimeSizeRateMixer:
            weight: 0
            scale: 0.1
        TimeSizeRateScaler:
            weight: 0
            scale: 0.1
        EventTimeScaler:
            weight: 0
            scale: 0.1
        RootPopulationSizeScaler:
            weight: 1
            scale: 0.05
        LeafPopulationSizeScaler:
            weight: 1
            scale: 0.05
        MutationRateScaler:
            weight: 0
            scale: 0.3
        FreqMover:
            weight: 0
            window: 0.1
        TimeRootSizeMixer:
            weight: 0
            scale: 0.05
- comparison:
    path: ../alignments/Microhyla_spp_CYTB_Red.nex
    ploidy: 2
    genotypes_are_diploid: true
    markers_are_dominant: false
    population_name_delimiter: ' '
    population_name_is_prefix: false
    constant_sites_removed: false
    equal_population_sizes: false
    parameters:
        population_size:
            estimate: true
            prior:
                gamma_distribution:
                    shape: 4
                    scale: 0.001
        root_relative_population_size:
            estimate: true
            prior:
                gamma_distribution:
                    shape: 100
                    scale: 0.01
                    offset: 0
        mutation_rate:
            value: 1
            estimate: false
        freq_1:
            value: 0.5
            estimate: false
    operators:
        TimeSizeRateMixer:
            weight: 0
            scale: 0.1
        TimeSizeRateScaler:
            weight: 0
            scale: 0.1
        EventTimeScaler:
            weight: 0
            scale: 0.1
        RootPopulationSizeScaler:
            weight: 1
            scale: 0.05
        LeafPopulationSizeScaler:
            weight: 1
            scale: 0.05
        MutationRateScaler:
            weight: 0
            scale: 0.3
        FreqMover:
            weight: 0
            window: 0.1
        TimeRootSizeMixer:
            weight: 0
            scale: 0.05
- comparison:
    path: ../alignments/Microlytta_nigromaculata_16S_Red.nex
    ploidy: 2
    genotypes_are_diploid: true
    markers_are_dominant: false
    population_name_delimiter: ' '
    population_name_is_prefix: false
    constant_sites_removed: false
    equal_population_sizes: false
    parameters:
        population_size:
            estimate: true
            prior:
                gamma_distribution:
                    shape: 4
                    scale: 0.001
        root_relative_population_size:
            estimate: true
            prior:
                gamma_distribution:
                    shape: 100
                    scale: 0.01
                    offset: 0
        mutation_rate:
            value: 1
            estimate: false
        freq_1:
            value: 0.5
            estimate: false
    operators:
        TimeSizeRateMixer:
            weight: 0
            scale: 0.1
        TimeSizeRateScaler:
            weight: 0
            scale: 0.1
        EventTimeScaler:
            weight: 0
            scale: 0.1
        RootPopulationSizeScaler:
            weight: 1
            scale: 0.05
        LeafPopulationSizeScaler:
            weight: 1
            scale: 0.05
        MutationRateScaler:
            weight: 0
            scale: 0.3
        FreqMover:
            weight: 0
            window: 0.1
        TimeRootSizeMixer:
            weight: 0
            scale: 0.05
- comparison:
    path: ../alignments/Rhacophorus_napoensis_16S_Red.nex
    ploidy: 2
    genotypes_are_diploid: true
    markers_are_dominant: false
    population_name_delimiter: ' '
    population_name_is_prefix: false
    constant_sites_removed: false
    equal_population_sizes: false
    parameters:
        population_size:
            estimate: true
            prior:
                gamma_distribution:
                    shape: 4
                    scale: 0.001
        root_relative_population_size:
            estimate: true
            prior:
                gamma_distribution:
                    shape: 100
                    scale: 0.01
                    offset: 0
        mutation_rate:
            value: 1
            estimate: false
        freq_1:
            value: 0.5
            estimate: false
    operators:
        TimeSizeRateMixer:
            weight: 0
            scale: 0.1
        TimeSizeRateScaler:
            weight: 0
            scale: 0.1
        EventTimeScaler:
            weight: 0
            scale: 0.1
        RootPopulationSizeScaler:
            weight: 1
            scale: 0.05
        LeafPopulationSizeScaler:
            weight: 1
            scale: 0.05
        MutationRateScaler:
            weight: 0
            scale: 0.3
        FreqMover:
            weight: 0
            window: 0.1
        TimeRootSizeMixer:
            weight: 0
            scale: 0.05
operator_settings:
    auto_optimize: true
    auto_optimize_delay: 1000
    operators:
        ModelOperator:
            weight: 10
            number_of_auxiliary_categories: 4
        ConcentrationScaler:
            weight: 0
            scale: 0.1
        TimeSizeRateMixer:
            weight: 5
            scale: 0.02
        TimeSizeRateScaler:
            weight: 0
            scale: 0.02
        EventTimeScaler:
            weight: 1
            scale: 0.02
        TimeRootSizeMixer:
            weight: 3
            scale: 0.05
----------------------------------------------------------------------

Configuring model...
storing implied block: TAXA
storing read block: DATA

#######################################################################
##############################  WARNING  ##############################
21 sites had more than two nucleotide states from the alignment in:
    '../alignments/Acanthosaura_lepidogaster_CYTB_Red.nex'.
These sites have been recoded as biallelic, by treating the first
nucleotide as 0 and all others as 1. If you would prefer to ignore
these sites, please remove all sites with more than two nucleotide
states from your DNA alignments and re-run the analysis.
#######################################################################

storing implied block: TAXA
storing read block: DATA

#######################################################################
##############################  WARNING  ##############################
14 sites had more than two nucleotide states from the alignment in:
    '../alignments/Draco_maculatus_ND2_Red.nex'.
These sites have been recoded as biallelic, by treating the first
nucleotide as 0 and all others as 1. If you would prefer to ignore
these sites, please remove all sites with more than two nucleotide
states from your DNA alignments and re-run the analysis.
#######################################################################

storing implied block: TAXA
storing read block: DATA

#######################################################################
##############################  WARNING  ##############################
4 sites had more than two nucleotide states from the alignment in:
    '../alignments/Gekko_palmatus_COI_Red.nex'.
These sites have been recoded as biallelic, by treating the first
nucleotide as 0 and all others as 1. If you would prefer to ignore
these sites, please remove all sites with more than two nucleotide
states from your DNA alignments and re-run the analysis.
#######################################################################

storing implied block: TAXA
storing read block: DATA

#######################################################################
##############################  WARNING  ##############################
1 sites had more than two nucleotide states from the alignment in:
    '../alignments/Ichthyophis_bannanicus_CYTB_Red.nex'.
These sites have been recoded as biallelic, by treating the first
nucleotide as 0 and all others as 1. If you would prefer to ignore
these sites, please remove all sites with more than two nucleotide
states from your DNA alignments and re-run the analysis.
#######################################################################

storing implied block: TAXA
storing read block: DATA
storing implied block: TAXA
storing read block: DATA

#######################################################################
##############################  WARNING  ##############################
4 sites had more than two nucleotide states from the alignment in:
    '../alignments/Microhyla_spp_CYTB_Red.nex'.
These sites have been recoded as biallelic, by treating the first
nucleotide as 0 and all others as 1. If you would prefer to ignore
these sites, please remove all sites with more than two nucleotide
states from your DNA alignments and re-run the analysis.
#######################################################################

storing implied block: TAXA
storing read block: DATA
storing implied block: TAXA
storing read block: DATA

----------------------------------------------------------------------
Summary of data from 8 comparisons:
    Summary of data from '../alignments/Acanthosaura_lepidogaster_CYTB_Red.nex':
        Genotypes: diploid
        Markers are dominant? false
        Number of populations: 2
        Number of sites: 979
        Number of variable sites: 204
        Number of patterns: 48
        Patterns folded? true
        Population label (max # of alleles sampled):
            N1 (12)
            S1 (20)
    Summary of data from '../alignments/Draco_maculatus_ND2_Red.nex':
        Genotypes: diploid
        Markers are dominant? false
        Number of populations: 2
        Number of sites: 1032
        Number of variable sites: 200
        Number of patterns: 66
        Patterns folded? true
        Population label (max # of alleles sampled):
            E2 (46)
            W2 (6)
    Summary of data from '../alignments/Gekko_palmatus_COI_Red.nex':
        Genotypes: diploid
        Markers are dominant? false
        Number of populations: 2
        Number of sites: 553
        Number of variable sites: 47
        Number of patterns: 11
        Patterns folded? true
        Population label (max # of alleles sampled):
            N3 (18)
            S3 (12)
    Summary of data from '../alignments/Ichthyophis_bannanicus_CYTB_Red.nex':
        Genotypes: diploid
        Markers are dominant? false
        Number of populations: 2
        Number of sites: 1144
        Number of variable sites: 38
        Number of patterns: 13
        Patterns folded? true
        Population label (max # of alleles sampled):
            E4 (18)
            W4 (14)
    Summary of data from '../alignments/Lycodon_neomaculatus_CYTB_Red.nex':
        Genotypes: diploid
        Markers are dominant? false
        Number of populations: 2
        Number of sites: 585
        Number of variable sites: 5
        Number of patterns: 6
        Patterns folded? true
        Population label (max # of alleles sampled):
            S5 (6)
            N5 (4)
    Summary of data from '../alignments/Microhyla_spp_CYTB_Red.nex':
        Genotypes: diploid
        Markers are dominant? false
        Number of populations: 2
        Number of sites: 629
        Number of variable sites: 78
        Number of patterns: 16
        Patterns folded? true
        Population label (max # of alleles sampled):
            S6 (12)
            N6 (12)
    Summary of data from '../alignments/Microlytta_nigromaculata_16S_Red.nex':
        Genotypes: diploid
        Markers are dominant? false
        Number of populations: 2
        Number of sites: 918
        Number of variable sites: 10
        Number of patterns: 11
        Patterns folded? true
        Population label (max # of alleles sampled):
            S7 (6)
            N7 (12)
    Summary of data from '../alignments/Rhacophorus_napoensis_16S_Red.nex':
        Genotypes: diploid
        Markers are dominant? false
        Number of populations: 2
        Number of sites: 1001
        Number of variable sites: 79
        Number of patterns: 20
        Patterns folded? true
        Population label (max # of alleles sampled):
            E8 (22)
            W8 (4)
----------------------------------------------------------------------

Number of threads: 1
Firing up MCMC...
State log path: config-state-run-1.log
Operator log path: config-operator-run-1.log
generation	ln_likelihood	ln_prior	number_of_events	concentration
0	-14855.4	107.911	8	7.5
500	-14007.5	70.1645	6	7.5
1000	-14010.4	77.0778	7	7.5
1500	-14014.6	77.1565	7	7.5
2000	-14016.3	73.615	5	7.5
2500	-14002.5	60.3883	4	7.5
3000	-14000.1	58.8294	5	7.5
3500	-14010.7	67.1206	5	7.5
4000	-14010.6	74.9945	7	7.5
4500	-14012.8	64.748	5	7.5
5000	-14019.8	70.7156	6	7.5
5500	-14013.1	77.0997	6	7.5
6000	-14010.8	65.7003	5	7.5
6500	-14009.4	81.7981	7	7.5
7000	-14005.6	68.9853	5	7.5
7500	-14017.9	78.6162	7	7.5
8000	-14000.3	62.2123	6	7.5
8500	-14012.2	79.8122	7	7.5
9000	-14000.3	55.7316	6	7.5
9500	-14006	78.2262	7	7.5
10000	-14003.3	62.9546	5	7.5
10500	-14011.8	78.8062	7	7.5
11000	-14017.2	70.7206	5	7.5
11500	-14006.5	74.5523	6	7.5
12000	-14001.6	58.8225	4	7.5
12500	-14010.9	69.1317	5	7.5
13000	-14002.1	62.7935	5	7.5
13500	-14010.6	69.6477	6	7.5
14000	-14001.8	54.6602	5	7.5
14500	-14009.3	78.0622	8	7.5
15000	-14012.7	72.9964	6	7.5
15500	-14018	68.0667	4	7.5
16000	-14006.8	63.9454	5	7.5
16500	-14014.2	72.5508	5	7.5
17000	-14017.6	76.4511	6	7.5
17500	-14011.8	77.707	8	7.5
18000	-14006.5	75.1307	6	7.5
18500	-14011.5	66.9727	5	7.5
19000	-14014.7	72.2088	6	7.5
19500	-14006.4	72.7188	6	7.5
20000	-14005.8	64.8526	5	7.5
20500	-13999	58.6296	5	7.5
21000	-14015.8	74.099	7	7.5
21500	-14011.2	69.8215	6	7.5
22000	-14014.7	67.8772	4	7.5
22500	-14006.3	65.7795	5	7.5
23000	-14014.7	74.993	6	7.5
23500	-14001.1	65.8666	6	7.5
24000	-14013.6	75.4317	6	7.5
24500	-14013.6	76.4484	6	7.5
25000	-14008.8	64.2838	5	7.5
25500	-14005.2	72.5856	6	7.5
26000	-14012	80.2412	8	7.5
26500	-14008.1	68.8225	6	7.5
27000	-14018.9	71.8075	5	7.5
27500	-14009.1	70.9487	6	7.5
28000	-14008.1	79.155	8	7.5
28500	-14013.2	75.4095	6	7.5
29000	-14010.1	76.5366	7	7.5
29500	-14011.3	73.3785	7	7.5
30000	-14002.4	69.2649	6	7.5
30500	-14001.3	78.6404	8	7.5
31000	-14007.4	68.5345	6	7.5
31500	-14012.2	80.74	7	7.5
32000	-14006.8	62.7591	4	7.5
32500	-14006.9	57.386	5	7.5
33000	-14008.5	72.2275	6	7.5
33500	-14009.7	66.6025	5	7.5
34000	-14011.1	71.0309	5	7.5
34500	-14009.6	73.315	6	7.5
35000	-14009.7	68.676	5	7.5
35500	-14006.4	64.3082	6	7.5
36000	-14007	71.5395	6	7.5
36500	-14013.2	79.379	7	7.5
37000	-14012.7	75.3896	7	7.5
37500	-14009.5	64.6882	4	7.5
38000	-14010.9	70.7184	6	7.5
38500	-14011.4	67.8887	5	7.5
39000	-14005.2	68.3271	6	7.5
39500	-14006.3	66.713	7	7.5
40000	-14010.7	76.5416	6	7.5
40500	-14006.3	65.9052	6	7.5
41000	-14006.3	62.0549	5	7.5
41500	-14014.7	76.3622	6	7.5
42000	-14005.6	77.0337	8	7.5
42500	-14011.2	55.8679	3	7.5
43000	-14018.6	67.723	5	7.5
43500	-14009.9	80.7025	7	7.5
44000	-14009.9	71.7142	6	7.5
44500	-14008.9	63.8791	4	7.5
45000	-14010.8	58.5112	3	7.5
45500	-14002.5	78.8129	7	7.5
46000	-14014.8	72.0669	5	7.5
46500	-14007.5	74.7203	7	7.5
47000	-14009	71.9045	6	7.5
47500	-14003.8	67.902	6	7.5
48000	-13995.3	57.1071	5	7.5
48500	-14020.8	64.6893	5	7.5
49000	-14003.9	74.7172	7	7.5
49500	-14011.4	78.4945	7	7.5
50000	-14011.5	59.1319	5	7.5
50500	-14010.3	67.4934	6	7.5
51000	-14007.2	76.1165	7	7.5
51500	-14010	75.7515	7	7.5
52000	-14006.4	73.4631	7	7.5
52500	-14014.1	72.4853	7	7.5
53000	-14006.3	63.1951	6	7.5
53500	-14003.9	66.5209	7	7.5
54000	-14005.2	69.2317	7	7.5
54500	-14006	64.0994	5	7.5
55000	-14017.8	78.4996	6	7.5
55500	-14010.8	74.283	7	7.5
56000	-14004.9	75.9003	7	7.5
56500	-14020.8	87.2233	7	7.5
57000	-13998.9	57.2236	6	7.5
57500	-14004	76.5333	7	7.5
58000	-14006.8	74.6572	7	7.5
58500	-14011.1	81.0066	7	7.5
59000	-14002.7	64.1599	5	7.5
59500	-14011.7	81.7177	8	7.5
60000	-14003	66.7819	6	7.5
60500	-14010.8	60.6114	3	7.5
61000	-14021.3	76.4548	7	7.5
61500	-14010	68.355	5	7.5
62000	-14012.8	81.3863	6	7.5
62500	-14006	66.7083	6	7.5
63000	-14008.6	62.6414	5	7.5
63500	-14009.5	77.021	7	7.5
64000	-14007.3	70.2236	6	7.5
64500	-14004.1	65.745	6	7.5
65000	-14007	64.7714	4	7.5
65500	-14005.2	56.333	3	7.5
66000	-14003.4	69.875	6	7.5
66500	-14006.7	57.4945	4	7.5
67000	-14003.8	70.7812	6	7.5
67500	-14010.7	83.4723	8	7.5
68000	-13999.2	66.594	6	7.5
68500	-14007.4	75.6443	7	7.5
69000	-14012.3	82.5807	7	7.5
69500	-14012.1	81.3847	7	7.5
70000	-14005.9	73.3188	7	7.5
70500	-14011.5	66.2932	5	7.5
71000	-14005.3	78.2153	8	7.5
71500	-14007.4	49.7484	5	7.5
72000	-14014.1	72.3984	6	7.5
72500	-14023.5	75.9039	5	7.5
73000	-14023.6	90.4089	8	7.5
73500	-14015.4	68.5338	5	7.5
74000	-14007.4	65.5928	6	7.5
74500	-14002.9	76.8909	8	7.5
75000	-14014.7	69.801	5	7.5

Operator stats:
name	number_accepted	number_rejected	weight	weight_prob	tuning_parameter
DirichletProcessGibbsSampler	21420	0	10	0.285714	none	
TimeSizeRateMixer	34235	30279	5	0.142857	0.211501	
TimeRootSizeMixer	17864	20310	3	0.0857143	0.237263	
EventTimeScaler	122932	119550	1	0.0285714	0.570132	
RootPopulationSizeScaler0	8753	10603	1	0.0285714	0.226961	
LeafPopulationSizeScaler0	10297	9066	1	0.0285714	0.266785	
RootPopulationSizeScaler1	9115	10272	1	0.0285714	0.295097	
LeafPopulationSizeScaler1	9471	9909	1	0.0285714	0.33632	
RootPopulationSizeScaler2	9196	10153	1	0.0285714	0.326651	
LeafPopulationSizeScaler2	10235	9148	1	0.0285714	0.707228	
RootPopulationSizeScaler3	9416	10064	1	0.0285714	0.320934	
LeafPopulationSizeScaler3	12303	7121	1	0.0285714	0.596446	
RootPopulationSizeScaler4	9200	10156	1	0.0285714	0.325229	
LeafPopulationSizeScaler4	11550	7906	1	0.0285714	1.29301	
RootPopulationSizeScaler5	9445	9958	1	0.0285714	0.315578	
LeafPopulationSizeScaler5	9878	9413	1	0.0285714	0.561863	
RootPopulationSizeScaler6	9293	10139	1	0.0285714	0.328148	
LeafPopulationSizeScaler6	13051	6337	1	0.0285714	0.88598	
RootPopulationSizeScaler7	9569	9815	1	0.0285714	0.29188	
LeafPopulationSizeScaler7	10272	9139	1	0.0285714	0.684727	

Runtime: 22063 seconds.
