======================================================================
                              Ecoevolity
                  Estimating evolutionary coevality
       Version 1.1.1 (HEAD 8565100: 2026-01-07T23:13:25-06:00)
======================================================================

Seed: 1245369269
Using data in order to sample from the posterior distribution...
Config path: config.yml
Parsing config file...

----------------------------------------------------------------------
---
event_model_prior:
    dirichlet_process:
        parameters:
            concentration:
                value: 7.5
                estimate: false
event_time_prior:
    exponential_distribution:
        rate: 100
mcmc_settings:
    chain_length: 75000
    sample_frequency: 50
comparisons:
- comparison:
    path: ../alignments/Acanthosaura_lepidogaster_CYTB_Red.nex
    ploidy: 2
    genotypes_are_diploid: true
    markers_are_dominant: false
    population_name_delimiter: ' '
    population_name_is_prefix: false
    constant_sites_removed: false
    equal_population_sizes: false
    parameters:
        population_size:
            estimate: true
            prior:
                gamma_distribution:
                    shape: 4
                    scale: 0.001
        root_relative_population_size:
            estimate: true
            prior:
                gamma_distribution:
                    shape: 100
                    scale: 0.01
                    offset: 0
        mutation_rate:
            value: 1
            estimate: false
        freq_1:
            value: 0.5
            estimate: false
    operators:
        TimeSizeRateMixer:
            weight: 0
            scale: 0.1
        TimeSizeRateScaler:
            weight: 0
            scale: 0.1
        EventTimeScaler:
            weight: 0
            scale: 0.1
        RootPopulationSizeScaler:
            weight: 1
            scale: 0.05
        LeafPopulationSizeScaler:
            weight: 1
            scale: 0.05
        MutationRateScaler:
            weight: 0
            scale: 0.3
        FreqMover:
            weight: 0
            window: 0.1
        TimeRootSizeMixer:
            weight: 0
            scale: 0.05
- comparison:
    path: ../alignments/Draco_maculatus_ND2_Red.nex
    ploidy: 2
    genotypes_are_diploid: true
    markers_are_dominant: false
    population_name_delimiter: ' '
    population_name_is_prefix: false
    constant_sites_removed: false
    equal_population_sizes: false
    parameters:
        population_size:
            estimate: true
            prior:
                gamma_distribution:
                    shape: 4
                    scale: 0.001
        root_relative_population_size:
            estimate: true
            prior:
                gamma_distribution:
                    shape: 100
                    scale: 0.01
                    offset: 0
        mutation_rate:
            value: 1
            estimate: false
        freq_1:
            value: 0.5
            estimate: false
    operators:
        TimeSizeRateMixer:
            weight: 0
            scale: 0.1
        TimeSizeRateScaler:
            weight: 0
            scale: 0.1
        EventTimeScaler:
            weight: 0
            scale: 0.1
        RootPopulationSizeScaler:
            weight: 1
            scale: 0.05
        LeafPopulationSizeScaler:
            weight: 1
            scale: 0.05
        MutationRateScaler:
            weight: 0
            scale: 0.3
        FreqMover:
            weight: 0
            window: 0.1
        TimeRootSizeMixer:
            weight: 0
            scale: 0.05
- comparison:
    path: ../alignments/Gekko_palmatus_COI_Red.nex
    ploidy: 2
    genotypes_are_diploid: true
    markers_are_dominant: false
    population_name_delimiter: ' '
    population_name_is_prefix: false
    constant_sites_removed: false
    equal_population_sizes: false
    parameters:
        population_size:
            estimate: true
            prior:
                gamma_distribution:
                    shape: 4
                    scale: 0.001
        root_relative_population_size:
            estimate: true
            prior:
                gamma_distribution:
                    shape: 100
                    scale: 0.01
                    offset: 0
        mutation_rate:
            value: 1
            estimate: false
        freq_1:
            value: 0.5
            estimate: false
    operators:
        TimeSizeRateMixer:
            weight: 0
            scale: 0.1
        TimeSizeRateScaler:
            weight: 0
            scale: 0.1
        EventTimeScaler:
            weight: 0
            scale: 0.1
        RootPopulationSizeScaler:
            weight: 1
            scale: 0.05
        LeafPopulationSizeScaler:
            weight: 1
            scale: 0.05
        MutationRateScaler:
            weight: 0
            scale: 0.3
        FreqMover:
            weight: 0
            window: 0.1
        TimeRootSizeMixer:
            weight: 0
            scale: 0.05
- comparison:
    path: ../alignments/Ichthyophis_bannanicus_CYTB_Red.nex
    ploidy: 2
    genotypes_are_diploid: true
    markers_are_dominant: false
    population_name_delimiter: ' '
    population_name_is_prefix: false
    constant_sites_removed: false
    equal_population_sizes: false
    parameters:
        population_size:
            estimate: true
            prior:
                gamma_distribution:
                    shape: 4
                    scale: 0.001
        root_relative_population_size:
            estimate: true
            prior:
                gamma_distribution:
                    shape: 100
                    scale: 0.01
                    offset: 0
        mutation_rate:
            value: 1
            estimate: false
        freq_1:
            value: 0.5
            estimate: false
    operators:
        TimeSizeRateMixer:
            weight: 0
            scale: 0.1
        TimeSizeRateScaler:
            weight: 0
            scale: 0.1
        EventTimeScaler:
            weight: 0
            scale: 0.1
        RootPopulationSizeScaler:
            weight: 1
            scale: 0.05
        LeafPopulationSizeScaler:
            weight: 1
            scale: 0.05
        MutationRateScaler:
            weight: 0
            scale: 0.3
        FreqMover:
            weight: 0
            window: 0.1
        TimeRootSizeMixer:
            weight: 0
            scale: 0.05
- comparison:
    path: ../alignments/Lycodon_neomaculatus_CYTB_Red.nex
    ploidy: 2
    genotypes_are_diploid: true
    markers_are_dominant: false
    population_name_delimiter: ' '
    population_name_is_prefix: false
    constant_sites_removed: false
    equal_population_sizes: false
    parameters:
        population_size:
            estimate: true
            prior:
                gamma_distribution:
                    shape: 4
                    scale: 0.001
        root_relative_population_size:
            estimate: true
            prior:
                gamma_distribution:
                    shape: 100
                    scale: 0.01
                    offset: 0
        mutation_rate:
            value: 1
            estimate: false
        freq_1:
            value: 0.5
            estimate: false
    operators:
        TimeSizeRateMixer:
            weight: 0
            scale: 0.1
        TimeSizeRateScaler:
            weight: 0
            scale: 0.1
        EventTimeScaler:
            weight: 0
            scale: 0.1
        RootPopulationSizeScaler:
            weight: 1
            scale: 0.05
        LeafPopulationSizeScaler:
            weight: 1
            scale: 0.05
        MutationRateScaler:
            weight: 0
            scale: 0.3
        FreqMover:
            weight: 0
            window: 0.1
        TimeRootSizeMixer:
            weight: 0
            scale: 0.05
- comparison:
    path: ../alignments/Microhyla_spp_CYTB_Red.nex
    ploidy: 2
    genotypes_are_diploid: true
    markers_are_dominant: false
    population_name_delimiter: ' '
    population_name_is_prefix: false
    constant_sites_removed: false
    equal_population_sizes: false
    parameters:
        population_size:
            estimate: true
            prior:
                gamma_distribution:
                    shape: 4
                    scale: 0.001
        root_relative_population_size:
            estimate: true
            prior:
                gamma_distribution:
                    shape: 100
                    scale: 0.01
                    offset: 0
        mutation_rate:
            value: 1
            estimate: false
        freq_1:
            value: 0.5
            estimate: false
    operators:
        TimeSizeRateMixer:
            weight: 0
            scale: 0.1
        TimeSizeRateScaler:
            weight: 0
            scale: 0.1
        EventTimeScaler:
            weight: 0
            scale: 0.1
        RootPopulationSizeScaler:
            weight: 1
            scale: 0.05
        LeafPopulationSizeScaler:
            weight: 1
            scale: 0.05
        MutationRateScaler:
            weight: 0
            scale: 0.3
        FreqMover:
            weight: 0
            window: 0.1
        TimeRootSizeMixer:
            weight: 0
            scale: 0.05
- comparison:
    path: ../alignments/Microlytta_nigromaculata_16S_Red.nex
    ploidy: 2
    genotypes_are_diploid: true
    markers_are_dominant: false
    population_name_delimiter: ' '
    population_name_is_prefix: false
    constant_sites_removed: false
    equal_population_sizes: false
    parameters:
        population_size:
            estimate: true
            prior:
                gamma_distribution:
                    shape: 4
                    scale: 0.001
        root_relative_population_size:
            estimate: true
            prior:
                gamma_distribution:
                    shape: 100
                    scale: 0.01
                    offset: 0
        mutation_rate:
            value: 1
            estimate: false
        freq_1:
            value: 0.5
            estimate: false
    operators:
        TimeSizeRateMixer:
            weight: 0
            scale: 0.1
        TimeSizeRateScaler:
            weight: 0
            scale: 0.1
        EventTimeScaler:
            weight: 0
            scale: 0.1
        RootPopulationSizeScaler:
            weight: 1
            scale: 0.05
        LeafPopulationSizeScaler:
            weight: 1
            scale: 0.05
        MutationRateScaler:
            weight: 0
            scale: 0.3
        FreqMover:
            weight: 0
            window: 0.1
        TimeRootSizeMixer:
            weight: 0
            scale: 0.05
- comparison:
    path: ../alignments/Rhacophorus_napoensis_16S_Red.nex
    ploidy: 2
    genotypes_are_diploid: true
    markers_are_dominant: false
    population_name_delimiter: ' '
    population_name_is_prefix: false
    constant_sites_removed: false
    equal_population_sizes: false
    parameters:
        population_size:
            estimate: true
            prior:
                gamma_distribution:
                    shape: 4
                    scale: 0.001
        root_relative_population_size:
            estimate: true
            prior:
                gamma_distribution:
                    shape: 100
                    scale: 0.01
                    offset: 0
        mutation_rate:
            value: 1
            estimate: false
        freq_1:
            value: 0.5
            estimate: false
    operators:
        TimeSizeRateMixer:
            weight: 0
            scale: 0.1
        TimeSizeRateScaler:
            weight: 0
            scale: 0.1
        EventTimeScaler:
            weight: 0
            scale: 0.1
        RootPopulationSizeScaler:
            weight: 1
            scale: 0.05
        LeafPopulationSizeScaler:
            weight: 1
            scale: 0.05
        MutationRateScaler:
            weight: 0
            scale: 0.3
        FreqMover:
            weight: 0
            window: 0.1
        TimeRootSizeMixer:
            weight: 0
            scale: 0.05
operator_settings:
    auto_optimize: true
    auto_optimize_delay: 1000
    operators:
        ModelOperator:
            weight: 10
            number_of_auxiliary_categories: 4
        ConcentrationScaler:
            weight: 0
            scale: 0.1
        TimeSizeRateMixer:
            weight: 5
            scale: 0.02
        TimeSizeRateScaler:
            weight: 0
            scale: 0.02
        EventTimeScaler:
            weight: 1
            scale: 0.02
        TimeRootSizeMixer:
            weight: 3
            scale: 0.05
----------------------------------------------------------------------

Configuring model...
storing implied block: TAXA
storing read block: DATA

#######################################################################
##############################  WARNING  ##############################
21 sites had more than two nucleotide states from the alignment in:
    '../alignments/Acanthosaura_lepidogaster_CYTB_Red.nex'.
These sites have been recoded as biallelic, by treating the first
nucleotide as 0 and all others as 1. If you would prefer to ignore
these sites, please remove all sites with more than two nucleotide
states from your DNA alignments and re-run the analysis.
#######################################################################

storing implied block: TAXA
storing read block: DATA

#######################################################################
##############################  WARNING  ##############################
14 sites had more than two nucleotide states from the alignment in:
    '../alignments/Draco_maculatus_ND2_Red.nex'.
These sites have been recoded as biallelic, by treating the first
nucleotide as 0 and all others as 1. If you would prefer to ignore
these sites, please remove all sites with more than two nucleotide
states from your DNA alignments and re-run the analysis.
#######################################################################

storing implied block: TAXA
storing read block: DATA

#######################################################################
##############################  WARNING  ##############################
4 sites had more than two nucleotide states from the alignment in:
    '../alignments/Gekko_palmatus_COI_Red.nex'.
These sites have been recoded as biallelic, by treating the first
nucleotide as 0 and all others as 1. If you would prefer to ignore
these sites, please remove all sites with more than two nucleotide
states from your DNA alignments and re-run the analysis.
#######################################################################

storing implied block: TAXA
storing read block: DATA

#######################################################################
##############################  WARNING  ##############################
1 sites had more than two nucleotide states from the alignment in:
    '../alignments/Ichthyophis_bannanicus_CYTB_Red.nex'.
These sites have been recoded as biallelic, by treating the first
nucleotide as 0 and all others as 1. If you would prefer to ignore
these sites, please remove all sites with more than two nucleotide
states from your DNA alignments and re-run the analysis.
#######################################################################

storing implied block: TAXA
storing read block: DATA
storing implied block: TAXA
storing read block: DATA

#######################################################################
##############################  WARNING  ##############################
4 sites had more than two nucleotide states from the alignment in:
    '../alignments/Microhyla_spp_CYTB_Red.nex'.
These sites have been recoded as biallelic, by treating the first
nucleotide as 0 and all others as 1. If you would prefer to ignore
these sites, please remove all sites with more than two nucleotide
states from your DNA alignments and re-run the analysis.
#######################################################################

storing implied block: TAXA
storing read block: DATA
storing implied block: TAXA
storing read block: DATA

----------------------------------------------------------------------
Summary of data from 8 comparisons:
    Summary of data from '../alignments/Acanthosaura_lepidogaster_CYTB_Red.nex':
        Genotypes: diploid
        Markers are dominant? false
        Number of populations: 2
        Number of sites: 979
        Number of variable sites: 204
        Number of patterns: 48
        Patterns folded? true
        Population label (max # of alleles sampled):
            N1 (12)
            S1 (20)
    Summary of data from '../alignments/Draco_maculatus_ND2_Red.nex':
        Genotypes: diploid
        Markers are dominant? false
        Number of populations: 2
        Number of sites: 1032
        Number of variable sites: 200
        Number of patterns: 66
        Patterns folded? true
        Population label (max # of alleles sampled):
            E2 (46)
            W2 (6)
    Summary of data from '../alignments/Gekko_palmatus_COI_Red.nex':
        Genotypes: diploid
        Markers are dominant? false
        Number of populations: 2
        Number of sites: 553
        Number of variable sites: 47
        Number of patterns: 11
        Patterns folded? true
        Population label (max # of alleles sampled):
            N3 (18)
            S3 (12)
    Summary of data from '../alignments/Ichthyophis_bannanicus_CYTB_Red.nex':
        Genotypes: diploid
        Markers are dominant? false
        Number of populations: 2
        Number of sites: 1144
        Number of variable sites: 38
        Number of patterns: 13
        Patterns folded? true
        Population label (max # of alleles sampled):
            E4 (18)
            W4 (14)
    Summary of data from '../alignments/Lycodon_neomaculatus_CYTB_Red.nex':
        Genotypes: diploid
        Markers are dominant? false
        Number of populations: 2
        Number of sites: 585
        Number of variable sites: 5
        Number of patterns: 6
        Patterns folded? true
        Population label (max # of alleles sampled):
            S5 (6)
            N5 (4)
    Summary of data from '../alignments/Microhyla_spp_CYTB_Red.nex':
        Genotypes: diploid
        Markers are dominant? false
        Number of populations: 2
        Number of sites: 629
        Number of variable sites: 78
        Number of patterns: 16
        Patterns folded? true
        Population label (max # of alleles sampled):
            S6 (12)
            N6 (12)
    Summary of data from '../alignments/Microlytta_nigromaculata_16S_Red.nex':
        Genotypes: diploid
        Markers are dominant? false
        Number of populations: 2
        Number of sites: 918
        Number of variable sites: 10
        Number of patterns: 11
        Patterns folded? true
        Population label (max # of alleles sampled):
            S7 (6)
            N7 (12)
    Summary of data from '../alignments/Rhacophorus_napoensis_16S_Red.nex':
        Genotypes: diploid
        Markers are dominant? false
        Number of populations: 2
        Number of sites: 1001
        Number of variable sites: 79
        Number of patterns: 20
        Patterns folded? true
        Population label (max # of alleles sampled):
            E8 (22)
            W8 (4)
----------------------------------------------------------------------

Number of threads: 1
Firing up MCMC...
State log path: config-state-run-1.log
Operator log path: config-operator-run-1.log
generation	ln_likelihood	ln_prior	number_of_events	concentration
0	-14933.6	111.991	8	7.5
500	-14019.4	76.518	6	7.5
1000	-14001.3	69.3061	6	7.5
1500	-14005.2	68.3704	6	7.5
2000	-14001.4	58.6132	5	7.5
2500	-14002.3	70.8908	6	7.5
3000	-14002.4	61.4753	5	7.5
3500	-14004.8	75.786	7	7.5
4000	-14007.5	71.6256	6	7.5
4500	-14009.1	65.9541	5	7.5
5000	-14017.7	71.1182	5	7.5
5500	-14005.8	58.0836	5	7.5
6000	-14007.2	63.3716	5	7.5
6500	-14009.2	58.0819	4	7.5
7000	-14003.9	67.2646	6	7.5
7500	-14008.6	77.731	6	7.5
8000	-14007.7	78.4802	7	7.5
8500	-14017.2	83.3526	8	7.5
9000	-14011.2	72.9904	6	7.5
9500	-14003.9	58.137	4	7.5
10000	-13999.3	59.9176	6	7.5
10500	-14012.5	71.1407	7	7.5
11000	-14001.7	66.9764	7	7.5
11500	-14003.9	66.5798	6	7.5
12000	-14010.9	65.9439	5	7.5
12500	-14006.6	74.2536	7	7.5
13000	-14005.1	63.4851	5	7.5
13500	-14009.2	82.7954	8	7.5
14000	-14002	60.112	5	7.5
14500	-13996.9	65.9651	6	7.5
15000	-14005.7	73.6935	6	7.5
15500	-14003.6	60.8813	5	7.5
16000	-13998.5	66.149	6	7.5
16500	-14009.5	79.0228	7	7.5
17000	-14005.4	66.0252	6	7.5
17500	-14005.4	62.0887	5	7.5
18000	-13998.8	59.6521	5	7.5
18500	-14012.8	68.5978	5	7.5
19000	-14002.8	53.5511	3	7.5
19500	-14009.6	53.0119	3	7.5
20000	-14009.3	60.5552	4	7.5
20500	-14010.7	66.9148	5	7.5
21000	-14015	72.7045	5	7.5
21500	-14004.9	60.751	6	7.5
22000	-14009	71.2075	7	7.5
22500	-14009.7	70.698	6	7.5
23000	-14000.6	72.7361	7	7.5
23500	-14004.3	78.0348	8	7.5
24000	-14008.2	59.1002	5	7.5
24500	-14024.7	76.7455	5	7.5
25000	-13999.6	59.945	6	7.5
25500	-14007.6	72.5555	6	7.5
26000	-14006.8	60.0729	5	7.5
26500	-14000.4	53.3437	5	7.5
27000	-14006.7	64.0765	5	7.5
27500	-14010.5	79.0927	7	7.5
28000	-14002.2	59.8695	5	7.5
28500	-14012.5	70.3038	5	7.5
29000	-14003.9	66.5989	6	7.5
29500	-14003.1	60.2745	4	7.5
30000	-14009.7	72.031	6	7.5
30500	-14013	75.9576	6	7.5
31000	-14007.1	64.3342	5	7.5
31500	-14002.6	65.9167	6	7.5
32000	-14004.3	70.3048	6	7.5
32500	-14011	82.0147	7	7.5
33000	-14019.1	65.4687	4	7.5
33500	-14006.3	61.2622	5	7.5
34000	-14007.4	76.7186	6	7.5
34500	-14000.8	66.5994	6	7.5
35000	-14011.1	67.9145	6	7.5
35500	-14007.7	79.0753	7	7.5
36000	-14012.1	62.5159	4	7.5
36500	-14013.3	81.1222	7	7.5
37000	-14020.8	77.2194	6	7.5
37500	-14009.6	54.4813	4	7.5
38000	-14010.7	71.9793	6	7.5
38500	-14023.3	83.1037	7	7.5
39000	-14019.7	81.4329	7	7.5
39500	-14010.6	72.1561	6	7.5
40000	-14010.6	71.683	7	7.5
40500	-14001.1	61.6248	6	7.5
41000	-14008.4	68.7786	6	7.5
41500	-14006.5	69.501	6	7.5
42000	-14004.6	60.0894	4	7.5
42500	-14008.2	59.6598	5	7.5
43000	-14008.9	53.0182	5	7.5
43500	-14008.8	63.5674	5	7.5
44000	-14009	71.4507	7	7.5
44500	-14001	63.1085	6	7.5
45000	-14000	72.5834	8	7.5
45500	-14011.6	75.4402	6	7.5
46000	-14015.4	61.9543	4	7.5
46500	-14016.4	76.8088	7	7.5
47000	-14009.8	60.9589	4	7.5
47500	-14013.2	64.8379	5	7.5
48000	-14007.8	77.5119	8	7.5
48500	-14012.1	79.239	7	7.5
49000	-14006.2	74.2284	7	7.5
49500	-13999.3	73.2384	7	7.5
50000	-14006.7	80.0328	8	7.5
50500	-14005.3	77.5149	7	7.5
51000	-14009.4	71.3768	6	7.5
51500	-14001.2	63.2337	7	7.5
52000	-14005.5	69.8672	7	7.5
52500	-14014.9	91.494	8	7.5
53000	-14008.9	69.3452	6	7.5
53500	-14003.4	69.0994	6	7.5
54000	-14017.5	76.2683	8	7.5
54500	-14010.6	75.5906	7	7.5
55000	-14006.3	72.652	7	7.5
55500	-14011.1	70.7492	7	7.5
56000	-14009.3	70.2191	5	7.5
56500	-14006.5	68.3404	5	7.5
57000	-14000.4	64.3219	6	7.5
57500	-14010.6	72.2629	6	7.5
58000	-14008.8	59.1966	5	7.5
58500	-14015.5	73.0428	6	7.5
59000	-14014.3	65.2934	4	7.5
59500	-14004.2	68.1003	7	7.5
60000	-14013.9	74.4137	7	7.5
60500	-14006.3	69.0741	6	7.5
61000	-13996.1	57.6728	5	7.5
61500	-13995.2	57.1182	5	7.5
62000	-13999.5	64.1369	6	7.5
62500	-14018.6	76.8987	6	7.5
63000	-14010.3	71.0592	7	7.5
63500	-14019.8	84.0057	7	7.5
64000	-14016.8	73.1241	6	7.5
64500	-14013.7	81.0617	7	7.5
65000	-14006	81.4612	8	7.5
65500	-14001.5	64.2855	6	7.5
66000	-14005.9	70.7994	6	7.5
66500	-14008.7	85.9384	8	7.5
67000	-14006.9	68.7383	6	7.5
67500	-14012.7	70.9566	5	7.5
68000	-14010.3	87.3864	8	7.5
68500	-14004.5	69.6835	6	7.5
69000	-14001.8	57.495	5	7.5
69500	-14012.7	61.6894	5	7.5
70000	-14005.3	70.559	6	7.5
70500	-14016.4	67.6376	5	7.5
71000	-14006.8	68.7925	6	7.5
71500	-14002.8	67.3225	6	7.5
72000	-13996.3	61.5965	6	7.5
72500	-14012.3	75.9859	6	7.5
73000	-14007.9	82.1692	8	7.5
73500	-14005.6	55.1089	4	7.5
74000	-14008	72.0974	7	7.5
74500	-14006.2	70.8083	6	7.5
75000	-14016.8	82.7578	7	7.5

Operator stats:
name	number_accepted	number_rejected	weight	weight_prob	tuning_parameter
DirichletProcessGibbsSampler	21473	0	10	0.285714	none	
TimeSizeRateMixer	31068	32158	5	0.142857	0.227346	
TimeRootSizeMixer	18142	19695	3	0.0857143	0.230461	
EventTimeScaler	121979	118689	1	0.0285714	0.567515	
RootPopulationSizeScaler0	8991	10263	1	0.0285714	0.224976	
LeafPopulationSizeScaler0	9902	9334	1	0.0285714	0.275783	
RootPopulationSizeScaler1	9174	10065	1	0.0285714	0.294175	
LeafPopulationSizeScaler1	9214	10113	1	0.0285714	0.353682	
RootPopulationSizeScaler2	9642	9648	1	0.0285714	0.311211	
LeafPopulationSizeScaler2	10707	8586	1	0.0285714	0.665624	
RootPopulationSizeScaler3	9541	9752	1	0.0285714	0.316624	
LeafPopulationSizeScaler3	12397	6890	1	0.0285714	0.593652	
RootPopulationSizeScaler4	9622	9684	1	0.0285714	0.312792	
LeafPopulationSizeScaler4	11871	7433	1	0.0285714	1.24114	
RootPopulationSizeScaler5	9292	10018	1	0.0285714	0.319763	
LeafPopulationSizeScaler5	10181	9092	1	0.0285714	0.54592	
RootPopulationSizeScaler6	9457	9829	1	0.0285714	0.318226	
LeafPopulationSizeScaler6	11740	7492	1	0.0285714	1.03496	
RootPopulationSizeScaler7	9816	9561	1	0.0285714	0.287201	
LeafPopulationSizeScaler7	10468	8790	1	0.0285714	0.653215	

Runtime: 21843 seconds.
