generation 5000:
name	number_accepted	number_rejected	weight	weight_prob	tuning_parameter
DirichletProcessGibbsSampler	1084	0	10	0.212766	none	
TimeSizeRateMixer	2401	1652	5	0.106383	0.166063	
TimeRootSizeMixer	1223	1222	3	0.0638298	0.160145	
EventTimeScaler	9181	6206	1	0.0212766	0.380351	
RootPopulationSizeScaler0	558	395	1	0.0212766	0.290483	
LeafPopulationSizeScaler0	760	206	1	0.0212766	0.752949	
RootPopulationSizeScaler1	585	371	1	0.0212766	0.242247	
LeafPopulationSizeScaler1	673	279	1	0.0212766	0.413848	
RootPopulationSizeScaler2	550	416	1	0.0212766	0.237054	
LeafPopulationSizeScaler2	592	380	1	0.0212766	0.380769	
RootPopulationSizeScaler3	547	430	1	0.0212766	0.288147	
LeafPopulationSizeScaler3	665	304	1	0.0212766	0.319705	
RootPopulationSizeScaler4	595	370	1	0.0212766	0.219375	
LeafPopulationSizeScaler4	615	335	1	0.0212766	0.344425	
RootPopulationSizeScaler5	584	369	1	0.0212766	0.23669	
LeafPopulationSizeScaler5	703	278	1	0.0212766	0.363801	
RootPopulationSizeScaler6	527	438	1	0.0212766	0.273645	
LeafPopulationSizeScaler6	671	281	1	0.0212766	0.289904	
RootPopulationSizeScaler7	533	440	1	0.0212766	0.282655	
LeafPopulationSizeScaler7	626	319	1	0.0212766	0.359777	
RootPopulationSizeScaler8	555	416	1	0.0212766	0.257916	
LeafPopulationSizeScaler8	663	304	1	0.0212766	0.418189	
RootPopulationSizeScaler9	561	392	1	0.0212766	0.243318	
LeafPopulationSizeScaler9	741	246	1	0.0212766	0.574559	
RootPopulationSizeScaler10	574	412	1	0.0212766	0.265697	
LeafPopulationSizeScaler10	805	151	1	0.0212766	0.321889	
RootPopulationSizeScaler11	538	426	1	0.0212766	0.266734	
LeafPopulationSizeScaler11	681	273	1	0.0212766	0.507939	
RootPopulationSizeScaler12	541	420	1	0.0212766	0.288131	
LeafPopulationSizeScaler12	699	267	1	0.0212766	0.449761	
RootPopulationSizeScaler13	556	413	1	0.0212766	0.265825	
LeafPopulationSizeScaler13	730	242	1	0.0212766	0.470782	
generation 10000:
name	number_accepted	number_rejected	weight	weight_prob	tuning_parameter
DirichletProcessGibbsSampler	2138	0	10	0.212766	none	
TimeSizeRateMixer	4483	3475	5	0.106383	0.177492	
TimeRootSizeMixer	2285	2350	3	0.0638298	0.164599	
EventTimeScaler	17211	13073	1	0.0212766	0.408855	
RootPopulationSizeScaler0	1042	827	1	0.0212766	0.307987	
LeafPopulationSizeScaler0	1395	465	1	0.0212766	0.895545	
RootPopulationSizeScaler1	1117	768	1	0.0212766	0.262862	
LeafPopulationSizeScaler1	1238	632	1	0.0212766	0.466187	
RootPopulationSizeScaler2	1031	855	1	0.0212766	0.251221	
LeafPopulationSizeScaler2	1105	787	1	0.0212766	0.406698	
RootPopulationSizeScaler3	991	892	1	0.0212766	0.299774	
LeafPopulationSizeScaler3	1209	662	1	0.0212766	0.354559	
RootPopulationSizeScaler4	1074	795	1	0.0212766	0.236092	
LeafPopulationSizeScaler4	1134	732	1	0.0212766	0.381765	
RootPopulationSizeScaler5	1103	763	1	0.0212766	0.255833	
LeafPopulationSizeScaler5	1273	621	1	0.0212766	0.410472	
RootPopulationSizeScaler6	981	893	1	0.0212766	0.284811	
LeafPopulationSizeScaler6	1291	569	1	0.0212766	0.341388	
RootPopulationSizeScaler7	950	935	1	0.0212766	0.285989	
LeafPopulationSizeScaler7	1184	670	1	0.0212766	0.400717	
RootPopulationSizeScaler8	999	862	1	0.0212766	0.267137	
LeafPopulationSizeScaler8	1212	649	1	0.0212766	0.467694	
RootPopulationSizeScaler9	1049	816	1	0.0212766	0.258547	
LeafPopulationSizeScaler9	1371	535	1	0.0212766	0.671606	
RootPopulationSizeScaler10	1061	828	1	0.0212766	0.284042	
LeafPopulationSizeScaler10	1526	315	1	0.0212766	0.410403	
RootPopulationSizeScaler11	1019	863	1	0.0212766	0.284264	
LeafPopulationSizeScaler11	1249	614	1	0.0212766	0.581681	
RootPopulationSizeScaler12	996	851	1	0.0212766	0.300854	
LeafPopulationSizeScaler12	1281	577	1	0.0212766	0.510572	
RootPopulationSizeScaler13	1050	837	1	0.0212766	0.282499	
LeafPopulationSizeScaler13	1335	555	1	0.0212766	0.550647	
generation 15000:
name	number_accepted	number_rejected	weight	weight_prob	tuning_parameter
DirichletProcessGibbsSampler	3161	0	10	0.212766	none	
TimeSizeRateMixer	6708	5438	5	0.106383	0.184054	
TimeRootSizeMixer	3459	3607	3	0.0638298	0.167279	
EventTimeScaler	25229	20266	1	0.0212766	0.423431	
RootPopulationSizeScaler0	1508	1351	1	0.0212766	0.312431	
LeafPopulationSizeScaler0	2040	794	1	0.0212766	0.979502	
RootPopulationSizeScaler1	1637	1222	1	0.0212766	0.273997	
LeafPopulationSizeScaler1	1803	1039	1	0.0212766	0.496365	
RootPopulationSizeScaler2	1521	1337	1	0.0212766	0.257935	
LeafPopulationSizeScaler2	1647	1220	1	0.0212766	0.426955	
RootPopulationSizeScaler3	1437	1419	1	0.0212766	0.302822	
LeafPopulationSizeScaler3	1766	1085	1	0.0212766	0.376153	
RootPopulationSizeScaler4	1605	1236	1	0.0212766	0.24635	
LeafPopulationSizeScaler4	1684	1179	1	0.0212766	0.402866	
RootPopulationSizeScaler5	1648	1180	1	0.0212766	0.269517	
LeafPopulationSizeScaler5	1893	983	1	0.0212766	0.445294	
RootPopulationSizeScaler6	1480	1389	1	0.0212766	0.290043	
LeafPopulationSizeScaler6	1912	937	1	0.0212766	0.370606	
RootPopulationSizeScaler7	1415	1451	1	0.0212766	0.290603	
LeafPopulationSizeScaler7	1763	1052	1	0.0212766	0.422858	
RootPopulationSizeScaler8	1493	1354	1	0.0212766	0.275433	
LeafPopulationSizeScaler8	1799	1042	1	0.0212766	0.498976	
RootPopulationSizeScaler9	1609	1253	1	0.0212766	0.270844	
LeafPopulationSizeScaler9	1992	888	1	0.0212766	0.728749	
RootPopulationSizeScaler10	1525	1328	1	0.0212766	0.290129	
LeafPopulationSizeScaler10	2255	541	1	0.0212766	0.468329	
RootPopulationSizeScaler11	1492	1365	1	0.0212766	0.291567	
LeafPopulationSizeScaler11	1826	997	1	0.0212766	0.624433	
RootPopulationSizeScaler12	1455	1366	1	0.0212766	0.304147	
LeafPopulationSizeScaler12	1860	972	1	0.0212766	0.546264	
RootPopulationSizeScaler13	1556	1313	1	0.0212766	0.2907	
LeafPopulationSizeScaler13	1946	915	1	0.0212766	0.594149	
generation 20000:
name	number_accepted	number_rejected	weight	weight_prob	tuning_parameter
DirichletProcessGibbsSampler	4193	0	10	0.212766	none	
TimeSizeRateMixer	8779	7426	5	0.106383	0.188024	
TimeRootSizeMixer	4627	4833	3	0.0638298	0.169598	
EventTimeScaler	32986	27599	1	0.0212766	0.432438	
RootPopulationSizeScaler0	1970	1847	1	0.0212766	0.316502	
LeafPopulationSizeScaler0	2628	1164	1	0.0212766	1.03656	
RootPopulationSizeScaler1	2158	1670	1	0.0212766	0.281359	
LeafPopulationSizeScaler1	2352	1447	1	0.0212766	0.518264	
RootPopulationSizeScaler2	2024	1805	1	0.0212766	0.262276	
LeafPopulationSizeScaler2	2146	1676	1	0.0212766	0.437776	
RootPopulationSizeScaler3	1910	1926	1	0.0212766	0.306269	
LeafPopulationSizeScaler3	2306	1500	1	0.0212766	0.389736	
RootPopulationSizeScaler4	2098	1709	1	0.0212766	0.250635	
LeafPopulationSizeScaler4	2238	1602	1	0.0212766	0.417254	
RootPopulationSizeScaler5	2163	1620	1	0.0212766	0.276053	
LeafPopulationSizeScaler5	2472	1370	1	0.0212766	0.468178	
RootPopulationSizeScaler6	1930	1886	1	0.0212766	0.29261	
LeafPopulationSizeScaler6	2522	1295	1	0.0212766	0.392002	
RootPopulationSizeScaler7	1863	1971	1	0.0212766	0.292763	
LeafPopulationSizeScaler7	2311	1456	1	0.0212766	0.438897	
RootPopulationSizeScaler8	1961	1847	1	0.0212766	0.278861	
LeafPopulationSizeScaler8	2323	1475	1	0.0212766	0.515434	
RootPopulationSizeScaler9	2118	1716	1	0.0212766	0.277231	
LeafPopulationSizeScaler9	2628	1218	1	0.0212766	0.77403	
RootPopulationSizeScaler10	1991	1823	1	0.0212766	0.293394	
LeafPopulationSizeScaler10	2982	776	1	0.0212766	0.512943	
RootPopulationSizeScaler11	1972	1841	1	0.0212766	0.297468	
LeafPopulationSizeScaler11	2401	1379	1	0.0212766	0.655933	
RootPopulationSizeScaler12	1928	1838	1	0.0212766	0.308498	
LeafPopulationSizeScaler12	2392	1410	1	0.0212766	0.563895	
RootPopulationSizeScaler13	2030	1795	1	0.0212766	0.295876	
LeafPopulationSizeScaler13	2547	1290	1	0.0212766	0.62595	
generation 25000:
name	number_accepted	number_rejected	weight	weight_prob	tuning_parameter
DirichletProcessGibbsSampler	5253	0	10	0.212766	none	
TimeSizeRateMixer	10731	9375	5	0.106383	0.190414	
TimeRootSizeMixer	5810	6138	3	0.0638298	0.170913	
EventTimeScaler	40658	35067	1	0.0212766	0.438934	
RootPopulationSizeScaler0	2426	2349	1	0.0212766	0.318638	
LeafPopulationSizeScaler0	3242	1525	1	0.0212766	1.08503	
RootPopulationSizeScaler1	2641	2147	1	0.0212766	0.285213	
LeafPopulationSizeScaler1	2873	1882	1	0.0212766	0.530931	
RootPopulationSizeScaler2	2505	2289	1	0.0212766	0.264889	
LeafPopulationSizeScaler2	2623	2146	1	0.0212766	0.444701	
RootPopulationSizeScaler3	2386	2422	1	0.0212766	0.309724	
LeafPopulationSizeScaler3	2813	1934	1	0.0212766	0.398931	
RootPopulationSizeScaler4	2573	2213	1	0.0212766	0.253871	
LeafPopulationSizeScaler4	2752	2025	1	0.0212766	0.426288	
RootPopulationSizeScaler5	2658	2085	1	0.0212766	0.280873	
LeafPopulationSizeScaler5	3010	1771	1	0.0212766	0.482266	
RootPopulationSizeScaler6	2391	2375	1	0.0212766	0.295774	
LeafPopulationSizeScaler6	3094	1678	1	0.0212766	0.406811	
RootPopulationSizeScaler7	2322	2471	1	0.0212766	0.295048	
LeafPopulationSizeScaler7	2850	1872	1	0.0212766	0.452476	
RootPopulationSizeScaler8	2408	2354	1	0.0212766	0.280355	
LeafPopulationSizeScaler8	2853	1908	1	0.0212766	0.528705	
RootPopulationSizeScaler9	2612	2173	1	0.0212766	0.281986	
LeafPopulationSizeScaler9	3209	1591	1	0.0212766	0.804156	
RootPopulationSizeScaler10	2488	2304	1	0.0212766	0.297707	
LeafPopulationSizeScaler10	3697	1025	1	0.0212766	0.54761	
RootPopulationSizeScaler11	2442	2326	1	0.0212766	0.301222	
LeafPopulationSizeScaler11	2966	1787	1	0.0212766	0.677738	
RootPopulationSizeScaler12	2397	2326	1	0.0212766	0.310953	
LeafPopulationSizeScaler12	2975	1784	1	0.0212766	0.583911	
RootPopulationSizeScaler13	2493	2305	1	0.0212766	0.298243	
LeafPopulationSizeScaler13	3139	1653	1	0.0212766	0.65206	
generation 30000:
name	number_accepted	number_rejected	weight	weight_prob	tuning_parameter
DirichletProcessGibbsSampler	6296	0	10	0.212766	none	
TimeSizeRateMixer	12777	11269	5	0.106383	0.192843	
TimeRootSizeMixer	7053	7527	3	0.0638298	0.171968	
EventTimeScaler	48362	42644	1	0.0212766	0.444084	
RootPopulationSizeScaler0	2872	2877	1	0.0212766	0.319697	
LeafPopulationSizeScaler0	3880	1857	1	0.0212766	1.12776	
RootPopulationSizeScaler1	3142	2618	1	0.0212766	0.289004	
LeafPopulationSizeScaler1	3442	2305	1	0.0212766	0.543649	
RootPopulationSizeScaler2	2954	2812	1	0.0212766	0.266203	
LeafPopulationSizeScaler2	3119	2636	1	0.0212766	0.45049	
RootPopulationSizeScaler3	2843	2953	1	0.0212766	0.311126	
LeafPopulationSizeScaler3	3318	2400	1	0.0212766	0.405607	
RootPopulationSizeScaler4	3064	2695	1	0.0212766	0.257019	
LeafPopulationSizeScaler4	3273	2477	1	0.0212766	0.433405	
RootPopulationSizeScaler5	3167	2550	1	0.0212766	0.284685	
LeafPopulationSizeScaler5	3577	2186	1	0.0212766	0.494037	
RootPopulationSizeScaler6	2863	2880	1	0.0212766	0.29807	
LeafPopulationSizeScaler6	3652	2078	1	0.0212766	0.417644	
RootPopulationSizeScaler7	2777	2996	1	0.0212766	0.296055	
LeafPopulationSizeScaler7	3373	2331	1	0.0212766	0.461127	
RootPopulationSizeScaler8	2868	2863	1	0.0212766	0.282049	
LeafPopulationSizeScaler8	3370	2353	1	0.0212766	0.539039	
RootPopulationSizeScaler9	3092	2656	1	0.0212766	0.284877	
LeafPopulationSizeScaler9	3829	1943	1	0.0212766	0.83222	
RootPopulationSizeScaler10	2961	2811	1	0.0212766	0.299251	
LeafPopulationSizeScaler10	4396	1298	1	0.0212766	0.577684	
RootPopulationSizeScaler11	2914	2867	1	0.0212766	0.303606	
LeafPopulationSizeScaler11	3514	2209	1	0.0212766	0.693964	
RootPopulationSizeScaler12	2845	2847	1	0.0212766	0.313037	
LeafPopulationSizeScaler12	3542	2208	1	0.0212766	0.595761	
RootPopulationSizeScaler13	2923	2838	1	0.0212766	0.299183	
LeafPopulationSizeScaler13	3733	2039	1	0.0212766	0.671724	
generation 35000:
name	number_accepted	number_rejected	weight	weight_prob	tuning_parameter
DirichletProcessGibbsSampler	7389	0	10	0.212766	none	
TimeSizeRateMixer	14674	13326	5	0.106383	0.194049	
TimeRootSizeMixer	8098	8718	3	0.0638298	0.172567	
EventTimeScaler	56082	50137	1	0.0212766	0.448675	
RootPopulationSizeScaler0	3306	3365	1	0.0212766	0.32139	
LeafPopulationSizeScaler0	4443	2220	1	0.0212766	1.15862	
RootPopulationSizeScaler1	3592	3078	1	0.0212766	0.291376	
LeafPopulationSizeScaler1	3950	2742	1	0.0212766	0.552681	
RootPopulationSizeScaler2	3415	3282	1	0.0212766	0.267977	
LeafPopulationSizeScaler2	3583	3091	1	0.0212766	0.454646	
RootPopulationSizeScaler3	3284	3441	1	0.0212766	0.312713	
LeafPopulationSizeScaler3	3816	2825	1	0.0212766	0.411327	
RootPopulationSizeScaler4	3521	3185	1	0.0212766	0.258862	
LeafPopulationSizeScaler4	3739	2914	1	0.0212766	0.438187	
RootPopulationSizeScaler5	3650	3004	1	0.0212766	0.288017	
LeafPopulationSizeScaler5	4100	2586	1	0.0212766	0.503247	
RootPopulationSizeScaler6	3336	3350	1	0.0212766	0.299926	
LeafPopulationSizeScaler6	4157	2504	1	0.0212766	0.425126	
RootPopulationSizeScaler7	3212	3486	1	0.0212766	0.297469	
LeafPopulationSizeScaler7	3912	2729	1	0.0212766	0.46954	
RootPopulationSizeScaler8	3306	3368	1	0.0212766	0.282998	
LeafPopulationSizeScaler8	3856	2779	1	0.0212766	0.546661	
RootPopulationSizeScaler9	3560	3125	1	0.0212766	0.287266	
LeafPopulationSizeScaler9	4403	2299	1	0.0212766	0.855056	
RootPopulationSizeScaler10	3431	3271	1	0.0212766	0.301673	
LeafPopulationSizeScaler10	5061	1571	1	0.0212766	0.601664	
RootPopulationSizeScaler11	3359	3351	1	0.0212766	0.30586	
LeafPopulationSizeScaler11	4035	2623	1	0.0212766	0.706955	
RootPopulationSizeScaler12	3260	3362	1	0.0212766	0.313319	
LeafPopulationSizeScaler12	4063	2621	1	0.0212766	0.606243	
RootPopulationSizeScaler13	3342	3342	1	0.0212766	0.300387	
LeafPopulationSizeScaler13	4288	2419	1	0.0212766	0.688398	
generation 40000:
name	number_accepted	number_rejected	weight	weight_prob	tuning_parameter
DirichletProcessGibbsSampler	8500	0	10	0.212766	none	
TimeSizeRateMixer	16583	15279	5	0.106383	0.195341	
TimeRootSizeMixer	9067	9874	3	0.0638298	0.173067	
EventTimeScaler	63600	57699	1	0.0212766	0.452192	
RootPopulationSizeScaler0	3729	3841	1	0.0212766	0.322636	
LeafPopulationSizeScaler0	5018	2566	1	0.0212766	1.18576	
RootPopulationSizeScaler1	4035	3538	1	0.0212766	0.293533	
LeafPopulationSizeScaler1	4465	3129	1	0.0212766	0.561809	
RootPopulationSizeScaler2	3830	3793	1	0.0212766	0.268716	
LeafPopulationSizeScaler2	4054	3543	1	0.0212766	0.458742	
RootPopulationSizeScaler3	3709	3926	1	0.0212766	0.313665	
LeafPopulationSizeScaler3	4307	3241	1	0.0212766	0.416641	
RootPopulationSizeScaler4	3940	3673	1	0.0212766	0.259985	
LeafPopulationSizeScaler4	4238	3328	1	0.0212766	0.44391	
RootPopulationSizeScaler5	4118	3446	1	0.0212766	0.290641	
LeafPopulationSizeScaler5	4597	2984	1	0.0212766	0.510578	
RootPopulationSizeScaler6	3745	3858	1	0.0212766	0.300526	
LeafPopulationSizeScaler6	4664	2893	1	0.0212766	0.432118	
RootPopulationSizeScaler7	3637	3970	1	0.0212766	0.298796	
LeafPopulationSizeScaler7	4403	3145	1	0.0212766	0.474987	
RootPopulationSizeScaler8	3734	3855	1	0.0212766	0.284387	
LeafPopulationSizeScaler8	4355	3183	1	0.0212766	0.554552	
RootPopulationSizeScaler9	4014	3580	1	0.0212766	0.289345	
LeafPopulationSizeScaler9	4928	2683	1	0.0212766	0.870473	
RootPopulationSizeScaler10	3872	3749	1	0.0212766	0.303199	
LeafPopulationSizeScaler10	5687	1859	1	0.0212766	0.621782	
RootPopulationSizeScaler11	3802	3833	1	0.0212766	0.307956	
LeafPopulationSizeScaler11	4518	3054	1	0.0212766	0.715298	
RootPopulationSizeScaler12	3696	3853	1	0.0212766	0.31442	
LeafPopulationSizeScaler12	4568	3020	1	0.0212766	0.615246	
RootPopulationSizeScaler13	3791	3809	1	0.0212766	0.302485	
LeafPopulationSizeScaler13	4801	2826	1	0.0212766	0.698607	
generation 45000:
name	number_accepted	number_rejected	weight	weight_prob	tuning_parameter
DirichletProcessGibbsSampler	9540	0	10	0.212766	none	
TimeSizeRateMixer	18742	17410	5	0.106383	0.196917	
TimeRootSizeMixer	10316	11326	3	0.0638298	0.173893	
EventTimeScaler	71740	65537	1	0.0212766	0.455962	
RootPopulationSizeScaler0	4222	4348	1	0.0212766	0.323941	
LeafPopulationSizeScaler0	5606	2985	1	0.0212766	1.20707	
RootPopulationSizeScaler1	4541	4035	1	0.0212766	0.29557	
LeafPopulationSizeScaler1	5004	3611	1	0.0212766	0.568333	
RootPopulationSizeScaler2	4306	4309	1	0.0212766	0.270202	
LeafPopulationSizeScaler2	4570	4041	1	0.0212766	0.462714	
RootPopulationSizeScaler3	4211	4443	1	0.0212766	0.315099	
LeafPopulationSizeScaler3	4856	3709	1	0.0212766	0.421248	
RootPopulationSizeScaler4	4428	4198	1	0.0212766	0.261613	
LeafPopulationSizeScaler4	4761	3805	1	0.0212766	0.448868	
RootPopulationSizeScaler5	4610	3952	1	0.0212766	0.29242	
LeafPopulationSizeScaler5	5143	3447	1	0.0212766	0.516923	
RootPopulationSizeScaler6	4212	4395	1	0.0212766	0.301291	
LeafPopulationSizeScaler6	5270	3297	1	0.0212766	0.440713	
RootPopulationSizeScaler7	4085	4528	1	0.0212766	0.299545	
LeafPopulationSizeScaler7	4933	3621	1	0.0212766	0.480331	
RootPopulationSizeScaler8	4210	4380	1	0.0212766	0.285728	
LeafPopulationSizeScaler8	4880	3647	1	0.0212766	0.561474	
RootPopulationSizeScaler9	4520	4074	1	0.0212766	0.291626	
LeafPopulationSizeScaler9	5523	3102	1	0.0212766	0.883866	
RootPopulationSizeScaler10	4377	4259	1	0.0212766	0.305093	
LeafPopulationSizeScaler10	6360	2184	1	0.0212766	0.640134	
RootPopulationSizeScaler11	4267	4350	1	0.0212766	0.309258	
LeafPopulationSizeScaler11	5097	3486	1	0.0212766	0.727467	
RootPopulationSizeScaler12	4186	4380	1	0.0212766	0.316118	
LeafPopulationSizeScaler12	5131	3471	1	0.0212766	0.624845	
RootPopulationSizeScaler13	4259	4340	1	0.0212766	0.303435	
LeafPopulationSizeScaler13	5359	3270	1	0.0212766	0.709653	
generation 50000:
name	number_accepted	number_rejected	weight	weight_prob	tuning_parameter
DirichletProcessGibbsSampler	10594	0	10	0.212766	none	
TimeSizeRateMixer	20692	19407	5	0.106383	0.197972	
TimeRootSizeMixer	11480	12652	3	0.0638298	0.174583	
EventTimeScaler	79059	73164	1	0.0212766	0.458416	
RootPopulationSizeScaler0	4671	4869	1	0.0212766	0.324645	
LeafPopulationSizeScaler0	6173	3391	1	0.0212766	1.22604	
RootPopulationSizeScaler1	5053	4500	1	0.0212766	0.29789	
LeafPopulationSizeScaler1	5539	4059	1	0.0212766	0.574432	
RootPopulationSizeScaler2	4761	4812	1	0.0212766	0.271451	
LeafPopulationSizeScaler2	5038	4540	1	0.0212766	0.464468	
RootPopulationSizeScaler3	4667	4948	1	0.0212766	0.316675	
LeafPopulationSizeScaler3	5345	4188	1	0.0212766	0.424472	
RootPopulationSizeScaler4	4909	4697	1	0.0212766	0.263021	
LeafPopulationSizeScaler4	5271	4270	1	0.0212766	0.452829	
RootPopulationSizeScaler5	5084	4467	1	0.0212766	0.294357	
LeafPopulationSizeScaler5	5684	3893	1	0.0212766	0.523315	
RootPopulationSizeScaler6	4649	4941	1	0.0212766	0.301422	
LeafPopulationSizeScaler6	5840	3695	1	0.0212766	0.447678	
RootPopulationSizeScaler7	4504	5070	1	0.0212766	0.300139	
LeafPopulationSizeScaler7	5450	4048	1	0.0212766	0.485613	
RootPopulationSizeScaler8	4687	4876	1	0.0212766	0.286957	
LeafPopulationSizeScaler8	5364	4131	1	0.0212766	0.56601	
RootPopulationSizeScaler9	5016	4546	1	0.0212766	0.293931	
LeafPopulationSizeScaler9	6061	3531	1	0.0212766	0.894947	
RootPopulationSizeScaler10	4880	4721	1	0.0212766	0.307348	
LeafPopulationSizeScaler10	7014	2500	1	0.0212766	0.656002	
RootPopulationSizeScaler11	4716	4855	1	0.0212766	0.310189	
LeafPopulationSizeScaler11	5647	3903	1	0.0212766	0.734926	
RootPopulationSizeScaler12	4647	4879	1	0.0212766	0.317225	
LeafPopulationSizeScaler12	5658	3925	1	0.0212766	0.63177	
RootPopulationSizeScaler13	4702	4856	1	0.0212766	0.304453	
LeafPopulationSizeScaler13	5894	3693	1	0.0212766	0.718885	
generation 55000:
name	number_accepted	number_rejected	weight	weight_prob	tuning_parameter
DirichletProcessGibbsSampler	11638	0	10	0.212766	none	
TimeSizeRateMixer	22615	21532	5	0.106383	0.198808	
TimeRootSizeMixer	12532	13774	3	0.0638298	0.175158	
EventTimeScaler	86314	80794	1	0.0212766	0.460396	
RootPopulationSizeScaler0	5116	5362	1	0.0212766	0.325728	
LeafPopulationSizeScaler0	6745	3760	1	0.0212766	1.2446	
RootPopulationSizeScaler1	5527	4988	1	0.0212766	0.299245	
LeafPopulationSizeScaler1	6063	4475	1	0.0212766	0.579967	
RootPopulationSizeScaler2	5178	5345	1	0.0212766	0.271669	
LeafPopulationSizeScaler2	5536	4978	1	0.0212766	0.467738	
RootPopulationSizeScaler3	5130	5429	1	0.0212766	0.317951	
LeafPopulationSizeScaler3	5847	4653	1	0.0212766	0.42776	
RootPopulationSizeScaler4	5358	5178	1	0.0212766	0.263959	
LeafPopulationSizeScaler4	5771	4734	1	0.0212766	0.456463	
RootPopulationSizeScaler5	5557	4936	1	0.0212766	0.29632	
LeafPopulationSizeScaler5	6194	4323	1	0.0212766	0.527739	
RootPopulationSizeScaler6	5081	5447	1	0.0212766	0.301951	
LeafPopulationSizeScaler6	6346	4132	1	0.0212766	0.452202	
RootPopulationSizeScaler7	4955	5554	1	0.0212766	0.301324	
LeafPopulationSizeScaler7	5972	4487	1	0.0212766	0.489627	
RootPopulationSizeScaler8	5135	5364	1	0.0212766	0.287766	
LeafPopulationSizeScaler8	5859	4591	1	0.0212766	0.569963	
RootPopulationSizeScaler9	5474	5033	1	0.0212766	0.295418	
LeafPopulationSizeScaler9	6608	3949	1	0.0212766	0.905904	
RootPopulationSizeScaler10	5307	5257	1	0.0212766	0.307707	
LeafPopulationSizeScaler10	7638	2815	1	0.0212766	0.670493	
RootPopulationSizeScaler11	5178	5345	1	0.0212766	0.311442	
LeafPopulationSizeScaler11	6146	4338	1	0.0212766	0.742155	
RootPopulationSizeScaler12	5095	5381	1	0.0212766	0.318345	
LeafPopulationSizeScaler12	6157	4362	1	0.0212766	0.637288	
RootPopulationSizeScaler13	5148	5355	1	0.0212766	0.305443	
LeafPopulationSizeScaler13	6443	4089	1	0.0212766	0.728692	
generation 60000:
name	number_accepted	number_rejected	weight	weight_prob	tuning_parameter
DirichletProcessGibbsSampler	12697	0	10	0.212766	none	
TimeSizeRateMixer	24597	23573	5	0.106383	0.199776	
TimeRootSizeMixer	13691	15122	3	0.0638298	0.175531	
EventTimeScaler	94029	88582	1	0.0212766	0.462877	
RootPopulationSizeScaler0	5565	5864	1	0.0212766	0.326761	
LeafPopulationSizeScaler0	7301	4142	1	0.0212766	1.26023	
RootPopulationSizeScaler1	6019	5469	1	0.0212766	0.300948	
LeafPopulationSizeScaler1	6598	4900	1	0.0212766	0.584863	
RootPopulationSizeScaler2	5642	5841	1	0.0212766	0.272768	
LeafPopulationSizeScaler2	6035	5443	1	0.0212766	0.470599	
RootPopulationSizeScaler3	5551	5965	1	0.0212766	0.318115	
LeafPopulationSizeScaler3	6355	5135	1	0.0212766	0.431104	
RootPopulationSizeScaler4	5833	5648	1	0.0212766	0.265318	
LeafPopulationSizeScaler4	6261	5224	1	0.0212766	0.458914	
RootPopulationSizeScaler5	6051	5398	1	0.0212766	0.298143	
LeafPopulationSizeScaler5	6693	4757	1	0.0212766	0.53159	
RootPopulationSizeScaler6	5522	5966	1	0.0212766	0.301999	
LeafPopulationSizeScaler6	6885	4556	1	0.0212766	0.457367	
RootPopulationSizeScaler7	5390	6092	1	0.0212766	0.301668	
LeafPopulationSizeScaler7	6456	4970	1	0.0212766	0.492338	
RootPopulationSizeScaler8	5595	5860	1	0.0212766	0.288643	
LeafPopulationSizeScaler8	6382	5021	1	0.0212766	0.574619	
RootPopulationSizeScaler9	5933	5535	1	0.0212766	0.296795	
LeafPopulationSizeScaler9	7162	4359	1	0.0212766	0.915404	
RootPopulationSizeScaler10	5786	5748	1	0.0212766	0.309012	
LeafPopulationSizeScaler10	8255	3157	1	0.0212766	0.682863	
RootPopulationSizeScaler11	5649	5831	1	0.0212766	0.313175	
LeafPopulationSizeScaler11	6652	4803	1	0.0212766	0.747326	
RootPopulationSizeScaler12	5545	5901	1	0.0212766	0.319361	
LeafPopulationSizeScaler12	6679	4793	1	0.0212766	0.642953	
RootPopulationSizeScaler13	5558	5880	1	0.0212766	0.306001	
LeafPopulationSizeScaler13	6974	4533	1	0.0212766	0.735566	
generation 65000:
name	number_accepted	number_rejected	weight	weight_prob	tuning_parameter
DirichletProcessGibbsSampler	13765	0	10	0.212766	none	
TimeSizeRateMixer	26562	25683	5	0.106383	0.200486	
TimeRootSizeMixer	14796	16344	3	0.0638298	0.175973	
EventTimeScaler	101676	96256	1	0.0212766	0.465015	
RootPopulationSizeScaler0	5977	6383	1	0.0212766	0.327011	
LeafPopulationSizeScaler0	7886	4515	1	0.0212766	1.27626	
RootPopulationSizeScaler1	6517	5919	1	0.0212766	0.302723	
LeafPopulationSizeScaler1	7105	5329	1	0.0212766	0.588678	
RootPopulationSizeScaler2	6109	6340	1	0.0212766	0.273907	
LeafPopulationSizeScaler2	6503	5928	1	0.0212766	0.47258	
RootPopulationSizeScaler3	6009	6469	1	0.0212766	0.3191	
LeafPopulationSizeScaler3	6846	5591	1	0.0212766	0.43384	
RootPopulationSizeScaler4	6326	6108	1	0.0212766	0.266674	
LeafPopulationSizeScaler4	6740	5683	1	0.0212766	0.461839	
RootPopulationSizeScaler5	6522	5875	1	0.0212766	0.299298	
LeafPopulationSizeScaler5	7198	5206	1	0.0212766	0.535029	
RootPopulationSizeScaler6	5968	6472	1	0.0212766	0.302433	
LeafPopulationSizeScaler6	7425	4965	1	0.0212766	0.46185	
RootPopulationSizeScaler7	5850	6586	1	0.0212766	0.302724	
LeafPopulationSizeScaler7	6927	5428	1	0.0212766	0.495012	
RootPopulationSizeScaler8	6037	6351	1	0.0212766	0.289179	
LeafPopulationSizeScaler8	6863	5483	1	0.0212766	0.57772	
RootPopulationSizeScaler9	6426	5999	1	0.0212766	0.298497	
LeafPopulationSizeScaler9	7680	4773	1	0.0212766	0.924084	
RootPopulationSizeScaler10	6233	6237	1	0.0212766	0.309815	
LeafPopulationSizeScaler10	8860	3490	1	0.0212766	0.693995	
RootPopulationSizeScaler11	6129	6297	1	0.0212766	0.314266	
LeafPopulationSizeScaler11	7140	5265	1	0.0212766	0.752056	
RootPopulationSizeScaler12	6002	6395	1	0.0212766	0.320392	
LeafPopulationSizeScaler12	7155	5279	1	0.0212766	0.645671	
RootPopulationSizeScaler13	6017	6355	1	0.0212766	0.307162	
LeafPopulationSizeScaler13	7496	4957	1	0.0212766	0.741957	
generation 70000:
name	number_accepted	number_rejected	weight	weight_prob	tuning_parameter
DirichletProcessGibbsSampler	14842	0	10	0.212766	none	
TimeSizeRateMixer	28568	27738	5	0.106383	0.201337	
TimeRootSizeMixer	15937	17600	3	0.0638298	0.176437	
EventTimeScaler	109454	104028	1	0.0212766	0.467123	
RootPopulationSizeScaler0	6414	6908	1	0.0212766	0.327321	
LeafPopulationSizeScaler0	8425	4891	1	0.0212766	1.28894	
RootPopulationSizeScaler1	7007	6360	1	0.0212766	0.304302	
LeafPopulationSizeScaler1	7614	5774	1	0.0212766	0.592285	
RootPopulationSizeScaler2	6557	6833	1	0.0212766	0.274524	
LeafPopulationSizeScaler2	6999	6384	1	0.0212766	0.475006	
RootPopulationSizeScaler3	6442	6971	1	0.0212766	0.319605	
LeafPopulationSizeScaler3	7325	6044	1	0.0212766	0.436381	
RootPopulationSizeScaler4	6777	6591	1	0.0212766	0.267477	
LeafPopulationSizeScaler4	7228	6142	1	0.0212766	0.464416	
RootPopulationSizeScaler5	6971	6360	1	0.0212766	0.300455	
LeafPopulationSizeScaler5	7681	5669	1	0.0212766	0.537734	
RootPopulationSizeScaler6	6401	6981	1	0.0212766	0.302768	
LeafPopulationSizeScaler6	7941	5393	1	0.0212766	0.465755	
RootPopulationSizeScaler7	6296	7078	1	0.0212766	0.303314	
LeafPopulationSizeScaler7	7427	5879	1	0.0212766	0.497874	
RootPopulationSizeScaler8	6496	6854	1	0.0212766	0.28997	
LeafPopulationSizeScaler8	7348	5941	1	0.0212766	0.580908	
RootPopulationSizeScaler9	6908	6473	1	0.0212766	0.299758	
LeafPopulationSizeScaler9	8214	5186	1	0.0212766	0.932544	
RootPopulationSizeScaler10	6704	6716	1	0.0212766	0.311107	
LeafPopulationSizeScaler10	9457	3839	1	0.0212766	0.704895	
RootPopulationSizeScaler11	6590	6776	1	0.0212766	0.315228	
LeafPopulationSizeScaler11	7639	5699	1	0.0212766	0.757417	
RootPopulationSizeScaler12	6431	6918	1	0.0212766	0.321054	
LeafPopulationSizeScaler12	7674	5689	1	0.0212766	0.650144	
RootPopulationSizeScaler13	6470	6831	1	0.0212766	0.308159	
LeafPopulationSizeScaler13	8046	5357	1	0.0212766	0.748749	
generation 75000:
name	number_accepted	number_rejected	weight	weight_prob	tuning_parameter
DirichletProcessGibbsSampler	15883	0	10	0.212766	none	
TimeSizeRateMixer	30528	29809	5	0.106383	0.201908	
TimeRootSizeMixer	17248	19036	3	0.0638298	0.177005	
EventTimeScaler	117105	111984	1	0.0212766	0.468782	
RootPopulationSizeScaler0	6865	7437	1	0.0212766	0.327522	
LeafPopulationSizeScaler0	8995	5316	1	0.0212766	1.3014	
RootPopulationSizeScaler1	7489	6874	1	0.0212766	0.305414	
LeafPopulationSizeScaler1	8144	6247	1	0.0212766	0.59544	
RootPopulationSizeScaler2	7029	7358	1	0.0212766	0.275167	
LeafPopulationSizeScaler2	7486	6874	1	0.0212766	0.476723	
RootPopulationSizeScaler3	6893	7522	1	0.0212766	0.319986	
LeafPopulationSizeScaler3	7844	6526	1	0.0212766	0.43867	
RootPopulationSizeScaler4	7271	7077	1	0.0212766	0.26856	
LeafPopulationSizeScaler4	7742	6650	1	0.0212766	0.466683	
RootPopulationSizeScaler5	7497	6836	1	0.0212766	0.301932	
LeafPopulationSizeScaler5	8205	6131	1	0.0212766	0.541372	
RootPopulationSizeScaler6	6856	7531	1	0.0212766	0.303236	
LeafPopulationSizeScaler6	8479	5850	1	0.0212766	0.469383	
RootPopulationSizeScaler7	6761	7598	1	0.0212766	0.303887	
LeafPopulationSizeScaler7	7950	6342	1	0.0212766	0.50109	
RootPopulationSizeScaler8	6955	7375	1	0.0212766	0.290601	
LeafPopulationSizeScaler8	7874	6404	1	0.0212766	0.584471	
RootPopulationSizeScaler9	7400	6974	1	0.0212766	0.300848	
LeafPopulationSizeScaler9	8776	5636	1	0.0212766	0.940136	
RootPopulationSizeScaler10	7190	7246	1	0.0212766	0.311873	
LeafPopulationSizeScaler10	10081	4199	1	0.0212766	0.715323	
RootPopulationSizeScaler11	7053	7298	1	0.0212766	0.315927	
LeafPopulationSizeScaler11	8197	6148	1	0.0212766	0.763761	
RootPopulationSizeScaler12	6889	7451	1	0.0212766	0.321445	
LeafPopulationSizeScaler12	8211	6162	1	0.0212766	0.654179	
RootPopulationSizeScaler13	6927	7376	1	0.0212766	0.30862	
LeafPopulationSizeScaler13	8608	5790	1	0.0212766	0.755227	
