======================================================================
                              Ecoevolity
                  Estimating evolutionary coevality
       Version 1.1.1 (HEAD 8565100: 2026-01-07T23:13:25-06:00)
======================================================================

Seed: 235431297
Using data in order to sample from the posterior distribution...
Config path: config.yml
Parsing config file...

----------------------------------------------------------------------
---
event_model_prior:
    dirichlet_process:
        parameters:
            concentration:
                value: 7.5
                estimate: false
event_time_prior:
    exponential_distribution:
        rate: 100
mcmc_settings:
    chain_length: 75000
    sample_frequency: 50
comparisons:
- comparison:
    path: ../alignments/Calotes_goetzi_12S_ChaoPhraya.nex
    ploidy: 2
    genotypes_are_diploid: true
    markers_are_dominant: false
    population_name_delimiter: ' '
    population_name_is_prefix: false
    constant_sites_removed: false
    equal_population_sizes: false
    parameters:
        population_size:
            estimate: true
            prior:
                gamma_distribution:
                    shape: 4
                    scale: 0.001
        root_relative_population_size:
            estimate: true
            prior:
                gamma_distribution:
                    shape: 100
                    scale: 0.01
                    offset: 0
        mutation_rate:
            value: 1
            estimate: false
        freq_1:
            value: 0.5
            estimate: false
    operators:
        TimeSizeRateMixer:
            weight: 0
            scale: 0.1
        TimeSizeRateScaler:
            weight: 0
            scale: 0.1
        EventTimeScaler:
            weight: 0
            scale: 0.1
        RootPopulationSizeScaler:
            weight: 1
            scale: 0.05
        LeafPopulationSizeScaler:
            weight: 1
            scale: 0.05
        MutationRateScaler:
            weight: 0
            scale: 0.3
        FreqMover:
            weight: 0
            window: 0.1
        TimeRootSizeMixer:
            weight: 0
            scale: 0.05
- comparison:
    path: ../alignments/Calotes_spp_COI_ChaoPhraya.nex
    ploidy: 2
    genotypes_are_diploid: true
    markers_are_dominant: false
    population_name_delimiter: ' '
    population_name_is_prefix: false
    constant_sites_removed: false
    equal_population_sizes: false
    parameters:
        population_size:
            estimate: true
            prior:
                gamma_distribution:
                    shape: 4
                    scale: 0.001
        root_relative_population_size:
            estimate: true
            prior:
                gamma_distribution:
                    shape: 100
                    scale: 0.01
                    offset: 0
        mutation_rate:
            value: 1
            estimate: false
        freq_1:
            value: 0.5
            estimate: false
    operators:
        TimeSizeRateMixer:
            weight: 0
            scale: 0.1
        TimeSizeRateScaler:
            weight: 0
            scale: 0.1
        EventTimeScaler:
            weight: 0
            scale: 0.1
        RootPopulationSizeScaler:
            weight: 1
            scale: 0.05
        LeafPopulationSizeScaler:
            weight: 1
            scale: 0.05
        MutationRateScaler:
            weight: 0
            scale: 0.3
        FreqMover:
            weight: 0
            window: 0.1
        TimeRootSizeMixer:
            weight: 0
            scale: 0.05
- comparison:
    path: ../alignments/Cyrtodactylus_spp_ND2_ChaoPhraya.nex
    ploidy: 2
    genotypes_are_diploid: true
    markers_are_dominant: false
    population_name_delimiter: ' '
    population_name_is_prefix: false
    constant_sites_removed: false
    equal_population_sizes: false
    parameters:
        population_size:
            estimate: true
            prior:
                gamma_distribution:
                    shape: 4
                    scale: 0.001
        root_relative_population_size:
            estimate: true
            prior:
                gamma_distribution:
                    shape: 100
                    scale: 0.01
                    offset: 0
        mutation_rate:
            value: 1
            estimate: false
        freq_1:
            value: 0.5
            estimate: false
    operators:
        TimeSizeRateMixer:
            weight: 0
            scale: 0.1
        TimeSizeRateScaler:
            weight: 0
            scale: 0.1
        EventTimeScaler:
            weight: 0
            scale: 0.1
        RootPopulationSizeScaler:
            weight: 1
            scale: 0.05
        LeafPopulationSizeScaler:
            weight: 1
            scale: 0.05
        MutationRateScaler:
            weight: 0
            scale: 0.3
        FreqMover:
            weight: 0
            window: 0.1
        TimeRootSizeMixer:
            weight: 0
            scale: 0.05
- comparison:
    path: ../alignments/Leiolepis_belliana_ND2_ChaoPhraya.nex
    ploidy: 2
    genotypes_are_diploid: true
    markers_are_dominant: false
    population_name_delimiter: ' '
    population_name_is_prefix: false
    constant_sites_removed: false
    equal_population_sizes: false
    parameters:
        population_size:
            estimate: true
            prior:
                gamma_distribution:
                    shape: 4
                    scale: 0.001
        root_relative_population_size:
            estimate: true
            prior:
                gamma_distribution:
                    shape: 100
                    scale: 0.01
                    offset: 0
        mutation_rate:
            value: 1
            estimate: false
        freq_1:
            value: 0.5
            estimate: false
    operators:
        TimeSizeRateMixer:
            weight: 0
            scale: 0.1
        TimeSizeRateScaler:
            weight: 0
            scale: 0.1
        EventTimeScaler:
            weight: 0
            scale: 0.1
        RootPopulationSizeScaler:
            weight: 1
            scale: 0.05
        LeafPopulationSizeScaler:
            weight: 1
            scale: 0.05
        MutationRateScaler:
            weight: 0
            scale: 0.3
        FreqMover:
            weight: 0
            window: 0.1
        TimeRootSizeMixer:
            weight: 0
            scale: 0.05
- comparison:
    path: ../alignments/Lycodon_neomaculatus_CYTB_ChaoPhraya.nex
    ploidy: 2
    genotypes_are_diploid: true
    markers_are_dominant: false
    population_name_delimiter: ' '
    population_name_is_prefix: false
    constant_sites_removed: false
    equal_population_sizes: false
    parameters:
        population_size:
            estimate: true
            prior:
                gamma_distribution:
                    shape: 4
                    scale: 0.001
        root_relative_population_size:
            estimate: true
            prior:
                gamma_distribution:
                    shape: 100
                    scale: 0.01
                    offset: 0
        mutation_rate:
            value: 1
            estimate: false
        freq_1:
            value: 0.5
            estimate: false
    operators:
        TimeSizeRateMixer:
            weight: 0
            scale: 0.1
        TimeSizeRateScaler:
            weight: 0
            scale: 0.1
        EventTimeScaler:
            weight: 0
            scale: 0.1
        RootPopulationSizeScaler:
            weight: 1
            scale: 0.05
        LeafPopulationSizeScaler:
            weight: 1
            scale: 0.05
        MutationRateScaler:
            weight: 0
            scale: 0.3
        FreqMover:
            weight: 0
            window: 0.1
        TimeRootSizeMixer:
            weight: 0
            scale: 0.05
- comparison:
    path: ../alignments/Draco_maculatus_ND2_Ping.nex
    ploidy: 2
    genotypes_are_diploid: true
    markers_are_dominant: false
    population_name_delimiter: ' '
    population_name_is_prefix: false
    constant_sites_removed: false
    equal_population_sizes: false
    parameters:
        population_size:
            estimate: true
            prior:
                gamma_distribution:
                    shape: 4
                    scale: 0.001
        root_relative_population_size:
            estimate: true
            prior:
                gamma_distribution:
                    shape: 100
                    scale: 0.01
                    offset: 0
        mutation_rate:
            value: 1
            estimate: false
        freq_1:
            value: 0.5
            estimate: false
    operators:
        TimeSizeRateMixer:
            weight: 0
            scale: 0.1
        TimeSizeRateScaler:
            weight: 0
            scale: 0.1
        EventTimeScaler:
            weight: 0
            scale: 0.1
        RootPopulationSizeScaler:
            weight: 1
            scale: 0.05
        LeafPopulationSizeScaler:
            weight: 1
            scale: 0.05
        MutationRateScaler:
            weight: 0
            scale: 0.3
        FreqMover:
            weight: 0
            window: 0.1
        TimeRootSizeMixer:
            weight: 0
            scale: 0.05
operator_settings:
    auto_optimize: true
    auto_optimize_delay: 1000
    operators:
        ModelOperator:
            weight: 10
            number_of_auxiliary_categories: 4
        ConcentrationScaler:
            weight: 0
            scale: 0.1
        TimeSizeRateMixer:
            weight: 5
            scale: 0.02
        TimeSizeRateScaler:
            weight: 0
            scale: 0.02
        EventTimeScaler:
            weight: 1
            scale: 0.02
        TimeRootSizeMixer:
            weight: 3
            scale: 0.05
----------------------------------------------------------------------

Configuring model...
storing implied block: TAXA
storing read block: DATA
storing implied block: TAXA
storing read block: DATA

#######################################################################
##############################  WARNING  ##############################
1 sites had more than two nucleotide states from the alignment in:
    '../alignments/Calotes_spp_COI_ChaoPhraya.nex'.
These sites have been recoded as biallelic, by treating the first
nucleotide as 0 and all others as 1. If you would prefer to ignore
these sites, please remove all sites with more than two nucleotide
states from your DNA alignments and re-run the analysis.
#######################################################################

storing implied block: TAXA
storing read block: DATA

#######################################################################
##############################  WARNING  ##############################
27 sites had more than two nucleotide states from the alignment in:
    '../alignments/Cyrtodactylus_spp_ND2_ChaoPhraya.nex'.
These sites have been recoded as biallelic, by treating the first
nucleotide as 0 and all others as 1. If you would prefer to ignore
these sites, please remove all sites with more than two nucleotide
states from your DNA alignments and re-run the analysis.
#######################################################################


#######################################################################
##############################  WARNING  ##############################
1 sites will be ignored from the alignment in:
    '../alignments/Cyrtodactylus_spp_ND2_ChaoPhraya.nex'
due no data across all populations.
#######################################################################

storing implied block: TAXA
storing read block: DATA

#######################################################################
##############################  WARNING  ##############################
37 sites had more than two nucleotide states from the alignment in:
    '../alignments/Leiolepis_belliana_ND2_ChaoPhraya.nex'.
These sites have been recoded as biallelic, by treating the first
nucleotide as 0 and all others as 1. If you would prefer to ignore
these sites, please remove all sites with more than two nucleotide
states from your DNA alignments and re-run the analysis.
#######################################################################

storing implied block: TAXA
storing read block: DATA
storing implied block: TAXA
storing read block: DATA

#######################################################################
##############################  WARNING  ##############################
26 sites had more than two nucleotide states from the alignment in:
    '../alignments/Draco_maculatus_ND2_Ping.nex'.
These sites have been recoded as biallelic, by treating the first
nucleotide as 0 and all others as 1. If you would prefer to ignore
these sites, please remove all sites with more than two nucleotide
states from your DNA alignments and re-run the analysis.
#######################################################################


----------------------------------------------------------------------
Summary of data from 6 comparisons:
    Summary of data from '../alignments/Calotes_goetzi_12S_ChaoPhraya.nex':
        Genotypes: diploid
        Markers are dominant? false
        Number of populations: 2
        Number of sites: 364
        Number of variable sites: 5
        Number of patterns: 5
        Patterns folded? true
        Population label (max # of alleles sampled):
            E1 (8)
            W1 (10)
    Summary of data from '../alignments/Calotes_spp_COI_ChaoPhraya.nex':
        Genotypes: diploid
        Markers are dominant? false
        Number of populations: 2
        Number of sites: 613
        Number of variable sites: 39
        Number of patterns: 7
        Patterns folded? true
        Population label (max # of alleles sampled):
            W2 (4)
            E2 (6)
    Summary of data from '../alignments/Cyrtodactylus_spp_ND2_ChaoPhraya.nex':
        Genotypes: diploid
        Markers are dominant? false
        Number of populations: 2
        Number of sites: 1412
        Number of variable sites: 277
        Number of patterns: 76
        Patterns folded? true
        Population label (max # of alleles sampled):
            W3 (22)
            E3 (10)
    Summary of data from '../alignments/Leiolepis_belliana_ND2_ChaoPhraya.nex':
        Genotypes: diploid
        Markers are dominant? false
        Number of populations: 2
        Number of sites: 1789
        Number of variable sites: 614
        Number of patterns: 36
        Patterns folded? true
        Population label (max # of alleles sampled):
            W6 (18)
            E6 (12)
    Summary of data from '../alignments/Lycodon_neomaculatus_CYTB_ChaoPhraya.nex':
        Genotypes: diploid
        Markers are dominant? false
        Number of populations: 2
        Number of sites: 729
        Number of variable sites: 4
        Number of patterns: 8
        Patterns folded? true
        Population label (max # of alleles sampled):
            W8 (8)
            E8 (4)
    Summary of data from '../alignments/Draco_maculatus_ND2_Ping.nex':
        Genotypes: diploid
        Markers are dominant? false
        Number of populations: 2
        Number of sites: 1032
        Number of variable sites: 214
        Number of patterns: 37
        Patterns folded? true
        Population label (max # of alleles sampled):
            E (34)
            W (10)
----------------------------------------------------------------------

Number of threads: 1
Firing up MCMC...
State log path: config-state-run-1.log
Operator log path: config-operator-run-1.log
generation	ln_likelihood	ln_prior	number_of_events	concentration
0	-19494.5	82.7806	6	7.5
500	-17852.5	42.465	5	7.5
1000	-17548	-18.1926	5	7.5
1500	-17556.7	-8.46041	5	7.5
2000	-17555.1	-6.30326	5	7.5
2500	-17548.2	-17.7596	5	7.5
3000	-17543.9	-18.7281	5	7.5
3500	-17553	-10.0917	6	7.5
4000	-17557.2	-6.64338	6	7.5
4500	-17546.7	-21.5634	5	7.5
5000	-17555.8	-17.0175	4	7.5
5500	-17556	-7.3628	5	7.5
6000	-17555.9	-7.93669	5	7.5
6500	-17554.7	-10.4969	5	7.5
7000	-17544.2	-25.7395	5	7.5
7500	-17548.1	-20.1034	5	7.5
8000	-17543.8	-18.1481	5	7.5
8500	-17559.1	-3.92022	6	7.5
9000	-17560.8	1.81751	6	7.5
9500	-17561.2	-8.37273	5	7.5
10000	-17542.6	-21.6854	6	7.5
10500	-17550.1	-17.3606	5	7.5
11000	-17567.3	-6.03845	6	7.5
11500	-17550.5	-16.3038	5	7.5
12000	-17548.4	-10.5844	6	7.5
12500	-17546.6	-20.743	5	7.5
13000	-17542.5	-20.0705	6	7.5
13500	-17551.3	-7.78107	6	7.5
14000	-17561.8	-4.73884	5	7.5
14500	-17548	-12.9496	6	7.5
15000	-17557.5	-8.04463	5	7.5
15500	-17559.5	-12.5387	4	7.5
16000	-17553.5	-18.0262	5	7.5
16500	-17553.1	-10.353	6	7.5
17000	-17555	-14.9395	4	7.5
17500	-17552.6	-21.3321	4	7.5
18000	-17549.9	-20.5889	4	7.5
18500	-17550.4	-20.0191	5	7.5
19000	-17551.5	-13.1836	5	7.5
19500	-17555.5	-15.7483	4	7.5
20000	-17551.3	-9.76669	6	7.5
20500	-17556.1	-10.0346	6	7.5
21000	-17558.3	-10.6437	5	7.5
21500	-17547.1	-16.3963	5	7.5
22000	-17563.2	-3.18894	5	7.5
22500	-17560	-6.49191	5	7.5
23000	-17541.8	-23.4275	5	7.5
23500	-17538.6	-28.6514	6	7.5
24000	-17555.2	-6.41032	6	7.5
24500	-17556.1	0.581382	6	7.5
25000	-17543.1	-30.0122	5	7.5
25500	-17557.8	-5.03704	6	7.5
26000	-17553.4	-18.0446	5	7.5
26500	-17554.2	-5.67531	6	7.5
27000	-17565.1	-4.46795	5	7.5
27500	-17545.9	-18.1357	5	7.5
28000	-17546.4	-8.85667	6	7.5
28500	-17556.7	-7.56001	5	7.5
29000	-17545.6	-8.65783	6	7.5
29500	-17557.1	-7.67553	5	7.5
30000	-17556	-7.56039	5	7.5
30500	-17552.7	-8.59853	5	7.5
31000	-17559.4	-2.29852	6	7.5
31500	-17563.1	-9.47346	5	7.5
32000	-17554.3	-10.3194	6	7.5
32500	-17561	-7.69573	5	7.5
33000	-17538	-26.3814	6	7.5
33500	-17548.7	-19.2982	5	7.5
34000	-17558	-5.66142	6	7.5
34500	-17558.4	-4.75163	5	7.5
35000	-17558.9	-14.3713	4	7.5
35500	-17566.4	-3.99378	5	7.5
36000	-17545.9	-26.1322	4	7.5
36500	-17555.2	-12.3653	5	7.5
37000	-17560.4	-6.26314	5	7.5
37500	-17547.6	-12.8835	5	7.5
38000	-17550.7	-19.426	4	7.5
38500	-17550.3	-18.5036	5	7.5
39000	-17545.3	-13.8652	6	7.5
39500	-17554.4	-21.2261	4	7.5
40000	-17543.2	-15.8228	6	7.5
40500	-17554.1	-9.83768	6	7.5
41000	-17559.6	-4.5865	5	7.5
41500	-17551.5	-20.0669	4	7.5
42000	-17549.9	-14.9642	4	7.5
42500	-17552	-14.7862	5	7.5
43000	-17541.4	-23.732	5	7.5
43500	-17547.2	-24.0247	5	7.5
44000	-17546.3	-18.2565	6	7.5
44500	-17557.6	-10.0997	4	7.5
45000	-17544.6	-15.0428	6	7.5
45500	-17549.8	-20.9811	5	7.5
46000	-17551.8	-9.96059	6	7.5
46500	-17553.7	-15.5344	5	7.5
47000	-17558.8	-7.96958	5	7.5
47500	-17561.8	-21.1717	4	7.5
48000	-17562.1	-2.28475	5	7.5
48500	-17550	-11.6445	5	7.5
49000	-17549.4	-7.81812	6	7.5
49500	-17545.8	-14.4216	6	7.5
50000	-17551.5	-6.1604	6	7.5
50500	-17543	-23.577	5	7.5
51000	-17546.9	-9.63755	6	7.5
51500	-17547.9	-17.3353	5	7.5
52000	-17552.4	-12.4719	5	7.5
52500	-17554.4	-9.34414	6	7.5
53000	-17555	-18.3016	5	7.5
53500	-17559	-6.70037	6	7.5
54000	-17559	0.782257	6	7.5
54500	-17562.4	-12.9263	5	7.5
55000	-17553	-20.8965	4	7.5
55500	-17552.5	-8.89294	6	7.5
56000	-17552.6	-13.9283	5	7.5
56500	-17554.2	-2.53393	6	7.5
57000	-17544.4	-25.236	5	7.5
57500	-17543.1	-14.3048	6	7.5
58000	-17551.2	-7.83379	6	7.5
58500	-17554	-11.968	6	7.5
59000	-17541.7	-17.7958	6	7.5
59500	-17549.9	-10.6598	6	7.5
60000	-17548.3	-16.2314	5	7.5
60500	-17539.6	-23.1136	6	7.5
61000	-17548.6	-21.3907	5	7.5
61500	-17555.8	-3.1255	6	7.5
62000	-17553.8	-14.6895	4	7.5
62500	-17547.4	-25.9963	4	7.5
63000	-17544.6	-11.9369	6	7.5
63500	-17545.8	-14.5489	6	7.5
64000	-17556.1	-7.39155	5	7.5
64500	-17560.6	-4.65551	5	7.5
65000	-17561.4	0.736561	6	7.5
65500	-17545.6	-22.759	5	7.5
66000	-17551.3	-9.54726	5	7.5
66500	-17548.4	-8.77779	6	7.5
67000	-17545.2	-11.4184	6	7.5
67500	-17550.3	-12.6586	5	7.5
68000	-17555.8	-19.0314	4	7.5
68500	-17564	-1.37641	6	7.5
69000	-17557.4	-12.8538	4	7.5
69500	-17551.7	-17.8178	5	7.5
70000	-17549.7	-11.1082	5	7.5
70500	-17550.8	-21.4786	4	7.5
71000	-17546.4	-13.4452	6	7.5
71500	-17557.3	-13.4724	4	7.5
72000	-17555.5	-6.83143	6	7.5
72500	-17547.1	-8.26308	6	7.5
73000	-17542	-18.52	6	7.5
73500	-17551.9	-23.7625	4	7.5
74000	-17552.4	-7.01003	5	7.5
74500	-17543.9	-13.7562	6	7.5
75000	-17552.8	-4.14534	6	7.5

Operator stats:
name	number_accepted	number_rejected	weight	weight_prob	tuning_parameter
DirichletProcessGibbsSampler	24322	0	10	0.322581	none	
TimeSizeRateMixer	34655	28159	5	0.16129	0.200129	
TimeRootSizeMixer	18308	19637	3	0.0967742	0.19448	
EventTimeScaler	125044	114965	1	0.0322581	0.59505	
RootPopulationSizeScaler0	10314	11491	1	0.0322581	0.317871	
LeafPopulationSizeScaler0	12278	9458	1	0.0322581	1.19779	
RootPopulationSizeScaler1	11097	10727	1	0.0322581	0.294102	
LeafPopulationSizeScaler1	11348	10431	1	0.0322581	0.72136	
RootPopulationSizeScaler2	10234	11573	1	0.0322581	0.245339	
LeafPopulationSizeScaler2	10355	11466	1	0.0322581	0.276025	
RootPopulationSizeScaler3	9348	12403	1	0.0322581	0.175036	
LeafPopulationSizeScaler3	11221	10546	1	0.0322581	0.260453	
RootPopulationSizeScaler4	10786	10996	1	0.0322581	0.314817	
LeafPopulationSizeScaler4	13575	8208	1	0.0322581	1.2256	
RootPopulationSizeScaler5	10753	11083	1	0.0322581	0.31074	
LeafPopulationSizeScaler5	12401	9446	1	0.0322581	0.32019	

Runtime: 13211 seconds.
