======================================================================
                              Ecoevolity
                  Estimating evolutionary coevality
       Version 1.1.1 (HEAD 8565100: 2026-01-07T23:13:25-06:00)
======================================================================

Seed: 743874907
Using data in order to sample from the posterior distribution...
Config path: config.yml
Parsing config file...

----------------------------------------------------------------------
---
event_model_prior:
    dirichlet_process:
        parameters:
            concentration:
                value: 7.5
                estimate: false
event_time_prior:
    exponential_distribution:
        rate: 100
mcmc_settings:
    chain_length: 75000
    sample_frequency: 50
comparisons:
- comparison:
    path: ../alignments/Calotes_goetzi_12S_ChaoPhraya.nex
    ploidy: 2
    genotypes_are_diploid: true
    markers_are_dominant: false
    population_name_delimiter: ' '
    population_name_is_prefix: false
    constant_sites_removed: false
    equal_population_sizes: false
    parameters:
        population_size:
            estimate: true
            prior:
                gamma_distribution:
                    shape: 4
                    scale: 0.001
        root_relative_population_size:
            estimate: true
            prior:
                gamma_distribution:
                    shape: 100
                    scale: 0.01
                    offset: 0
        mutation_rate:
            value: 1
            estimate: false
        freq_1:
            value: 0.5
            estimate: false
    operators:
        TimeSizeRateMixer:
            weight: 0
            scale: 0.1
        TimeSizeRateScaler:
            weight: 0
            scale: 0.1
        EventTimeScaler:
            weight: 0
            scale: 0.1
        RootPopulationSizeScaler:
            weight: 1
            scale: 0.05
        LeafPopulationSizeScaler:
            weight: 1
            scale: 0.05
        MutationRateScaler:
            weight: 0
            scale: 0.3
        FreqMover:
            weight: 0
            window: 0.1
        TimeRootSizeMixer:
            weight: 0
            scale: 0.05
- comparison:
    path: ../alignments/Calotes_spp_COI_ChaoPhraya.nex
    ploidy: 2
    genotypes_are_diploid: true
    markers_are_dominant: false
    population_name_delimiter: ' '
    population_name_is_prefix: false
    constant_sites_removed: false
    equal_population_sizes: false
    parameters:
        population_size:
            estimate: true
            prior:
                gamma_distribution:
                    shape: 4
                    scale: 0.001
        root_relative_population_size:
            estimate: true
            prior:
                gamma_distribution:
                    shape: 100
                    scale: 0.01
                    offset: 0
        mutation_rate:
            value: 1
            estimate: false
        freq_1:
            value: 0.5
            estimate: false
    operators:
        TimeSizeRateMixer:
            weight: 0
            scale: 0.1
        TimeSizeRateScaler:
            weight: 0
            scale: 0.1
        EventTimeScaler:
            weight: 0
            scale: 0.1
        RootPopulationSizeScaler:
            weight: 1
            scale: 0.05
        LeafPopulationSizeScaler:
            weight: 1
            scale: 0.05
        MutationRateScaler:
            weight: 0
            scale: 0.3
        FreqMover:
            weight: 0
            window: 0.1
        TimeRootSizeMixer:
            weight: 0
            scale: 0.05
- comparison:
    path: ../alignments/Cyrtodactylus_spp_ND2_ChaoPhraya.nex
    ploidy: 2
    genotypes_are_diploid: true
    markers_are_dominant: false
    population_name_delimiter: ' '
    population_name_is_prefix: false
    constant_sites_removed: false
    equal_population_sizes: false
    parameters:
        population_size:
            estimate: true
            prior:
                gamma_distribution:
                    shape: 4
                    scale: 0.001
        root_relative_population_size:
            estimate: true
            prior:
                gamma_distribution:
                    shape: 100
                    scale: 0.01
                    offset: 0
        mutation_rate:
            value: 1
            estimate: false
        freq_1:
            value: 0.5
            estimate: false
    operators:
        TimeSizeRateMixer:
            weight: 0
            scale: 0.1
        TimeSizeRateScaler:
            weight: 0
            scale: 0.1
        EventTimeScaler:
            weight: 0
            scale: 0.1
        RootPopulationSizeScaler:
            weight: 1
            scale: 0.05
        LeafPopulationSizeScaler:
            weight: 1
            scale: 0.05
        MutationRateScaler:
            weight: 0
            scale: 0.3
        FreqMover:
            weight: 0
            window: 0.1
        TimeRootSizeMixer:
            weight: 0
            scale: 0.05
- comparison:
    path: ../alignments/Leiolepis_belliana_ND2_ChaoPhraya.nex
    ploidy: 2
    genotypes_are_diploid: true
    markers_are_dominant: false
    population_name_delimiter: ' '
    population_name_is_prefix: false
    constant_sites_removed: false
    equal_population_sizes: false
    parameters:
        population_size:
            estimate: true
            prior:
                gamma_distribution:
                    shape: 4
                    scale: 0.001
        root_relative_population_size:
            estimate: true
            prior:
                gamma_distribution:
                    shape: 100
                    scale: 0.01
                    offset: 0
        mutation_rate:
            value: 1
            estimate: false
        freq_1:
            value: 0.5
            estimate: false
    operators:
        TimeSizeRateMixer:
            weight: 0
            scale: 0.1
        TimeSizeRateScaler:
            weight: 0
            scale: 0.1
        EventTimeScaler:
            weight: 0
            scale: 0.1
        RootPopulationSizeScaler:
            weight: 1
            scale: 0.05
        LeafPopulationSizeScaler:
            weight: 1
            scale: 0.05
        MutationRateScaler:
            weight: 0
            scale: 0.3
        FreqMover:
            weight: 0
            window: 0.1
        TimeRootSizeMixer:
            weight: 0
            scale: 0.05
- comparison:
    path: ../alignments/Lycodon_neomaculatus_CYTB_ChaoPhraya.nex
    ploidy: 2
    genotypes_are_diploid: true
    markers_are_dominant: false
    population_name_delimiter: ' '
    population_name_is_prefix: false
    constant_sites_removed: false
    equal_population_sizes: false
    parameters:
        population_size:
            estimate: true
            prior:
                gamma_distribution:
                    shape: 4
                    scale: 0.001
        root_relative_population_size:
            estimate: true
            prior:
                gamma_distribution:
                    shape: 100
                    scale: 0.01
                    offset: 0
        mutation_rate:
            value: 1
            estimate: false
        freq_1:
            value: 0.5
            estimate: false
    operators:
        TimeSizeRateMixer:
            weight: 0
            scale: 0.1
        TimeSizeRateScaler:
            weight: 0
            scale: 0.1
        EventTimeScaler:
            weight: 0
            scale: 0.1
        RootPopulationSizeScaler:
            weight: 1
            scale: 0.05
        LeafPopulationSizeScaler:
            weight: 1
            scale: 0.05
        MutationRateScaler:
            weight: 0
            scale: 0.3
        FreqMover:
            weight: 0
            window: 0.1
        TimeRootSizeMixer:
            weight: 0
            scale: 0.05
- comparison:
    path: ../alignments/Draco_maculatus_ND2_Ping.nex
    ploidy: 2
    genotypes_are_diploid: true
    markers_are_dominant: false
    population_name_delimiter: ' '
    population_name_is_prefix: false
    constant_sites_removed: false
    equal_population_sizes: false
    parameters:
        population_size:
            estimate: true
            prior:
                gamma_distribution:
                    shape: 4
                    scale: 0.001
        root_relative_population_size:
            estimate: true
            prior:
                gamma_distribution:
                    shape: 100
                    scale: 0.01
                    offset: 0
        mutation_rate:
            value: 1
            estimate: false
        freq_1:
            value: 0.5
            estimate: false
    operators:
        TimeSizeRateMixer:
            weight: 0
            scale: 0.1
        TimeSizeRateScaler:
            weight: 0
            scale: 0.1
        EventTimeScaler:
            weight: 0
            scale: 0.1
        RootPopulationSizeScaler:
            weight: 1
            scale: 0.05
        LeafPopulationSizeScaler:
            weight: 1
            scale: 0.05
        MutationRateScaler:
            weight: 0
            scale: 0.3
        FreqMover:
            weight: 0
            window: 0.1
        TimeRootSizeMixer:
            weight: 0
            scale: 0.05
operator_settings:
    auto_optimize: true
    auto_optimize_delay: 1000
    operators:
        ModelOperator:
            weight: 10
            number_of_auxiliary_categories: 4
        ConcentrationScaler:
            weight: 0
            scale: 0.1
        TimeSizeRateMixer:
            weight: 5
            scale: 0.02
        TimeSizeRateScaler:
            weight: 0
            scale: 0.02
        EventTimeScaler:
            weight: 1
            scale: 0.02
        TimeRootSizeMixer:
            weight: 3
            scale: 0.05
----------------------------------------------------------------------

Configuring model...
storing implied block: TAXA
storing read block: DATA
storing implied block: TAXA
storing read block: DATA

#######################################################################
##############################  WARNING  ##############################
1 sites had more than two nucleotide states from the alignment in:
    '../alignments/Calotes_spp_COI_ChaoPhraya.nex'.
These sites have been recoded as biallelic, by treating the first
nucleotide as 0 and all others as 1. If you would prefer to ignore
these sites, please remove all sites with more than two nucleotide
states from your DNA alignments and re-run the analysis.
#######################################################################

storing implied block: TAXA
storing read block: DATA

#######################################################################
##############################  WARNING  ##############################
27 sites had more than two nucleotide states from the alignment in:
    '../alignments/Cyrtodactylus_spp_ND2_ChaoPhraya.nex'.
These sites have been recoded as biallelic, by treating the first
nucleotide as 0 and all others as 1. If you would prefer to ignore
these sites, please remove all sites with more than two nucleotide
states from your DNA alignments and re-run the analysis.
#######################################################################


#######################################################################
##############################  WARNING  ##############################
1 sites will be ignored from the alignment in:
    '../alignments/Cyrtodactylus_spp_ND2_ChaoPhraya.nex'
due no data across all populations.
#######################################################################

storing implied block: TAXA
storing read block: DATA

#######################################################################
##############################  WARNING  ##############################
37 sites had more than two nucleotide states from the alignment in:
    '../alignments/Leiolepis_belliana_ND2_ChaoPhraya.nex'.
These sites have been recoded as biallelic, by treating the first
nucleotide as 0 and all others as 1. If you would prefer to ignore
these sites, please remove all sites with more than two nucleotide
states from your DNA alignments and re-run the analysis.
#######################################################################

storing implied block: TAXA
storing read block: DATA
storing implied block: TAXA
storing read block: DATA

#######################################################################
##############################  WARNING  ##############################
26 sites had more than two nucleotide states from the alignment in:
    '../alignments/Draco_maculatus_ND2_Ping.nex'.
These sites have been recoded as biallelic, by treating the first
nucleotide as 0 and all others as 1. If you would prefer to ignore
these sites, please remove all sites with more than two nucleotide
states from your DNA alignments and re-run the analysis.
#######################################################################


----------------------------------------------------------------------
Summary of data from 6 comparisons:
    Summary of data from '../alignments/Calotes_goetzi_12S_ChaoPhraya.nex':
        Genotypes: diploid
        Markers are dominant? false
        Number of populations: 2
        Number of sites: 364
        Number of variable sites: 5
        Number of patterns: 5
        Patterns folded? true
        Population label (max # of alleles sampled):
            E1 (8)
            W1 (10)
    Summary of data from '../alignments/Calotes_spp_COI_ChaoPhraya.nex':
        Genotypes: diploid
        Markers are dominant? false
        Number of populations: 2
        Number of sites: 613
        Number of variable sites: 39
        Number of patterns: 7
        Patterns folded? true
        Population label (max # of alleles sampled):
            W2 (4)
            E2 (6)
    Summary of data from '../alignments/Cyrtodactylus_spp_ND2_ChaoPhraya.nex':
        Genotypes: diploid
        Markers are dominant? false
        Number of populations: 2
        Number of sites: 1412
        Number of variable sites: 277
        Number of patterns: 76
        Patterns folded? true
        Population label (max # of alleles sampled):
            W3 (22)
            E3 (10)
    Summary of data from '../alignments/Leiolepis_belliana_ND2_ChaoPhraya.nex':
        Genotypes: diploid
        Markers are dominant? false
        Number of populations: 2
        Number of sites: 1789
        Number of variable sites: 614
        Number of patterns: 36
        Patterns folded? true
        Population label (max # of alleles sampled):
            W6 (18)
            E6 (12)
    Summary of data from '../alignments/Lycodon_neomaculatus_CYTB_ChaoPhraya.nex':
        Genotypes: diploid
        Markers are dominant? false
        Number of populations: 2
        Number of sites: 729
        Number of variable sites: 4
        Number of patterns: 8
        Patterns folded? true
        Population label (max # of alleles sampled):
            W8 (8)
            E8 (4)
    Summary of data from '../alignments/Draco_maculatus_ND2_Ping.nex':
        Genotypes: diploid
        Markers are dominant? false
        Number of populations: 2
        Number of sites: 1032
        Number of variable sites: 214
        Number of patterns: 37
        Patterns folded? true
        Population label (max # of alleles sampled):
            E (34)
            W (10)
----------------------------------------------------------------------

Number of threads: 1
Firing up MCMC...
State log path: config-state-run-2.log
Operator log path: config-operator-run-2.log
generation	ln_likelihood	ln_prior	number_of_events	concentration
0	-19390.5	87.892	6	7.5
500	-17713.4	21.4985	5	7.5
1000	-17558.2	-12.2523	5	7.5
1500	-17548.7	-6.82509	6	7.5
2000	-17571.6	2.8087	5	7.5
2500	-17550.2	-16.0856	5	7.5
3000	-17544.9	-15.974	5	7.5
3500	-17553.5	-14.7601	4	7.5
4000	-17547.2	-23.537	5	7.5
4500	-17556.8	-15.6088	5	7.5
5000	-17559.3	-11.2995	5	7.5
5500	-17552.9	-7.28992	5	7.5
6000	-17554.3	-8.96383	5	7.5
6500	-17561.4	-17.5011	4	7.5
7000	-17551.7	-8.5195	5	7.5
7500	-17549.3	-20.9267	5	7.5
8000	-17550.5	-5.84188	6	7.5
8500	-17549.6	-10.9095	6	7.5
9000	-17540.7	-21.9198	5	7.5
9500	-17549.5	-15.5886	5	7.5
10000	-17552.8	-16.6161	4	7.5
10500	-17545.1	-16.3169	6	7.5
11000	-17549.1	-12.1881	5	7.5
11500	-17553.8	-12.9402	6	7.5
12000	-17551	-11.3288	5	7.5
12500	-17552.7	-16.4642	4	7.5
13000	-17561.6	-3.09219	6	7.5
13500	-17552	-15.1208	4	7.5
14000	-17556.4	-1.69608	6	7.5
14500	-17550	-21.2728	4	7.5
15000	-17549	-18.2415	4	7.5
15500	-17544.7	-13.4217	6	7.5
16000	-17553.6	-19.0599	5	7.5
16500	-17551.6	-20.9155	4	7.5
17000	-17549.2	-12.4865	5	7.5
17500	-17555.2	-22.0525	4	7.5
18000	-17557.9	-14.4592	4	7.5
18500	-17562.7	-4.80807	5	7.5
19000	-17555	-4.62952	6	7.5
19500	-17553	-18.4778	4	7.5
20000	-17550	-14.609	6	7.5
20500	-17558.3	-8.79276	5	7.5
21000	-17552.2	-9.07849	6	7.5
21500	-17564	-0.624327	5	7.5
22000	-17549.7	-13.0808	5	7.5
22500	-17549	-10.2492	6	7.5
23000	-17552.3	-5.7354	6	7.5
23500	-17558.5	-16.9921	4	7.5
24000	-17557.7	-2.96091	5	7.5
24500	-17564.1	0.683026	6	7.5
25000	-17553.5	-3.9047	6	7.5
25500	-17552.3	-6.47927	6	7.5
26000	-17547.5	-18.6329	5	7.5
26500	-17556.3	-8.6353	5	7.5
27000	-17545.6	-12.5617	6	7.5
27500	-17546.1	-14.5393	5	7.5
28000	-17545.3	-13.683	6	7.5
28500	-17546.5	-11.751	6	7.5
29000	-17543.6	-23.591	5	7.5
29500	-17552	-10.0834	5	7.5
30000	-17549	-21.2667	4	7.5
30500	-17565	-0.533476	5	7.5
31000	-17560	-9.81686	5	7.5
31500	-17542.1	-14.8394	6	7.5
32000	-17551.6	-9.83054	6	7.5
32500	-17554.9	-8.69155	6	7.5
33000	-17548.7	-15.3339	6	7.5
33500	-17555	-11.6865	5	7.5
34000	-17552.7	-18.1389	5	7.5
34500	-17557	-16.3269	4	7.5
35000	-17560.5	-6.19251	5	7.5
35500	-17564.5	-6.55859	5	7.5
36000	-17547.1	-13.6904	6	7.5
36500	-17546	-22.5287	6	7.5
37000	-17557.5	-4.42698	6	7.5
37500	-17561.5	-5.4085	5	7.5
38000	-17551.3	-16.4923	4	7.5
38500	-17560.6	-2.68632	6	7.5
39000	-17548.1	-20.607	5	7.5
39500	-17561.7	-7.73729	5	7.5
40000	-17556.6	-17.6503	5	7.5
40500	-17560.5	-8.64199	5	7.5
41000	-17542.4	-18.9204	5	7.5
41500	-17556.3	-18.4521	4	7.5
42000	-17548	-15.2415	5	7.5
42500	-17556.4	-12.281	5	7.5
43000	-17548.4	-5.63816	6	7.5
43500	-17554.6	-8.85787	5	7.5
44000	-17550.9	-14.0323	6	7.5
44500	-17551.3	-4.67441	6	7.5
45000	-17558.5	-16.6077	4	7.5
45500	-17560.5	-5.44622	5	7.5
46000	-17549.4	-25.0687	4	7.5
46500	-17550.8	-21.7651	4	7.5
47000	-17540.8	-24.6497	5	7.5
47500	-17548.9	-18.8012	5	7.5
48000	-17549.1	-26.0369	5	7.5
48500	-17555.6	-16.2083	5	7.5
49000	-17562.5	-13.4933	4	7.5
49500	-17552.5	-9.19514	5	7.5
50000	-17549.7	-24.05	4	7.5
50500	-17543.5	-17.7676	6	7.5
51000	-17540.4	-17.8208	6	7.5
51500	-17558.2	-9.64971	4	7.5
52000	-17551.3	-17.2072	4	7.5
52500	-17557.1	-1.93951	6	7.5
53000	-17555.6	-2.16616	6	7.5
53500	-17549	-13.2855	6	7.5
54000	-17547.3	-12.9067	6	7.5
54500	-17545.1	-13.9194	6	7.5
55000	-17547.5	-11.5863	5	7.5
55500	-17554.3	-8.43922	6	7.5
56000	-17551	-18.1643	5	7.5
56500	-17547	-15.9176	6	7.5
57000	-17555.7	-6.62591	6	7.5
57500	-17560.8	-8.17051	5	7.5
58000	-17551.2	-7.09535	6	7.5
58500	-17550.2	-8.02029	6	7.5
59000	-17546.7	-11.1218	6	7.5
59500	-17565.9	-7.2462	4	7.5
60000	-17549.6	-13.689	5	7.5
60500	-17560.9	-6.93749	4	7.5
61000	-17551.2	-5.02382	6	7.5
61500	-17559.8	-6.40912	6	7.5
62000	-17551.4	-10.6189	6	7.5
62500	-17552.3	-17.2273	5	7.5
63000	-17553.6	-12.5576	5	7.5
63500	-17551.1	-25.6118	4	7.5
64000	-17546.8	-7.2432	6	7.5
64500	-17531.5	-28.6713	6	7.5
65000	-17555.5	-4.83731	6	7.5
65500	-17557	-13.8669	5	7.5
66000	-17559.5	-2.96758	6	7.5
66500	-17561.6	-2.61089	6	7.5
67000	-17562.6	-8.43955	4	7.5
67500	-17550.3	-10.7079	6	7.5
68000	-17556	-6.13272	6	7.5
68500	-17552.7	-12.8646	5	7.5
69000	-17542.9	-28.9519	4	7.5
69500	-17565	-4.58893	4	7.5
70000	-17557.8	-2.44194	6	7.5
70500	-17553.3	-25.2755	4	7.5
71000	-17573.1	-6.10168	4	7.5
71500	-17562.1	-5.94324	5	7.5
72000	-17550	-22.4282	4	7.5
72500	-17546.3	-18.2029	5	7.5
73000	-17546	-17.0834	5	7.5
73500	-17542.3	-19.6656	6	7.5
74000	-17549.1	-11.0955	5	7.5
74500	-17556.2	-2.42125	6	7.5
75000	-17539.6	-22.4177	6	7.5

Operator stats:
name	number_accepted	number_rejected	weight	weight_prob	tuning_parameter
DirichletProcessGibbsSampler	24119	0	10	0.322581	none	
TimeSizeRateMixer	30904	31929	5	0.16129	0.224989	
TimeRootSizeMixer	18248	19771	3	0.0967742	0.195026	
EventTimeScaler	126299	112263	1	0.0322581	0.579072	
RootPopulationSizeScaler0	10507	11512	1	0.0322581	0.322318	
LeafPopulationSizeScaler0	12383	9446	1	0.0322581	1.21012	
RootPopulationSizeScaler1	10417	11398	1	0.0322581	0.306731	
LeafPopulationSizeScaler1	11228	10657	1	0.0322581	0.713473	
RootPopulationSizeScaler2	10543	11341	1	0.0322581	0.238263	
LeafPopulationSizeScaler2	10915	10875	1	0.0322581	0.259838	
RootPopulationSizeScaler3	12223	9695	1	0.0322581	0.139991	
LeafPopulationSizeScaler3	11761	10082	1	0.0322581	0.243076	
RootPopulationSizeScaler4	10804	11003	1	0.0322581	0.32077	
LeafPopulationSizeScaler4	14029	7837	1	0.0322581	1.1818	
RootPopulationSizeScaler5	10921	10959	1	0.0322581	0.302668	
LeafPopulationSizeScaler5	10970	10910	1	0.0322581	0.367271	

Runtime: 13001 seconds.
