generation 5000:
name	number_accepted	number_rejected	weight	weight_prob	tuning_parameter
DirichletProcessGibbsSampler	1978	0	10	0.4	none	
TimeSizeRateMixer	1756	1253	5	0.2	0.196196	
TimeRootSizeMixer	945	781	3	0.12	0.193029	
EventTimeScaler	6727	4405	1	0.04	0.331354	
RootPopulationSizeScaler0	1011	831	1	0.04	0.297521	
LeafPopulationSizeScaler0	1210	616	1	0.04	0.438511	
RootPopulationSizeScaler1	1059	755	1	0.04	0.184707	
LeafPopulationSizeScaler1	1172	635	1	0.04	0.202781	
RootPopulationSizeScaler2	1184	614	1	0.04	0.213208	
LeafPopulationSizeScaler2	1360	453	1	0.04	0.453036	
generation 10000:
name	number_accepted	number_rejected	weight	weight_prob	tuning_parameter
DirichletProcessGibbsSampler	4003	0	10	0.4	none	
TimeSizeRateMixer	3324	2701	5	0.2	0.207596	
TimeRootSizeMixer	1865	1640	3	0.12	0.202794	
EventTimeScaler	12754	9716	1	0.04	0.354524	
RootPopulationSizeScaler0	1920	1759	1	0.04	0.308919	
LeafPopulationSizeScaler0	2287	1372	1	0.04	0.48466	
RootPopulationSizeScaler1	2024	1615	1	0.04	0.197443	
LeafPopulationSizeScaler1	2270	1349	1	0.04	0.227384	
RootPopulationSizeScaler2	2191	1422	1	0.04	0.235635	
LeafPopulationSizeScaler2	2557	1051	1	0.04	0.526411	
generation 15000:
name	number_accepted	number_rejected	weight	weight_prob	tuning_parameter
DirichletProcessGibbsSampler	5972	0	10	0.4	none	
TimeSizeRateMixer	4848	4245	5	0.2	0.212686	
TimeRootSizeMixer	2722	2525	3	0.12	0.207689	
EventTimeScaler	18437	15191	1	0.04	0.364827	
RootPopulationSizeScaler0	2793	2731	1	0.04	0.313111	
LeafPopulationSizeScaler0	3268	2213	1	0.04	0.505313	
RootPopulationSizeScaler1	2971	2519	1	0.04	0.20485	
LeafPopulationSizeScaler1	3333	2124	1	0.04	0.241023	
RootPopulationSizeScaler2	3218	2244	1	0.04	0.248135	
LeafPopulationSizeScaler2	3707	1734	1	0.04	0.567594	
generation 20000:
name	number_accepted	number_rejected	weight	weight_prob	tuning_parameter
DirichletProcessGibbsSampler	8021	0	10	0.4	none	
TimeSizeRateMixer	6281	5722	5	0.2	0.215807	
TimeRootSizeMixer	3579	3442	3	0.12	0.210243	
EventTimeScaler	24160	20762	1	0.04	0.372264	
RootPopulationSizeScaler0	3647	3670	1	0.04	0.316588	
LeafPopulationSizeScaler0	4266	3002	1	0.04	0.521636	
RootPopulationSizeScaler1	3891	3408	1	0.04	0.209195	
LeafPopulationSizeScaler1	4346	2876	1	0.04	0.249725	
RootPopulationSizeScaler2	4224	3030	1	0.04	0.256095	
LeafPopulationSizeScaler2	4786	2447	1	0.04	0.596122	
generation 25000:
name	number_accepted	number_rejected	weight	weight_prob	tuning_parameter
DirichletProcessGibbsSampler	10050	0	10	0.4	none	
TimeSizeRateMixer	7775	7212	5	0.2	0.218684	
TimeRootSizeMixer	4424	4416	3	0.12	0.211669	
EventTimeScaler	29811	26401	1	0.04	0.377653	
RootPopulationSizeScaler0	4479	4690	1	0.04	0.317467	
LeafPopulationSizeScaler0	5229	3875	1	0.04	0.530588	
RootPopulationSizeScaler1	4808	4301	1	0.04	0.212441	
LeafPopulationSizeScaler1	5340	3703	1	0.04	0.25545	
RootPopulationSizeScaler2	5230	3851	1	0.04	0.262746	
LeafPopulationSizeScaler2	5854	3224	1	0.04	0.614746	
generation 30000:
name	number_accepted	number_rejected	weight	weight_prob	tuning_parameter
DirichletProcessGibbsSampler	12071	0	10	0.4	none	
TimeSizeRateMixer	9209	8741	5	0.2	0.220567	
TimeRootSizeMixer	5225	5331	3	0.12	0.21273	
EventTimeScaler	35386	32001	1	0.04	0.38175	
RootPopulationSizeScaler0	5341	5630	1	0.04	0.319283	
LeafPopulationSizeScaler0	6120	4768	1	0.04	0.536539	
RootPopulationSizeScaler1	5676	5217	1	0.04	0.214571	
LeafPopulationSizeScaler1	6302	4520	1	0.04	0.259438	
RootPopulationSizeScaler2	6163	4704	1	0.04	0.26667	
LeafPopulationSizeScaler2	6865	4012	1	0.04	0.62957	
generation 35000:
name	number_accepted	number_rejected	weight	weight_prob	tuning_parameter
DirichletProcessGibbsSampler	14091	0	10	0.4	none	
TimeSizeRateMixer	10704	10202	5	0.2	0.222651	
TimeRootSizeMixer	6095	6266	3	0.12	0.214285	
EventTimeScaler	40931	37641	1	0.04	0.384971	
RootPopulationSizeScaler0	6164	6643	1	0.04	0.320577	
LeafPopulationSizeScaler0	7073	5640	1	0.04	0.542975	
RootPopulationSizeScaler1	6551	6155	1	0.04	0.216017	
LeafPopulationSizeScaler1	7230	5414	1	0.04	0.262438	
RootPopulationSizeScaler2	7117	5560	1	0.04	0.270329	
LeafPopulationSizeScaler2	7919	4760	1	0.04	0.643647	
generation 40000:
name	number_accepted	number_rejected	weight	weight_prob	tuning_parameter
DirichletProcessGibbsSampler	16072	0	10	0.4	none	
TimeSizeRateMixer	12211	11784	5	0.2	0.223778	
TimeRootSizeMixer	6951	7194	3	0.12	0.215592	
EventTimeScaler	46422	43397	1	0.04	0.387246	
RootPopulationSizeScaler0	7025	7624	1	0.04	0.321481	
LeafPopulationSizeScaler0	8025	6564	1	0.04	0.548063	
RootPopulationSizeScaler1	7481	7095	1	0.04	0.217986	
LeafPopulationSizeScaler1	8220	6276	1	0.04	0.265767	
RootPopulationSizeScaler2	8095	6430	1	0.04	0.273437	
LeafPopulationSizeScaler2	8948	5568	1	0.04	0.653435	
generation 45000:
name	number_accepted	number_rejected	weight	weight_prob	tuning_parameter
DirichletProcessGibbsSampler	18072	0	10	0.4	none	
TimeSizeRateMixer	13587	13303	5	0.2	0.224692	
TimeRootSizeMixer	7823	8192	3	0.12	0.216599	
EventTimeScaler	51853	49111	1	0.04	0.389453	
RootPopulationSizeScaler0	7863	8614	1	0.04	0.322273	
LeafPopulationSizeScaler0	8961	7442	1	0.04	0.553138	
RootPopulationSizeScaler1	8405	8004	1	0.04	0.219503	
LeafPopulationSizeScaler1	9157	7158	1	0.04	0.268282	
RootPopulationSizeScaler2	9063	7301	1	0.04	0.276152	
LeafPopulationSizeScaler2	9986	6352	1	0.04	0.663228	
generation 50000:
name	number_accepted	number_rejected	weight	weight_prob	tuning_parameter
DirichletProcessGibbsSampler	20133	0	10	0.4	none	
TimeSizeRateMixer	14993	14824	5	0.2	0.225689	
TimeRootSizeMixer	8648	9051	3	0.12	0.217513	
EventTimeScaler	57369	54860	1	0.04	0.391478	
RootPopulationSizeScaler0	8648	9581	1	0.04	0.322701	
LeafPopulationSizeScaler0	9851	8312	1	0.04	0.556764	
RootPopulationSizeScaler1	9229	8951	1	0.04	0.22027	
LeafPopulationSizeScaler1	10081	8009	1	0.04	0.271231	
RootPopulationSizeScaler2	9975	8155	1	0.04	0.278474	
LeafPopulationSizeScaler2	10993	7104	1	0.04	0.67209	
generation 55000:
name	number_accepted	number_rejected	weight	weight_prob	tuning_parameter
DirichletProcessGibbsSampler	22172	0	10	0.4	none	
TimeSizeRateMixer	16411	16319	5	0.2	0.226537	
TimeRootSizeMixer	9427	9975	3	0.12	0.21799	
EventTimeScaler	62794	60605	1	0.04	0.39296	
RootPopulationSizeScaler0	9473	10546	1	0.04	0.323282	
LeafPopulationSizeScaler0	10763	9171	1	0.04	0.56007	
RootPopulationSizeScaler1	10087	9887	1	0.04	0.221246	
LeafPopulationSizeScaler1	10985	8868	1	0.04	0.273193	
RootPopulationSizeScaler2	10900	9015	1	0.04	0.280413	
LeafPopulationSizeScaler2	11942	7940	1	0.04	0.679082	
generation 60000:
name	number_accepted	number_rejected	weight	weight_prob	tuning_parameter
DirichletProcessGibbsSampler	24131	0	10	0.4	none	
TimeSizeRateMixer	17890	17875	5	0.2	0.22731	
TimeRootSizeMixer	10294	10918	3	0.12	0.218703	
EventTimeScaler	68197	66302	1	0.04	0.394597	
RootPopulationSizeScaler0	10358	11548	1	0.04	0.324138	
LeafPopulationSizeScaler0	11714	10103	1	0.04	0.563255	
RootPopulationSizeScaler1	10968	10865	1	0.04	0.222075	
LeafPopulationSizeScaler1	11946	9756	1	0.04	0.275115	
RootPopulationSizeScaler2	11815	9938	1	0.04	0.281915	
LeafPopulationSizeScaler2	12946	8789	1	0.04	0.68587	
generation 65000:
name	number_accepted	number_rejected	weight	weight_prob	tuning_parameter
DirichletProcessGibbsSampler	26167	0	10	0.4	none	
TimeSizeRateMixer	19348	19388	5	0.2	0.228253	
TimeRootSizeMixer	11126	11824	3	0.12	0.219356	
EventTimeScaler	73666	72136	1	0.04	0.396003	
RootPopulationSizeScaler0	11167	12527	1	0.04	0.324462	
LeafPopulationSizeScaler0	12627	10989	1	0.04	0.565707	
RootPopulationSizeScaler1	11831	11781	1	0.04	0.222862	
LeafPopulationSizeScaler1	12866	10649	1	0.04	0.27663	
RootPopulationSizeScaler2	12711	10845	1	0.04	0.283341	
LeafPopulationSizeScaler2	13931	9598	1	0.04	0.692168	
generation 70000:
name	number_accepted	number_rejected	weight	weight_prob	tuning_parameter
DirichletProcessGibbsSampler	28138	0	10	0.4	none	
TimeSizeRateMixer	20790	20915	5	0.2	0.228947	
TimeRootSizeMixer	11938	12794	3	0.12	0.219602	
EventTimeScaler	79019	77932	1	0.04	0.397311	
RootPopulationSizeScaler0	12022	13506	1	0.04	0.325114	
LeafPopulationSizeScaler0	13490	11918	1	0.04	0.567522	
RootPopulationSizeScaler1	12719	12724	1	0.04	0.223572	
LeafPopulationSizeScaler1	13774	11544	1	0.04	0.277739	
RootPopulationSizeScaler2	13619	11763	1	0.04	0.28457	
LeafPopulationSizeScaler2	14879	10460	1	0.04	0.696411	
generation 75000:
name	number_accepted	number_rejected	weight	weight_prob	tuning_parameter
DirichletProcessGibbsSampler	30138	0	10	0.4	none	
TimeSizeRateMixer	22223	22466	5	0.2	0.229563	
TimeRootSizeMixer	12693	13710	3	0.12	0.219875	
EventTimeScaler	84431	83593	1	0.04	0.398528	
RootPopulationSizeScaler0	12867	14459	1	0.04	0.325727	
LeafPopulationSizeScaler0	14371	12820	1	0.04	0.569672	
RootPopulationSizeScaler1	13628	13606	1	0.04	0.224397	
LeafPopulationSizeScaler1	14699	12401	1	0.04	0.279069	
RootPopulationSizeScaler2	14511	12670	1	0.04	0.285714	
LeafPopulationSizeScaler2	15842	11277	1	0.04	0.701244	
