generation 5000:
name	number_accepted	number_rejected	weight	weight_prob	tuning_parameter
DirichletProcessGibbsSampler	1414	0	10	0.285714	none	
TimeSizeRateMixer	2344	1707	5	0.142857	0.196567	
TimeRootSizeMixer	1137	1058	3	0.0857143	0.204219	
EventTimeScaler	9352	6157	1	0.0285714	0.463697	
RootPopulationSizeScaler0	643	550	1	0.0285714	0.205349	
LeafPopulationSizeScaler0	736	474	1	0.0285714	0.214254	
RootPopulationSizeScaler1	682	519	1	0.0285714	0.263244	
LeafPopulationSizeScaler1	684	537	1	0.0285714	0.316722	
RootPopulationSizeScaler2	706	500	1	0.0285714	0.259629	
LeafPopulationSizeScaler2	823	375	1	0.0285714	0.462862	
RootPopulationSizeScaler3	694	514	1	0.0285714	0.266847	
LeafPopulationSizeScaler3	1013	217	1	0.0285714	0.318206	
RootPopulationSizeScaler4	767	460	1	0.0285714	0.262391	
LeafPopulationSizeScaler4	918	295	1	0.0285714	0.738124	
RootPopulationSizeScaler5	698	528	1	0.0285714	0.280022	
LeafPopulationSizeScaler5	820	392	1	0.0285714	0.418733	
RootPopulationSizeScaler6	707	497	1	0.0285714	0.271364	
LeafPopulationSizeScaler6	957	238	1	0.0285714	0.609469	
RootPopulationSizeScaler7	748	479	1	0.0285714	0.231322	
LeafPopulationSizeScaler7	820	402	1	0.0285714	0.468264	
generation 10000:
name	number_accepted	number_rejected	weight	weight_prob	tuning_parameter
DirichletProcessGibbsSampler	2863	0	10	0.285714	none	
TimeSizeRateMixer	4484	3786	5	0.142857	0.206415	
TimeRootSizeMixer	2376	2332	3	0.0857143	0.212732	
EventTimeScaler	18224	13515	1	0.0285714	0.499215	
RootPopulationSizeScaler0	1257	1212	1	0.0285714	0.212013	
LeafPopulationSizeScaler0	1465	1030	1	0.0285714	0.235723	
RootPopulationSizeScaler1	1305	1177	1	0.0285714	0.274024	
LeafPopulationSizeScaler1	1307	1192	1	0.0285714	0.330491	
RootPopulationSizeScaler2	1371	1112	1	0.0285714	0.275622	
LeafPopulationSizeScaler2	1609	879	1	0.0285714	0.526881	
RootPopulationSizeScaler3	1369	1116	1	0.0285714	0.284815	
LeafPopulationSizeScaler3	1957	537	1	0.0285714	0.392658	
RootPopulationSizeScaler4	1434	1051	1	0.0285714	0.278618	
LeafPopulationSizeScaler4	1793	706	1	0.0285714	0.875724	
RootPopulationSizeScaler5	1362	1154	1	0.0285714	0.294823	
LeafPopulationSizeScaler5	1565	926	1	0.0285714	0.461209	
RootPopulationSizeScaler6	1357	1126	1	0.0285714	0.286399	
LeafPopulationSizeScaler6	1814	636	1	0.0285714	0.730854	
RootPopulationSizeScaler7	1474	1048	1	0.0285714	0.250633	
LeafPopulationSizeScaler7	1585	904	1	0.0285714	0.530241	
generation 15000:
name	number_accepted	number_rejected	weight	weight_prob	tuning_parameter
DirichletProcessGibbsSampler	4312	0	10	0.285714	none	
TimeSizeRateMixer	6665	5920	5	0.142857	0.21186	
TimeRootSizeMixer	3550	3583	3	0.0857143	0.216961	
EventTimeScaler	26608	21318	1	0.0285714	0.515816	
RootPopulationSizeScaler0	1870	1864	1	0.0285714	0.216002	
LeafPopulationSizeScaler0	2160	1615	1	0.0285714	0.247539	
RootPopulationSizeScaler1	1940	1813	1	0.0285714	0.280729	
LeafPopulationSizeScaler1	1917	1834	1	0.0285714	0.33626	
RootPopulationSizeScaler2	2043	1719	1	0.0285714	0.284768	
LeafPopulationSizeScaler2	2361	1410	1	0.0285714	0.561996	
RootPopulationSizeScaler3	2017	1731	1	0.0285714	0.294551	
LeafPopulationSizeScaler3	2832	928	1	0.0285714	0.435963	
RootPopulationSizeScaler4	2121	1634	1	0.0285714	0.289807	
LeafPopulationSizeScaler4	2615	1147	1	0.0285714	0.954452	
RootPopulationSizeScaler5	1986	1791	1	0.0285714	0.301383	
LeafPopulationSizeScaler5	2276	1492	1	0.0285714	0.483186	
RootPopulationSizeScaler6	2025	1763	1	0.0285714	0.295819	
LeafPopulationSizeScaler6	2638	1091	1	0.0285714	0.798662	
RootPopulationSizeScaler7	2129	1650	1	0.0285714	0.260143	
LeafPopulationSizeScaler7	2307	1454	1	0.0285714	0.561045	
generation 20000:
name	number_accepted	number_rejected	weight	weight_prob	tuning_parameter
DirichletProcessGibbsSampler	5712	0	10	0.285714	none	
TimeSizeRateMixer	8735	8013	5	0.142857	0.215155	
TimeRootSizeMixer	4698	4884	3	0.0857143	0.218932	
EventTimeScaler	34596	29019	1	0.0285714	0.526068	
RootPopulationSizeScaler0	2506	2520	1	0.0285714	0.218899	
LeafPopulationSizeScaler0	2835	2210	1	0.0285714	0.253941	
RootPopulationSizeScaler1	2563	2465	1	0.0285714	0.284256	
LeafPopulationSizeScaler1	2564	2516	1	0.0285714	0.341049	
RootPopulationSizeScaler2	2711	2342	1	0.0285714	0.290762	
LeafPopulationSizeScaler2	3115	1943	1	0.0285714	0.585177	
RootPopulationSizeScaler3	2645	2383	1	0.0285714	0.29812	
LeafPopulationSizeScaler3	3707	1324	1	0.0285714	0.468751	
RootPopulationSizeScaler4	2798	2257	1	0.0285714	0.295393	
LeafPopulationSizeScaler4	3427	1631	1	0.0285714	1.00843	
RootPopulationSizeScaler5	2596	2470	1	0.0285714	0.304941	
LeafPopulationSizeScaler5	2989	2069	1	0.0285714	0.497238	
RootPopulationSizeScaler6	2634	2410	1	0.0285714	0.30056	
LeafPopulationSizeScaler6	3466	1553	1	0.0285714	0.843842	
RootPopulationSizeScaler7	2782	2270	1	0.0285714	0.266087	
LeafPopulationSizeScaler7	3012	2035	1	0.0285714	0.579881	
generation 25000:
name	number_accepted	number_rejected	weight	weight_prob	tuning_parameter
DirichletProcessGibbsSampler	7139	0	10	0.285714	none	
TimeSizeRateMixer	10659	10088	5	0.142857	0.217052	
TimeRootSizeMixer	5895	6213	3	0.0857143	0.22046	
EventTimeScaler	42660	36851	1	0.0285714	0.533867	
RootPopulationSizeScaler0	3102	3195	1	0.0285714	0.220221	
LeafPopulationSizeScaler0	3492	2799	1	0.0285714	0.258413	
RootPopulationSizeScaler1	3152	3144	1	0.0285714	0.285791	
LeafPopulationSizeScaler1	3165	3187	1	0.0285714	0.343449	
RootPopulationSizeScaler2	3341	2968	1	0.0285714	0.294932	
LeafPopulationSizeScaler2	3811	2504	1	0.0285714	0.599326	
RootPopulationSizeScaler3	3272	3020	1	0.0285714	0.301603	
LeafPopulationSizeScaler3	4517	1770	1	0.0285714	0.48974	
RootPopulationSizeScaler4	3427	2905	1	0.0285714	0.298673	
LeafPopulationSizeScaler4	4253	2077	1	0.0285714	1.05417	
RootPopulationSizeScaler5	3204	3136	1	0.0285714	0.308161	
LeafPopulationSizeScaler5	3681	2651	1	0.0285714	0.508618	
RootPopulationSizeScaler6	3208	3078	1	0.0285714	0.303151	
LeafPopulationSizeScaler6	4265	2013	1	0.0285714	0.881001	
RootPopulationSizeScaler7	3401	2928	1	0.0285714	0.269486	
LeafPopulationSizeScaler7	3704	2609	1	0.0285714	0.593766	
generation 30000:
name	number_accepted	number_rejected	weight	weight_prob	tuning_parameter
DirichletProcessGibbsSampler	8589	0	10	0.285714	none	
TimeSizeRateMixer	12781	12247	5	0.142857	0.219129	
TimeRootSizeMixer	7177	7515	3	0.0857143	0.223113	
EventTimeScaler	50858	44955	1	0.0285714	0.540209	
RootPopulationSizeScaler0	3698	3884	1	0.0285714	0.221629	
LeafPopulationSizeScaler0	4140	3447	1	0.0285714	0.261451	
RootPopulationSizeScaler1	3786	3814	1	0.0285714	0.287616	
LeafPopulationSizeScaler1	3792	3875	1	0.0285714	0.345829	
RootPopulationSizeScaler2	3964	3641	1	0.0285714	0.297226	
LeafPopulationSizeScaler2	4517	3110	1	0.0285714	0.61251	
RootPopulationSizeScaler3	3893	3699	1	0.0285714	0.304004	
LeafPopulationSizeScaler3	5363	2251	1	0.0285714	0.508925	
RootPopulationSizeScaler4	4062	3566	1	0.0285714	0.30106	
LeafPopulationSizeScaler4	5030	2608	1	0.0285714	1.08636	
RootPopulationSizeScaler5	3837	3803	1	0.0285714	0.310827	
LeafPopulationSizeScaler5	4331	3309	1	0.0285714	0.514395	
RootPopulationSizeScaler6	3868	3727	1	0.0285714	0.306638	
LeafPopulationSizeScaler6	5031	2529	1	0.0285714	0.908846	
RootPopulationSizeScaler7	4036	3590	1	0.0285714	0.272537	
LeafPopulationSizeScaler7	4407	3200	1	0.0285714	0.604452	
generation 35000:
name	number_accepted	number_rejected	weight	weight_prob	tuning_parameter
DirichletProcessGibbsSampler	10048	0	10	0.285714	none	
TimeSizeRateMixer	14916	14505	5	0.142857	0.220612	
TimeRootSizeMixer	8390	8779	3	0.0857143	0.224739	
EventTimeScaler	59070	53115	1	0.0285714	0.545463	
RootPopulationSizeScaler0	4302	4579	1	0.0285714	0.222393	
LeafPopulationSizeScaler0	4796	4063	1	0.0285714	0.264545	
RootPopulationSizeScaler1	4378	4510	1	0.0285714	0.288518	
LeafPopulationSizeScaler1	4382	4582	1	0.0285714	0.34693	
RootPopulationSizeScaler2	4603	4291	1	0.0285714	0.300364	
LeafPopulationSizeScaler2	5263	3658	1	0.0285714	0.624026	
RootPopulationSizeScaler3	4521	4364	1	0.0285714	0.306513	
LeafPopulationSizeScaler3	6194	2716	1	0.0285714	0.52496	
RootPopulationSizeScaler4	4706	4223	1	0.0285714	0.304044	
LeafPopulationSizeScaler4	5838	3108	1	0.0285714	1.1153	
RootPopulationSizeScaler5	4463	4460	1	0.0285714	0.313022	
LeafPopulationSizeScaler5	4995	3927	1	0.0285714	0.520804	
RootPopulationSizeScaler6	4489	4384	1	0.0285714	0.308298	
LeafPopulationSizeScaler6	5810	3048	1	0.0285714	0.932657	
RootPopulationSizeScaler7	4683	4240	1	0.0285714	0.27515	
LeafPopulationSizeScaler7	5095	3797	1	0.0285714	0.614097	
generation 40000:
name	number_accepted	number_rejected	weight	weight_prob	tuning_parameter
DirichletProcessGibbsSampler	11442	0	10	0.285714	none	
TimeSizeRateMixer	17104	16785	5	0.142857	0.222116	
TimeRootSizeMixer	9571	10094	3	0.0857143	0.226056	
EventTimeScaler	67013	61167	1	0.0285714	0.550054	
RootPopulationSizeScaler0	4893	5309	1	0.0285714	0.222674	
LeafPopulationSizeScaler0	5484	4697	1	0.0285714	0.267063	
RootPopulationSizeScaler1	4977	5230	1	0.0285714	0.289074	
LeafPopulationSizeScaler1	5003	5282	1	0.0285714	0.348444	
RootPopulationSizeScaler2	5260	4978	1	0.0285714	0.302708	
LeafPopulationSizeScaler2	5929	4302	1	0.0285714	0.630828	
RootPopulationSizeScaler3	5167	5040	1	0.0285714	0.308459	
LeafPopulationSizeScaler3	6982	3259	1	0.0285714	0.536172	
RootPopulationSizeScaler4	5348	4913	1	0.0285714	0.305547	
LeafPopulationSizeScaler4	6640	3638	1	0.0285714	1.13964	
RootPopulationSizeScaler5	5108	5133	1	0.0285714	0.314823	
LeafPopulationSizeScaler5	5636	4603	1	0.0285714	0.524877	
RootPopulationSizeScaler6	5117	5061	1	0.0285714	0.310098	
LeafPopulationSizeScaler6	6568	3602	1	0.0285714	0.951722	
RootPopulationSizeScaler7	5390	4864	1	0.0285714	0.278476	
LeafPopulationSizeScaler7	5782	4429	1	0.0285714	0.621964	
generation 45000:
name	number_accepted	number_rejected	weight	weight_prob	tuning_parameter
DirichletProcessGibbsSampler	12924	0	10	0.285714	none	
TimeSizeRateMixer	19115	19051	5	0.142857	0.223085	
TimeRootSizeMixer	10825	11530	3	0.0857143	0.226869	
EventTimeScaler	75073	69639	1	0.0285714	0.553397	
RootPopulationSizeScaler0	5502	6040	1	0.0285714	0.223054	
LeafPopulationSizeScaler0	6179	5338	1	0.0285714	0.26981	
RootPopulationSizeScaler1	5588	5963	1	0.0285714	0.290006	
LeafPopulationSizeScaler1	5598	6001	1	0.0285714	0.349189	
RootPopulationSizeScaler2	5907	5652	1	0.0285714	0.304595	
LeafPopulationSizeScaler2	6641	4946	1	0.0285714	0.637183	
RootPopulationSizeScaler3	5813	5756	1	0.0285714	0.310319	
LeafPopulationSizeScaler3	7807	3776	1	0.0285714	0.547809	
RootPopulationSizeScaler4	5961	5626	1	0.0285714	0.306845	
LeafPopulationSizeScaler4	7443	4149	1	0.0285714	1.1624	
RootPopulationSizeScaler5	5731	5849	1	0.0285714	0.316152	
LeafPopulationSizeScaler5	6324	5264	1	0.0285714	0.529309	
RootPopulationSizeScaler6	5733	5798	1	0.0285714	0.311296	
LeafPopulationSizeScaler6	7375	4131	1	0.0285714	0.970463	
RootPopulationSizeScaler7	6030	5580	1	0.0285714	0.28001	
LeafPopulationSizeScaler7	6467	5083	1	0.0285714	0.627217	
generation 50000:
name	number_accepted	number_rejected	weight	weight_prob	tuning_parameter
DirichletProcessGibbsSampler	14379	0	10	0.285714	none	
TimeSizeRateMixer	21035	21170	5	0.142857	0.22402	
TimeRootSizeMixer	12020	12854	3	0.0857143	0.227568	
EventTimeScaler	82892	77847	1	0.0285714	0.556325	
RootPopulationSizeScaler0	6045	6738	1	0.0285714	0.223221	
LeafPopulationSizeScaler0	6780	5974	1	0.0285714	0.271156	
RootPopulationSizeScaler1	6163	6629	1	0.0285714	0.290969	
LeafPopulationSizeScaler1	6179	6667	1	0.0285714	0.35025	
RootPopulationSizeScaler2	6538	6274	1	0.0285714	0.306481	
LeafPopulationSizeScaler2	7286	5544	1	0.0285714	0.642583	
RootPopulationSizeScaler3	6422	6387	1	0.0285714	0.31211	
LeafPopulationSizeScaler3	8540	4271	1	0.0285714	0.556874	
RootPopulationSizeScaler4	6581	6269	1	0.0285714	0.308261	
LeafPopulationSizeScaler4	8178	4675	1	0.0285714	1.17774	
RootPopulationSizeScaler5	6307	6511	1	0.0285714	0.317101	
LeafPopulationSizeScaler5	6956	5874	1	0.0285714	0.532857	
RootPopulationSizeScaler6	6323	6476	1	0.0285714	0.312487	
LeafPopulationSizeScaler6	8099	4659	1	0.0285714	0.984425	
RootPopulationSizeScaler7	6638	6228	1	0.0285714	0.281346	
LeafPopulationSizeScaler7	7137	5664	1	0.0285714	0.633086	
generation 55000:
name	number_accepted	number_rejected	weight	weight_prob	tuning_parameter
DirichletProcessGibbsSampler	15806	0	10	0.285714	none	
TimeSizeRateMixer	23157	23387	5	0.142857	0.224961	
TimeRootSizeMixer	13292	14228	3	0.0857143	0.228382	
EventTimeScaler	90804	86192	1	0.0285714	0.558961	
RootPopulationSizeScaler0	6664	7429	1	0.0285714	0.223815	
LeafPopulationSizeScaler0	7396	6659	1	0.0285714	0.272029	
RootPopulationSizeScaler1	6783	7322	1	0.0285714	0.291905	
LeafPopulationSizeScaler1	6799	7358	1	0.0285714	0.350993	
RootPopulationSizeScaler2	7133	6993	1	0.0285714	0.307352	
LeafPopulationSizeScaler2	7990	6154	1	0.0285714	0.647984	
RootPopulationSizeScaler3	7047	7078	1	0.0285714	0.313155	
LeafPopulationSizeScaler3	9326	4786	1	0.0285714	0.56629	
RootPopulationSizeScaler4	7222	6925	1	0.0285714	0.309753	
LeafPopulationSizeScaler4	8941	5219	1	0.0285714	1.19428	
RootPopulationSizeScaler5	6922	7204	1	0.0285714	0.317958	
LeafPopulationSizeScaler5	7632	6526	1	0.0285714	0.536501	
RootPopulationSizeScaler6	6960	7163	1	0.0285714	0.313469	
LeafPopulationSizeScaler6	8840	5225	1	0.0285714	0.996643	
RootPopulationSizeScaler7	7322	6880	1	0.0285714	0.283105	
LeafPopulationSizeScaler7	7827	6289	1	0.0285714	0.638513	
generation 60000:
name	number_accepted	number_rejected	weight	weight_prob	tuning_parameter
DirichletProcessGibbsSampler	17225	0	10	0.285714	none	
TimeSizeRateMixer	25158	25585	5	0.142857	0.225608	
TimeRootSizeMixer	14417	15548	3	0.0857143	0.228741	
EventTimeScaler	98519	94205	1	0.0285714	0.561334	
RootPopulationSizeScaler0	7238	8133	1	0.0285714	0.224113	
LeafPopulationSizeScaler0	8029	7316	1	0.0285714	0.273127	
RootPopulationSizeScaler1	7374	8020	1	0.0285714	0.292448	
LeafPopulationSizeScaler1	7402	8048	1	0.0285714	0.351443	
RootPopulationSizeScaler2	7798	7632	1	0.0285714	0.308839	
LeafPopulationSizeScaler2	8656	6766	1	0.0285714	0.651885	
RootPopulationSizeScaler3	7681	7715	1	0.0285714	0.314191	
LeafPopulationSizeScaler3	10127	5287	1	0.0285714	0.574639	
RootPopulationSizeScaler4	7813	7618	1	0.0285714	0.31053	
LeafPopulationSizeScaler4	9701	5759	1	0.0285714	1.20871	
RootPopulationSizeScaler5	7526	7907	1	0.0285714	0.318348	
LeafPopulationSizeScaler5	8249	7190	1	0.0285714	0.538957	
RootPopulationSizeScaler6	7552	7862	1	0.0285714	0.314464	
LeafPopulationSizeScaler6	9574	5774	1	0.0285714	1.00707	
RootPopulationSizeScaler7	7952	7542	1	0.0285714	0.284378	
LeafPopulationSizeScaler7	8492	6913	1	0.0285714	0.642944	
generation 65000:
name	number_accepted	number_rejected	weight	weight_prob	tuning_parameter
DirichletProcessGibbsSampler	18599	0	10	0.285714	none	
TimeSizeRateMixer	27087	27697	5	0.142857	0.226316	
TimeRootSizeMixer	15740	17006	3	0.0857143	0.229376	
EventTimeScaler	106226	102333	1	0.0285714	0.563533	
RootPopulationSizeScaler0	7812	8859	1	0.0285714	0.224355	
LeafPopulationSizeScaler0	8628	8021	1	0.0285714	0.273717	
RootPopulationSizeScaler1	7990	8688	1	0.0285714	0.293264	
LeafPopulationSizeScaler1	8028	8727	1	0.0285714	0.352628	
RootPopulationSizeScaler2	8410	8309	1	0.0285714	0.30957	
LeafPopulationSizeScaler2	9346	7384	1	0.0285714	0.656848	
RootPopulationSizeScaler3	8308	8391	1	0.0285714	0.315065	
LeafPopulationSizeScaler3	10887	5844	1	0.0285714	0.580858	
RootPopulationSizeScaler4	8394	8351	1	0.0285714	0.31088	
LeafPopulationSizeScaler4	10466	6294	1	0.0285714	1.22198	
RootPopulationSizeScaler5	8145	8609	1	0.0285714	0.319273	
LeafPopulationSizeScaler5	8913	7820	1	0.0285714	0.541861	
RootPopulationSizeScaler6	8219	8492	1	0.0285714	0.315895	
LeafPopulationSizeScaler6	10294	6350	1	0.0285714	1.01643	
RootPopulationSizeScaler7	8584	8210	1	0.0285714	0.285545	
LeafPopulationSizeScaler7	9149	7564	1	0.0285714	0.646264	
generation 70000:
name	number_accepted	number_rejected	weight	weight_prob	tuning_parameter
DirichletProcessGibbsSampler	20052	0	10	0.285714	none	
TimeSizeRateMixer	29012	29867	5	0.142857	0.226817	
TimeRootSizeMixer	16940	18357	3	0.0857143	0.22987	
EventTimeScaler	114052	110470	1	0.0285714	0.565535	
RootPopulationSizeScaler0	8388	9565	1	0.0285714	0.224656	
LeafPopulationSizeScaler0	9266	8671	1	0.0285714	0.274919	
RootPopulationSizeScaler1	8588	9361	1	0.0285714	0.293809	
LeafPopulationSizeScaler1	8612	9426	1	0.0285714	0.353118	
RootPopulationSizeScaler2	9032	8972	1	0.0285714	0.310538	
LeafPopulationSizeScaler2	10031	7974	1	0.0285714	0.661528	
RootPopulationSizeScaler3	8933	9060	1	0.0285714	0.315814	
LeafPopulationSizeScaler3	11650	6348	1	0.0285714	0.587505	
RootPopulationSizeScaler4	9005	9012	1	0.0285714	0.311997	
LeafPopulationSizeScaler4	11173	6850	1	0.0285714	1.23201	
RootPopulationSizeScaler5	8709	9324	1	0.0285714	0.31943	
LeafPopulationSizeScaler5	9548	8440	1	0.0285714	0.544458	
RootPopulationSizeScaler6	8832	9160	1	0.0285714	0.317021	
LeafPopulationSizeScaler6	11022	6903	1	0.0285714	1.02632	
RootPopulationSizeScaler7	9183	8891	1	0.0285714	0.286349	
LeafPopulationSizeScaler7	9816	8160	1	0.0285714	0.650275	
generation 75000:
name	number_accepted	number_rejected	weight	weight_prob	tuning_parameter
DirichletProcessGibbsSampler	21473	0	10	0.285714	none	
TimeSizeRateMixer	31068	32158	5	0.142857	0.227346	
TimeRootSizeMixer	18142	19695	3	0.0857143	0.230461	
EventTimeScaler	121979	118689	1	0.0285714	0.567515	
RootPopulationSizeScaler0	8991	10263	1	0.0285714	0.224976	
LeafPopulationSizeScaler0	9902	9334	1	0.0285714	0.275783	
RootPopulationSizeScaler1	9174	10065	1	0.0285714	0.294175	
LeafPopulationSizeScaler1	9214	10113	1	0.0285714	0.353682	
RootPopulationSizeScaler2	9642	9648	1	0.0285714	0.311211	
LeafPopulationSizeScaler2	10707	8586	1	0.0285714	0.665624	
RootPopulationSizeScaler3	9541	9752	1	0.0285714	0.316624	
LeafPopulationSizeScaler3	12397	6890	1	0.0285714	0.593652	
RootPopulationSizeScaler4	9622	9684	1	0.0285714	0.312792	
LeafPopulationSizeScaler4	11871	7433	1	0.0285714	1.24114	
RootPopulationSizeScaler5	9292	10018	1	0.0285714	0.319763	
LeafPopulationSizeScaler5	10181	9092	1	0.0285714	0.54592	
RootPopulationSizeScaler6	9457	9829	1	0.0285714	0.318226	
LeafPopulationSizeScaler6	11740	7492	1	0.0285714	1.03496	
RootPopulationSizeScaler7	9816	9561	1	0.0285714	0.287201	
LeafPopulationSizeScaler7	10468	8790	1	0.0285714	0.653215	
