generation 5000:
name	number_accepted	number_rejected	weight	weight_prob	tuning_parameter
DirichletProcessGibbsSampler	1632	0	10	0.322581	none	
TimeSizeRateMixer	2524	1687	5	0.16129	0.198053	
TimeRootSizeMixer	1387	1108	3	0.0967742	0.240825	
EventTimeScaler	9507	6082	1	0.0322581	0.474229	
RootPopulationSizeScaler0	937	545	1	0.0322581	0.2361	
LeafPopulationSizeScaler0	1036	470	1	0.0322581	0.719702	
RootPopulationSizeScaler1	854	650	1	0.0322581	0.229682	
LeafPopulationSizeScaler1	1066	430	1	0.0322581	0.192854	
RootPopulationSizeScaler2	850	634	1	0.0322581	0.279858	
LeafPopulationSizeScaler2	1102	383	1	0.0322581	0.518477	
RootPopulationSizeScaler3	852	653	1	0.0322581	0.28434	
LeafPopulationSizeScaler3	1226	264	1	0.0322581	0.574766	
RootPopulationSizeScaler4	794	681	1	0.0322581	0.300102	
LeafPopulationSizeScaler4	939	554	1	0.0322581	0.526216	
RootPopulationSizeScaler5	825	637	1	0.0322581	0.276941	
LeafPopulationSizeScaler5	1136	371	1	0.0322581	0.577205	
generation 10000:
name	number_accepted	number_rejected	weight	weight_prob	tuning_parameter
DirichletProcessGibbsSampler	3191	0	10	0.322581	none	
TimeSizeRateMixer	4654	3555	5	0.16129	0.211835	
TimeRootSizeMixer	2678	2415	3	0.0967742	0.251394	
EventTimeScaler	17716	13161	1	0.0322581	0.509739	
RootPopulationSizeScaler0	1726	1226	1	0.0322581	0.254795	
LeafPopulationSizeScaler0	1904	1060	1	0.0322581	0.809507	
RootPopulationSizeScaler1	1600	1382	1	0.0322581	0.240375	
LeafPopulationSizeScaler1	1992	987	1	0.0322581	0.219803	
RootPopulationSizeScaler2	1583	1376	1	0.0322581	0.293563	
LeafPopulationSizeScaler2	2069	884	1	0.0322581	0.60512	
RootPopulationSizeScaler3	1618	1361	1	0.0322581	0.300181	
LeafPopulationSizeScaler3	2240	702	1	0.0322581	0.69313	
RootPopulationSizeScaler4	1476	1469	1	0.0322581	0.308656	
LeafPopulationSizeScaler4	1760	1197	1	0.0322581	0.570404	
RootPopulationSizeScaler5	1555	1369	1	0.0322581	0.289182	
LeafPopulationSizeScaler5	2118	867	1	0.0322581	0.675259	
generation 15000:
name	number_accepted	number_rejected	weight	weight_prob	tuning_parameter
DirichletProcessGibbsSampler	4751	0	10	0.322581	none	
TimeSizeRateMixer	6880	5579	5	0.16129	0.219864	
TimeRootSizeMixer	3881	3665	3	0.0967742	0.256783	
EventTimeScaler	25804	20501	1	0.0322581	0.528152	
RootPopulationSizeScaler0	2515	1925	1	0.0322581	0.26705	
LeafPopulationSizeScaler0	2801	1668	1	0.0322581	0.866761	
RootPopulationSizeScaler1	2340	2118	1	0.0322581	0.246996	
LeafPopulationSizeScaler1	2875	1573	1	0.0322581	0.234311	
RootPopulationSizeScaler2	2316	2135	1	0.0322581	0.299998	
LeafPopulationSizeScaler2	3008	1428	1	0.0322581	0.652721	
RootPopulationSizeScaler3	2378	2086	1	0.0322581	0.307899	
LeafPopulationSizeScaler3	3254	1171	1	0.0322581	0.767035	
RootPopulationSizeScaler4	2186	2253	1	0.0322581	0.313732	
LeafPopulationSizeScaler4	2581	1877	1	0.0322581	0.597431	
RootPopulationSizeScaler5	2305	2137	1	0.0322581	0.295697	
LeafPopulationSizeScaler5	3034	1434	1	0.0322581	0.72593	
generation 20000:
name	number_accepted	number_rejected	weight	weight_prob	tuning_parameter
DirichletProcessGibbsSampler	6390	0	10	0.322581	none	
TimeSizeRateMixer	9005	7529	5	0.16129	0.22493	
TimeRootSizeMixer	5018	4866	3	0.0967742	0.259551	
EventTimeScaler	33925	27959	1	0.0322581	0.540615	
RootPopulationSizeScaler0	3309	2570	1	0.0322581	0.274231	
LeafPopulationSizeScaler0	3668	2270	1	0.0322581	0.90021	
RootPopulationSizeScaler1	3055	2871	1	0.0322581	0.250319	
LeafPopulationSizeScaler1	3714	2173	1	0.0322581	0.244111	
RootPopulationSizeScaler2	3029	2872	1	0.0322581	0.304688	
LeafPopulationSizeScaler2	3887	1979	1	0.0322581	0.684782	
RootPopulationSizeScaler3	3056	2851	1	0.0322581	0.310946	
LeafPopulationSizeScaler3	4214	1661	1	0.0322581	0.819083	
RootPopulationSizeScaler4	2875	3004	1	0.0322581	0.316943	
LeafPopulationSizeScaler4	3372	2557	1	0.0322581	0.613835	
RootPopulationSizeScaler5	3019	2859	1	0.0322581	0.300455	
LeafPopulationSizeScaler5	3917	1975	1	0.0322581	0.762234	
generation 25000:
name	number_accepted	number_rejected	weight	weight_prob	tuning_parameter
DirichletProcessGibbsSampler	7998	0	10	0.322581	none	
TimeSizeRateMixer	11058	9521	5	0.16129	0.228544	
TimeRootSizeMixer	6214	6177	3	0.0967742	0.261687	
EventTimeScaler	41975	35411	1	0.0322581	0.549989	
RootPopulationSizeScaler0	4057	3280	1	0.0322581	0.279168	
LeafPopulationSizeScaler0	4485	2922	1	0.0322581	0.923663	
RootPopulationSizeScaler1	3768	3629	1	0.0322581	0.253455	
LeafPopulationSizeScaler1	4523	2813	1	0.0322581	0.250738	
RootPopulationSizeScaler2	3724	3643	1	0.0322581	0.307393	
LeafPopulationSizeScaler2	4723	2594	1	0.0322581	0.707683	
RootPopulationSizeScaler3	3767	3594	1	0.0322581	0.313703	
LeafPopulationSizeScaler3	5169	2165	1	0.0322581	0.858415	
RootPopulationSizeScaler4	3566	3778	1	0.0322581	0.3198	
LeafPopulationSizeScaler4	4154	3249	1	0.0322581	0.628386	
RootPopulationSizeScaler5	3740	3610	1	0.0322581	0.302624	
LeafPopulationSizeScaler5	4782	2576	1	0.0322581	0.788334	
generation 30000:
name	number_accepted	number_rejected	weight	weight_prob	tuning_parameter
DirichletProcessGibbsSampler	9598	0	10	0.322581	none	
TimeSizeRateMixer	13009	11482	5	0.16129	0.231033	
TimeRootSizeMixer	7418	7553	3	0.0967742	0.263662	
EventTimeScaler	49806	42982	1	0.0322581	0.55687	
RootPopulationSizeScaler0	4800	3966	1	0.0322581	0.282482	
LeafPopulationSizeScaler0	5316	3548	1	0.0322581	0.946414	
RootPopulationSizeScaler1	4455	4394	1	0.0322581	0.255248	
LeafPopulationSizeScaler1	5334	3455	1	0.0322581	0.256217	
RootPopulationSizeScaler2	4375	4426	1	0.0322581	0.30893	
LeafPopulationSizeScaler2	5552	3225	1	0.0322581	0.724251	
RootPopulationSizeScaler3	4442	4366	1	0.0322581	0.31543	
LeafPopulationSizeScaler3	6065	2698	1	0.0322581	0.887526	
RootPopulationSizeScaler4	4248	4562	1	0.0322581	0.321975	
LeafPopulationSizeScaler4	4902	3951	1	0.0322581	0.636175	
RootPopulationSizeScaler5	4437	4366	1	0.0322581	0.304408	
LeafPopulationSizeScaler5	5648	3155	1	0.0322581	0.810061	
generation 35000:
name	number_accepted	number_rejected	weight	weight_prob	tuning_parameter
DirichletProcessGibbsSampler	11182	0	10	0.322581	none	
TimeSizeRateMixer	15198	13670	5	0.16129	0.233129	
TimeRootSizeMixer	8522	8763	3	0.0967742	0.265228	
EventTimeScaler	57656	50635	1	0.0322581	0.562592	
RootPopulationSizeScaler0	5574	4700	1	0.0322581	0.285723	
LeafPopulationSizeScaler0	6087	4265	1	0.0322581	0.960431	
RootPopulationSizeScaler1	5187	5125	1	0.0322581	0.257538	
LeafPopulationSizeScaler1	6177	4117	1	0.0322581	0.261182	
RootPopulationSizeScaler2	5098	5224	1	0.0322581	0.310871	
LeafPopulationSizeScaler2	6415	3875	1	0.0322581	0.738919	
RootPopulationSizeScaler3	5148	5180	1	0.0322581	0.316968	
LeafPopulationSizeScaler3	7008	3243	1	0.0322581	0.914864	
RootPopulationSizeScaler4	4934	5364	1	0.0322581	0.323312	
LeafPopulationSizeScaler4	5657	4681	1	0.0322581	0.643019	
RootPopulationSizeScaler5	5082	5203	1	0.0322581	0.304768	
LeafPopulationSizeScaler5	6505	3776	1	0.0322581	0.827581	
generation 40000:
name	number_accepted	number_rejected	weight	weight_prob	tuning_parameter
DirichletProcessGibbsSampler	12725	0	10	0.322581	none	
TimeSizeRateMixer	17241	15743	5	0.16129	0.23477	
TimeRootSizeMixer	9661	10061	3	0.0967742	0.26665	
EventTimeScaler	65406	58239	1	0.0322581	0.567405	
RootPopulationSizeScaler0	6321	5435	1	0.0322581	0.288318	
LeafPopulationSizeScaler0	6912	4908	1	0.0322581	0.975531	
RootPopulationSizeScaler1	5927	5863	1	0.0322581	0.259233	
LeafPopulationSizeScaler1	7016	4741	1	0.0322581	0.265494	
RootPopulationSizeScaler2	5834	5952	1	0.0322581	0.313233	
LeafPopulationSizeScaler2	7249	4472	1	0.0322581	0.751039	
RootPopulationSizeScaler3	5832	5945	1	0.0322581	0.318401	
LeafPopulationSizeScaler3	7922	3775	1	0.0322581	0.937534	
RootPopulationSizeScaler4	5595	6160	1	0.0322581	0.323936	
LeafPopulationSizeScaler4	6380	5380	1	0.0322581	0.649104	
RootPopulationSizeScaler5	5773	5973	1	0.0322581	0.305875	
LeafPopulationSizeScaler5	7346	4395	1	0.0322581	0.842531	
generation 45000:
name	number_accepted	number_rejected	weight	weight_prob	tuning_parameter
DirichletProcessGibbsSampler	14343	0	10	0.322581	none	
TimeSizeRateMixer	19218	17773	5	0.16129	0.236163	
TimeRootSizeMixer	10844	11396	3	0.0967742	0.267811	
EventTimeScaler	73057	66104	1	0.0322581	0.571358	
RootPopulationSizeScaler0	7063	6129	1	0.0322581	0.290537	
LeafPopulationSizeScaler0	7667	5606	1	0.0322581	0.985871	
RootPopulationSizeScaler1	6623	6608	1	0.0322581	0.260292	
LeafPopulationSizeScaler1	7800	5398	1	0.0322581	0.268742	
RootPopulationSizeScaler2	6503	6721	1	0.0322581	0.314604	
LeafPopulationSizeScaler2	8077	5105	1	0.0322581	0.762462	
RootPopulationSizeScaler3	6488	6750	1	0.0322581	0.31892	
LeafPopulationSizeScaler3	8809	4349	1	0.0322581	0.955849	
RootPopulationSizeScaler4	6273	6935	1	0.0322581	0.325095	
LeafPopulationSizeScaler4	7132	6064	1	0.0322581	0.654038	
RootPopulationSizeScaler5	6466	6706	1	0.0322581	0.30731	
LeafPopulationSizeScaler5	8197	5018	1	0.0322581	0.85542	
generation 50000:
name	number_accepted	number_rejected	weight	weight_prob	tuning_parameter
DirichletProcessGibbsSampler	15924	0	10	0.322581	none	
TimeSizeRateMixer	21195	19820	5	0.16129	0.237353	
TimeRootSizeMixer	12029	12590	3	0.0967742	0.269262	
EventTimeScaler	80593	73630	1	0.0322581	0.574735	
RootPopulationSizeScaler0	7799	6833	1	0.0322581	0.292624	
LeafPopulationSizeScaler0	8436	6287	1	0.0322581	0.995634	
RootPopulationSizeScaler1	7321	7347	1	0.0322581	0.261257	
LeafPopulationSizeScaler1	8582	6073	1	0.0322581	0.271525	
RootPopulationSizeScaler2	7181	7496	1	0.0322581	0.315562	
LeafPopulationSizeScaler2	8841	5799	1	0.0322581	0.770143	
RootPopulationSizeScaler3	7165	7538	1	0.0322581	0.320047	
LeafPopulationSizeScaler3	9688	4900	1	0.0322581	0.97206	
RootPopulationSizeScaler4	6936	7729	1	0.0322581	0.325455	
LeafPopulationSizeScaler4	7883	6769	1	0.0322581	0.658483	
RootPopulationSizeScaler5	7130	7476	1	0.0322581	0.308075	
LeafPopulationSizeScaler5	8988	5705	1	0.0322581	0.864549	
generation 55000:
name	number_accepted	number_rejected	weight	weight_prob	tuning_parameter
DirichletProcessGibbsSampler	17579	0	10	0.322581	none	
TimeSizeRateMixer	23080	21836	5	0.16129	0.238266	
TimeRootSizeMixer	13069	13780	3	0.0967742	0.270037	
EventTimeScaler	88247	81272	1	0.0322581	0.577843	
RootPopulationSizeScaler0	8511	7524	1	0.0322581	0.29394	
LeafPopulationSizeScaler0	9186	6929	1	0.0322581	1.00436	
RootPopulationSizeScaler1	7977	8081	1	0.0322581	0.262217	
LeafPopulationSizeScaler1	9335	6719	1	0.0322581	0.27398	
RootPopulationSizeScaler2	7842	8240	1	0.0322581	0.316751	
LeafPopulationSizeScaler2	9622	6404	1	0.0322581	0.777757	
RootPopulationSizeScaler3	7799	8291	1	0.0322581	0.320962	
LeafPopulationSizeScaler3	10526	5457	1	0.0322581	0.985956	
RootPopulationSizeScaler4	7548	8514	1	0.0322581	0.325772	
LeafPopulationSizeScaler4	8551	7504	1	0.0322581	0.660707	
RootPopulationSizeScaler5	7808	8196	1	0.0322581	0.309231	
LeafPopulationSizeScaler5	9759	6331	1	0.0322581	0.873288	
generation 60000:
name	number_accepted	number_rejected	weight	weight_prob	tuning_parameter
DirichletProcessGibbsSampler	19230	0	10	0.322581	none	
TimeSizeRateMixer	25114	23771	5	0.16129	0.239656	
TimeRootSizeMixer	14252	15105	3	0.0967742	0.270803	
EventTimeScaler	96015	89140	1	0.0322581	0.58076	
RootPopulationSizeScaler0	9232	8236	1	0.0322581	0.295503	
LeafPopulationSizeScaler0	9987	7570	1	0.0322581	1.01362	
RootPopulationSizeScaler1	8644	8829	1	0.0322581	0.262846	
LeafPopulationSizeScaler1	10129	7358	1	0.0322581	0.27624	
RootPopulationSizeScaler2	8494	9051	1	0.0322581	0.317077	
LeafPopulationSizeScaler2	10353	7101	1	0.0322581	0.782647	
RootPopulationSizeScaler3	8463	9075	1	0.0322581	0.321537	
LeafPopulationSizeScaler3	11381	6046	1	0.0322581	0.999157	
RootPopulationSizeScaler4	8179	9324	1	0.0322581	0.326368	
LeafPopulationSizeScaler4	9262	8221	1	0.0322581	0.66375	
RootPopulationSizeScaler5	8493	8954	1	0.0322581	0.31054	
LeafPopulationSizeScaler5	10556	6970	1	0.0322581	0.881956	
generation 65000:
name	number_accepted	number_rejected	weight	weight_prob	tuning_parameter
DirichletProcessGibbsSampler	20789	0	10	0.322581	none	
TimeSizeRateMixer	27100	25892	5	0.16129	0.240519	
TimeRootSizeMixer	15344	16426	3	0.0967742	0.271171	
EventTimeScaler	103468	96929	1	0.0322581	0.583099	
RootPopulationSizeScaler0	9932	8997	1	0.0322581	0.296744	
LeafPopulationSizeScaler0	10765	8251	1	0.0322581	1.02148	
RootPopulationSizeScaler1	9380	9558	1	0.0322581	0.263889	
LeafPopulationSizeScaler1	10889	8056	1	0.0322581	0.277789	
RootPopulationSizeScaler2	9199	9786	1	0.0322581	0.318032	
LeafPopulationSizeScaler2	11145	7772	1	0.0322581	0.789135	
RootPopulationSizeScaler3	9130	9856	1	0.0322581	0.32236	
LeafPopulationSizeScaler3	12267	6610	1	0.0322581	1.01209	
RootPopulationSizeScaler4	8811	10150	1	0.0322581	0.326316	
LeafPopulationSizeScaler4	9989	8950	1	0.0322581	0.666527	
RootPopulationSizeScaler5	9176	9724	1	0.0322581	0.31114	
LeafPopulationSizeScaler5	11350	7621	1	0.0322581	0.889431	
generation 70000:
name	number_accepted	number_rejected	weight	weight_prob	tuning_parameter
DirichletProcessGibbsSampler	22347	0	10	0.322581	none	
TimeSizeRateMixer	29171	27990	5	0.16129	0.241548	
TimeRootSizeMixer	16451	17723	3	0.0967742	0.271491	
EventTimeScaler	111108	104691	1	0.0322581	0.585557	
RootPopulationSizeScaler0	10635	9753	1	0.0322581	0.297642	
LeafPopulationSizeScaler0	11541	8945	1	0.0322581	1.02904	
RootPopulationSizeScaler1	10059	10344	1	0.0322581	0.264504	
LeafPopulationSizeScaler1	11647	8743	1	0.0322581	0.2795	
RootPopulationSizeScaler2	9873	10569	1	0.0322581	0.318638	
LeafPopulationSizeScaler2	11954	8403	1	0.0322581	0.795587	
RootPopulationSizeScaler3	9830	10619	1	0.0322581	0.323048	
LeafPopulationSizeScaler3	13102	7230	1	0.0322581	1.02264	
RootPopulationSizeScaler4	9473	10952	1	0.0322581	0.326657	
LeafPopulationSizeScaler4	10711	9684	1	0.0322581	0.668969	
RootPopulationSizeScaler5	9827	10522	1	0.0322581	0.311423	
LeafPopulationSizeScaler5	12141	8274	1	0.0322581	0.895969	
generation 75000:
name	number_accepted	number_rejected	weight	weight_prob	tuning_parameter
DirichletProcessGibbsSampler	23924	0	10	0.322581	none	
TimeSizeRateMixer	31139	30144	5	0.16129	0.242144	
TimeRootSizeMixer	17677	19051	3	0.0967742	0.272251	
EventTimeScaler	118732	112568	1	0.0322581	0.58759	
RootPopulationSizeScaler0	11350	10509	1	0.0322581	0.298617	
LeafPopulationSizeScaler0	12308	9656	1	0.0322581	1.0354	
RootPopulationSizeScaler1	10769	11139	1	0.0322581	0.265275	
LeafPopulationSizeScaler1	12442	9442	1	0.0322581	0.281352	
RootPopulationSizeScaler2	10572	11348	1	0.0322581	0.319417	
LeafPopulationSizeScaler2	12756	9094	1	0.0322581	0.800774	
RootPopulationSizeScaler3	10503	11429	1	0.0322581	0.323337	
LeafPopulationSizeScaler3	13986	7832	1	0.0322581	1.03381	
RootPopulationSizeScaler4	10146	11755	1	0.0322581	0.326982	
LeafPopulationSizeScaler4	11447	10438	1	0.0322581	0.67074	
RootPopulationSizeScaler5	10553	11270	1	0.0322581	0.312387	
LeafPopulationSizeScaler5	12942	8924	1	0.0322581	0.903088	
