======================================================================
                              Ecoevolity
                  Estimating evolutionary coevality
       Version 1.1.1 (HEAD 8565100: 2026-01-07T23:13:25-06:00)
======================================================================

Seed: 1686546059
Using data in order to sample from the posterior distribution...
Config path: config.yml
Parsing config file...

----------------------------------------------------------------------
---
event_model_prior:
    dirichlet_process:
        parameters:
            concentration:
                value: 7.5
                estimate: false
event_time_prior:
    exponential_distribution:
        rate: 100
mcmc_settings:
    chain_length: 75000
    sample_frequency: 50
comparisons:
- comparison:
    path: ../alignments/Calotes_spp_COI_Irrawaddy.nex
    ploidy: 2
    genotypes_are_diploid: true
    markers_are_dominant: false
    population_name_delimiter: ' '
    population_name_is_prefix: false
    constant_sites_removed: false
    equal_population_sizes: false
    parameters:
        population_size:
            estimate: true
            prior:
                gamma_distribution:
                    shape: 4
                    scale: 0.001
        root_relative_population_size:
            estimate: true
            prior:
                gamma_distribution:
                    shape: 100
                    scale: 0.01
                    offset: 0
        mutation_rate:
            value: 1
            estimate: false
        freq_1:
            value: 0.5
            estimate: false
    operators:
        TimeSizeRateMixer:
            weight: 0
            scale: 0.1
        TimeSizeRateScaler:
            weight: 0
            scale: 0.1
        EventTimeScaler:
            weight: 0
            scale: 0.1
        RootPopulationSizeScaler:
            weight: 1
            scale: 0.05
        LeafPopulationSizeScaler:
            weight: 1
            scale: 0.05
        MutationRateScaler:
            weight: 0
            scale: 0.3
        FreqMover:
            weight: 0
            window: 0.1
        TimeRootSizeMixer:
            weight: 0
            scale: 0.05
- comparison:
    path: ../alignments/Draco_maculatus_ND2_Irrawaddy.nex
    ploidy: 2
    genotypes_are_diploid: true
    markers_are_dominant: false
    population_name_delimiter: ' '
    population_name_is_prefix: false
    constant_sites_removed: false
    equal_population_sizes: false
    parameters:
        population_size:
            estimate: true
            prior:
                gamma_distribution:
                    shape: 4
                    scale: 0.001
        root_relative_population_size:
            estimate: true
            prior:
                gamma_distribution:
                    shape: 100
                    scale: 0.01
                    offset: 0
        mutation_rate:
            value: 1
            estimate: false
        freq_1:
            value: 0.5
            estimate: false
    operators:
        TimeSizeRateMixer:
            weight: 0
            scale: 0.1
        TimeSizeRateScaler:
            weight: 0
            scale: 0.1
        EventTimeScaler:
            weight: 0
            scale: 0.1
        RootPopulationSizeScaler:
            weight: 1
            scale: 0.05
        LeafPopulationSizeScaler:
            weight: 1
            scale: 0.05
        MutationRateScaler:
            weight: 0
            scale: 0.3
        FreqMover:
            weight: 0
            window: 0.1
        TimeRootSizeMixer:
            weight: 0
            scale: 0.05
- comparison:
    path: ../alignments/Microhyla_berdmorei_COI_Irrawaddy.nex
    ploidy: 2
    genotypes_are_diploid: true
    markers_are_dominant: false
    population_name_delimiter: ' '
    population_name_is_prefix: false
    constant_sites_removed: false
    equal_population_sizes: false
    parameters:
        population_size:
            estimate: true
            prior:
                gamma_distribution:
                    shape: 4
                    scale: 0.001
        root_relative_population_size:
            estimate: true
            prior:
                gamma_distribution:
                    shape: 100
                    scale: 0.01
                    offset: 0
        mutation_rate:
            value: 1
            estimate: false
        freq_1:
            value: 0.5
            estimate: false
    operators:
        TimeSizeRateMixer:
            weight: 0
            scale: 0.1
        TimeSizeRateScaler:
            weight: 0
            scale: 0.1
        EventTimeScaler:
            weight: 0
            scale: 0.1
        RootPopulationSizeScaler:
            weight: 1
            scale: 0.05
        LeafPopulationSizeScaler:
            weight: 1
            scale: 0.05
        MutationRateScaler:
            weight: 0
            scale: 0.3
        FreqMover:
            weight: 0
            window: 0.1
        TimeRootSizeMixer:
            weight: 0
            scale: 0.05
- comparison:
    path: ../alignments/Microlytta_aishani_16S_Chindwin.nex
    ploidy: 2
    genotypes_are_diploid: true
    markers_are_dominant: false
    population_name_delimiter: ' '
    population_name_is_prefix: false
    constant_sites_removed: false
    equal_population_sizes: false
    parameters:
        population_size:
            estimate: true
            prior:
                gamma_distribution:
                    shape: 4
                    scale: 0.001
        root_relative_population_size:
            estimate: true
            prior:
                gamma_distribution:
                    shape: 100
                    scale: 0.01
                    offset: 0
        mutation_rate:
            value: 1
            estimate: false
        freq_1:
            value: 0.5
            estimate: false
    operators:
        TimeSizeRateMixer:
            weight: 0
            scale: 0.1
        TimeSizeRateScaler:
            weight: 0
            scale: 0.1
        EventTimeScaler:
            weight: 0
            scale: 0.1
        RootPopulationSizeScaler:
            weight: 1
            scale: 0.05
        LeafPopulationSizeScaler:
            weight: 1
            scale: 0.05
        MutationRateScaler:
            weight: 0
            scale: 0.3
        FreqMover:
            weight: 0
            window: 0.1
        TimeRootSizeMixer:
            weight: 0
            scale: 0.05
- comparison:
    path: ../alignments/Oligodon_albocinctus_CYTB_Chindwin.nex
    ploidy: 2
    genotypes_are_diploid: true
    markers_are_dominant: false
    population_name_delimiter: ' '
    population_name_is_prefix: false
    constant_sites_removed: false
    equal_population_sizes: false
    parameters:
        population_size:
            estimate: true
            prior:
                gamma_distribution:
                    shape: 4
                    scale: 0.001
        root_relative_population_size:
            estimate: true
            prior:
                gamma_distribution:
                    shape: 100
                    scale: 0.01
                    offset: 0
        mutation_rate:
            value: 1
            estimate: false
        freq_1:
            value: 0.5
            estimate: false
    operators:
        TimeSizeRateMixer:
            weight: 0
            scale: 0.1
        TimeSizeRateScaler:
            weight: 0
            scale: 0.1
        EventTimeScaler:
            weight: 0
            scale: 0.1
        RootPopulationSizeScaler:
            weight: 1
            scale: 0.05
        LeafPopulationSizeScaler:
            weight: 1
            scale: 0.05
        MutationRateScaler:
            weight: 0
            scale: 0.3
        FreqMover:
            weight: 0
            window: 0.1
        TimeRootSizeMixer:
            weight: 0
            scale: 0.05
- comparison:
    path: ../alignments/Trimeresurus_popeiorum_CYTB_Irrawaddy.nex
    ploidy: 2
    genotypes_are_diploid: true
    markers_are_dominant: false
    population_name_delimiter: ' '
    population_name_is_prefix: false
    constant_sites_removed: false
    equal_population_sizes: false
    parameters:
        population_size:
            estimate: true
            prior:
                gamma_distribution:
                    shape: 4
                    scale: 0.001
        root_relative_population_size:
            estimate: true
            prior:
                gamma_distribution:
                    shape: 100
                    scale: 0.01
                    offset: 0
        mutation_rate:
            value: 1
            estimate: false
        freq_1:
            value: 0.5
            estimate: false
    operators:
        TimeSizeRateMixer:
            weight: 0
            scale: 0.1
        TimeSizeRateScaler:
            weight: 0
            scale: 0.1
        EventTimeScaler:
            weight: 0
            scale: 0.1
        RootPopulationSizeScaler:
            weight: 1
            scale: 0.05
        LeafPopulationSizeScaler:
            weight: 1
            scale: 0.05
        MutationRateScaler:
            weight: 0
            scale: 0.3
        FreqMover:
            weight: 0
            window: 0.1
        TimeRootSizeMixer:
            weight: 0
            scale: 0.05
operator_settings:
    auto_optimize: true
    auto_optimize_delay: 1000
    operators:
        ModelOperator:
            weight: 10
            number_of_auxiliary_categories: 4
        ConcentrationScaler:
            weight: 0
            scale: 0.1
        TimeSizeRateMixer:
            weight: 5
            scale: 0.02
        TimeSizeRateScaler:
            weight: 0
            scale: 0.02
        EventTimeScaler:
            weight: 1
            scale: 0.02
        TimeRootSizeMixer:
            weight: 3
            scale: 0.05
----------------------------------------------------------------------

Configuring model...
storing implied block: TAXA
storing read block: DATA

#######################################################################
##############################  WARNING  ##############################
2 sites had more than two nucleotide states from the alignment in:
    '../alignments/Calotes_spp_COI_Irrawaddy.nex'.
These sites have been recoded as biallelic, by treating the first
nucleotide as 0 and all others as 1. If you would prefer to ignore
these sites, please remove all sites with more than two nucleotide
states from your DNA alignments and re-run the analysis.
#######################################################################

storing implied block: TAXA
storing read block: DATA

#######################################################################
##############################  WARNING  ##############################
13 sites had more than two nucleotide states from the alignment in:
    '../alignments/Draco_maculatus_ND2_Irrawaddy.nex'.
These sites have been recoded as biallelic, by treating the first
nucleotide as 0 and all others as 1. If you would prefer to ignore
these sites, please remove all sites with more than two nucleotide
states from your DNA alignments and re-run the analysis.
#######################################################################

storing implied block: TAXA
storing read block: DATA
storing implied block: TAXA
storing read block: DATA

#######################################################################
##############################  WARNING  ##############################
2 sites had more than two nucleotide states from the alignment in:
    '../alignments/Microlytta_aishani_16S_Chindwin.nex'.
These sites have been recoded as biallelic, by treating the first
nucleotide as 0 and all others as 1. If you would prefer to ignore
these sites, please remove all sites with more than two nucleotide
states from your DNA alignments and re-run the analysis.
#######################################################################

storing implied block: TAXA
storing read block: DATA

#######################################################################
##############################  WARNING  ##############################
2 sites had more than two nucleotide states from the alignment in:
    '../alignments/Oligodon_albocinctus_CYTB_Chindwin.nex'.
These sites have been recoded as biallelic, by treating the first
nucleotide as 0 and all others as 1. If you would prefer to ignore
these sites, please remove all sites with more than two nucleotide
states from your DNA alignments and re-run the analysis.
#######################################################################

storing implied block: TAXA
storing read block: DATA

----------------------------------------------------------------------
Summary of data from 6 comparisons:
    Summary of data from '../alignments/Calotes_spp_COI_Irrawaddy.nex':
        Genotypes: diploid
        Markers are dominant? false
        Number of populations: 2
        Number of sites: 600
        Number of variable sites: 38
        Number of patterns: 7
        Patterns folded? true
        Population label (max # of alleles sampled):
            E3 (12)
            W3 (10)
    Summary of data from '../alignments/Draco_maculatus_ND2_Irrawaddy.nex':
        Genotypes: diploid
        Markers are dominant? false
        Number of populations: 2
        Number of sites: 1032
        Number of variable sites: 185
        Number of patterns: 41
        Patterns folded? true
        Population label (max # of alleles sampled):
            W8 (50)
            E8 (16)
    Summary of data from '../alignments/Microhyla_berdmorei_COI_Irrawaddy.nex':
        Genotypes: diploid
        Markers are dominant? false
        Number of populations: 2
        Number of sites: 655
        Number of variable sites: 36
        Number of patterns: 9
        Patterns folded? true
        Population label (max # of alleles sampled):
            E10 (8)
            W10 (6)
    Summary of data from '../alignments/Microlytta_aishani_16S_Chindwin.nex':
        Genotypes: diploid
        Markers are dominant? false
        Number of populations: 2
        Number of sites: 598
        Number of variable sites: 10
        Number of patterns: 14
        Patterns folded? true
        Population label (max # of alleles sampled):
            E (10)
            W (4)
    Summary of data from '../alignments/Oligodon_albocinctus_CYTB_Chindwin.nex':
        Genotypes: diploid
        Markers are dominant? false
        Number of populations: 2
        Number of sites: 1098
        Number of variable sites: 66
        Number of patterns: 22
        Patterns folded? true
        Population label (max # of alleles sampled):
            E13 (12)
            W13 (4)
    Summary of data from '../alignments/Trimeresurus_popeiorum_CYTB_Irrawaddy.nex':
        Genotypes: diploid
        Markers are dominant? false
        Number of populations: 2
        Number of sites: 1124
        Number of variable sites: 15
        Number of patterns: 9
        Patterns folded? true
        Population label (max # of alleles sampled):
            W14 (4)
            E14 (12)
----------------------------------------------------------------------

Number of threads: 1
Firing up MCMC...
State log path: config-state-run-1.log
Operator log path: config-operator-run-1.log
generation	ln_likelihood	ln_prior	number_of_events	concentration
0	-9402.22	86.7355	6	7.5
500	-8475.9	74.4734	6	7.5
1000	-8467.77	61.9329	5	7.5
1500	-8468.39	63.7103	5	7.5
2000	-8467.1	66.6993	5	7.5
2500	-8466.16	64.4705	5	7.5
3000	-8466.4	58.2401	5	7.5
3500	-8460.44	60.2512	5	7.5
4000	-8476.25	68.8563	4	7.5
4500	-8467.61	74.6522	6	7.5
5000	-8471.3	74.9384	6	7.5
5500	-8467.87	60.4607	4	7.5
6000	-8475.17	61.9408	5	7.5
6500	-8464.59	54.5322	4	7.5
7000	-8468.34	66.3959	6	7.5
7500	-8465.64	61.5111	4	7.5
8000	-8472.53	67.7103	6	7.5
8500	-8468.87	67.3542	5	7.5
9000	-8468.36	65.3428	4	7.5
9500	-8467.78	70.2291	6	7.5
10000	-8474.48	56.2851	4	7.5
10500	-8472.96	61.7755	4	7.5
11000	-8473.07	59.4789	3	7.5
11500	-8473.54	61.1801	4	7.5
12000	-8469.39	57.3038	4	7.5
12500	-8462.93	61.4841	5	7.5
13000	-8464.26	71.6585	6	7.5
13500	-8471.69	68.7503	5	7.5
14000	-8471	75.5686	6	7.5
14500	-8467	61.2297	5	7.5
15000	-8463.8	63.4199	6	7.5
15500	-8471.63	65.613	5	7.5
16000	-8471.72	67.7643	6	7.5
16500	-8471.9	69.8081	6	7.5
17000	-8469.24	59.8831	5	7.5
17500	-8477.81	73.692	6	7.5
18000	-8475.84	69.5383	5	7.5
18500	-8466.78	64.0003	5	7.5
19000	-8470.39	69.2517	5	7.5
19500	-8465.17	67.3257	6	7.5
20000	-8470.65	70.6091	6	7.5
20500	-8471.2	64.2269	5	7.5
21000	-8477.78	67.1307	5	7.5
21500	-8468.25	67.06	5	7.5
22000	-8475	72.7208	5	7.5
22500	-8474.75	71.5785	6	7.5
23000	-8465.99	62.8941	5	7.5
23500	-8469.75	59.1277	3	7.5
24000	-8473.36	67.5799	5	7.5
24500	-8492.2	81.7637	6	7.5
25000	-8464.54	60.6796	4	7.5
25500	-8470.46	65.1552	5	7.5
26000	-8466.98	68.644	6	7.5
26500	-8475.45	71.257	5	7.5
27000	-8466.21	62.9048	5	7.5
27500	-8470.5	63.1814	4	7.5
28000	-8471.13	57.9924	4	7.5
28500	-8473.26	74.9542	6	7.5
29000	-8469	57.1519	4	7.5
29500	-8470.57	68.5183	6	7.5
30000	-8471.82	63.2648	5	7.5
30500	-8474.62	75.3122	6	7.5
31000	-8470.61	60.0781	5	7.5
31500	-8480.14	69.1039	5	7.5
32000	-8471.5	62.0357	5	7.5
32500	-8475.51	66.0096	4	7.5
33000	-8464.7	58.204	4	7.5
33500	-8472.06	64.6189	4	7.5
34000	-8470.68	67.82	5	7.5
34500	-8469.59	69.796	5	7.5
35000	-8469.96	64.3976	5	7.5
35500	-8473.66	74.8576	6	7.5
36000	-8468.87	64.7564	5	7.5
36500	-8468.99	66.6526	5	7.5
37000	-8468.11	72.7026	6	7.5
37500	-8470.56	69.3807	6	7.5
38000	-8469.11	67.4406	6	7.5
38500	-8467.05	70.4967	6	7.5
39000	-8471.74	67.6311	5	7.5
39500	-8462.77	58.5354	5	7.5
40000	-8465.6	66.1366	5	7.5
40500	-8472.27	68.613	5	7.5
41000	-8475.13	69.0684	5	7.5
41500	-8473.47	74.167	6	7.5
42000	-8471.71	67.9848	5	7.5
42500	-8475.74	77.5746	6	7.5
43000	-8469.72	67.8329	5	7.5
43500	-8471.04	73.9584	6	7.5
44000	-8471.01	69.6783	5	7.5
44500	-8472.98	67.3637	5	7.5
45000	-8469.56	55.3739	3	7.5
45500	-8463.08	61.1969	4	7.5
46000	-8482.01	78.8183	6	7.5
46500	-8469.88	65.8451	4	7.5
47000	-8466.13	65.0945	5	7.5
47500	-8470.27	65.0529	5	7.5
48000	-8465.12	53.0743	3	7.5
48500	-8473.22	63.887	4	7.5
49000	-8479.65	74.0156	6	7.5
49500	-8470.95	66.5688	5	7.5
50000	-8467.85	65.4098	5	7.5
50500	-8472.03	68.8848	5	7.5
51000	-8470.63	62.5134	5	7.5
51500	-8472.87	63.2852	5	7.5
52000	-8468.43	73.5502	6	7.5
52500	-8468.37	66.519	5	7.5
53000	-8470.15	66.8541	5	7.5
53500	-8470.2	61.3816	4	7.5
54000	-8474.3	63.5321	5	7.5
54500	-8467.79	63.8253	5	7.5
55000	-8479.31	63.9286	4	7.5
55500	-8471.09	71.5507	6	7.5
56000	-8483.19	75.2336	6	7.5
56500	-8467.42	66.6239	5	7.5
57000	-8470.73	65.3749	5	7.5
57500	-8472	73.4138	6	7.5
58000	-8472.67	67.4196	5	7.5
58500	-8464.4	58.7722	4	7.5
59000	-8461.6	63.1947	6	7.5
59500	-8467.9	54.9558	4	7.5
60000	-8472.55	59.7221	4	7.5
60500	-8464.77	63.2139	5	7.5
61000	-8470.17	67.5743	5	7.5
61500	-8476.47	67.2395	4	7.5
62000	-8463.75	64.7263	5	7.5
62500	-8476.85	66.1761	4	7.5
63000	-8472.64	66.7705	5	7.5
63500	-8464.58	63.4456	6	7.5
64000	-8471.98	72.2103	6	7.5
64500	-8475.35	64.5292	5	7.5
65000	-8462.27	65.2474	6	7.5
65500	-8471.38	63.5964	5	7.5
66000	-8469.74	74.055	6	7.5
66500	-8469.56	64.945	5	7.5
67000	-8468.05	61.9058	5	7.5
67500	-8473.13	66.3654	4	7.5
68000	-8473.26	72.5321	6	7.5
68500	-8465.18	60.8007	5	7.5
69000	-8474.84	59.7227	4	7.5
69500	-8469.96	72.0619	6	7.5
70000	-8478.03	77.2879	6	7.5
70500	-8474.35	77.3103	6	7.5
71000	-8469.03	56.466	4	7.5
71500	-8475.55	57.1636	5	7.5
72000	-8465	63.5875	5	7.5
72500	-8471.7	73.5167	6	7.5
73000	-8470.9	65.4277	5	7.5
73500	-8473.99	71.5904	6	7.5
74000	-8472.4	72.1519	6	7.5
74500	-8467.24	63.3599	5	7.5
75000	-8466.85	67.7832	5	7.5

Operator stats:
name	number_accepted	number_rejected	weight	weight_prob	tuning_parameter
DirichletProcessGibbsSampler	23924	0	10	0.322581	none	
TimeSizeRateMixer	31139	30144	5	0.16129	0.242144	
TimeRootSizeMixer	17677	19051	3	0.0967742	0.272251	
EventTimeScaler	118732	112568	1	0.0322581	0.58759	
RootPopulationSizeScaler0	11350	10509	1	0.0322581	0.298617	
LeafPopulationSizeScaler0	12308	9656	1	0.0322581	1.0354	
RootPopulationSizeScaler1	10769	11139	1	0.0322581	0.265275	
LeafPopulationSizeScaler1	12442	9442	1	0.0322581	0.281352	
RootPopulationSizeScaler2	10572	11348	1	0.0322581	0.319417	
LeafPopulationSizeScaler2	12756	9094	1	0.0322581	0.800774	
RootPopulationSizeScaler3	10503	11429	1	0.0322581	0.323337	
LeafPopulationSizeScaler3	13986	7832	1	0.0322581	1.03381	
RootPopulationSizeScaler4	10146	11755	1	0.0322581	0.326982	
LeafPopulationSizeScaler4	11447	10438	1	0.0322581	0.67074	
RootPopulationSizeScaler5	10553	11270	1	0.0322581	0.312387	
LeafPopulationSizeScaler5	12942	8924	1	0.0322581	0.903088	

Runtime: 17953 seconds.
