======================================================================
                              Ecoevolity
                  Estimating evolutionary coevality
       Version 1.1.1 (HEAD 8565100: 2026-01-07T23:13:25-06:00)
======================================================================

Seed: 235431297
Using data in order to sample from the posterior distribution...
Config path: config.yml
Parsing config file...

----------------------------------------------------------------------
---
event_model_prior:
    dirichlet_process:
        parameters:
            concentration:
                value: 7.5
                estimate: false
event_time_prior:
    exponential_distribution:
        rate: 100
mcmc_settings:
    chain_length: 75000
    sample_frequency: 50
comparisons:
- comparison:
    path: ../alignments/Calotes_spp_COI_Irrawaddy.nex
    ploidy: 2
    genotypes_are_diploid: true
    markers_are_dominant: false
    population_name_delimiter: ' '
    population_name_is_prefix: false
    constant_sites_removed: false
    equal_population_sizes: false
    parameters:
        population_size:
            estimate: true
            prior:
                gamma_distribution:
                    shape: 4
                    scale: 0.001
        root_relative_population_size:
            estimate: true
            prior:
                gamma_distribution:
                    shape: 100
                    scale: 0.01
                    offset: 0
        mutation_rate:
            value: 1
            estimate: false
        freq_1:
            value: 0.5
            estimate: false
    operators:
        TimeSizeRateMixer:
            weight: 0
            scale: 0.1
        TimeSizeRateScaler:
            weight: 0
            scale: 0.1
        EventTimeScaler:
            weight: 0
            scale: 0.1
        RootPopulationSizeScaler:
            weight: 1
            scale: 0.05
        LeafPopulationSizeScaler:
            weight: 1
            scale: 0.05
        MutationRateScaler:
            weight: 0
            scale: 0.3
        FreqMover:
            weight: 0
            window: 0.1
        TimeRootSizeMixer:
            weight: 0
            scale: 0.05
- comparison:
    path: ../alignments/Draco_maculatus_ND2_Irrawaddy.nex
    ploidy: 2
    genotypes_are_diploid: true
    markers_are_dominant: false
    population_name_delimiter: ' '
    population_name_is_prefix: false
    constant_sites_removed: false
    equal_population_sizes: false
    parameters:
        population_size:
            estimate: true
            prior:
                gamma_distribution:
                    shape: 4
                    scale: 0.001
        root_relative_population_size:
            estimate: true
            prior:
                gamma_distribution:
                    shape: 100
                    scale: 0.01
                    offset: 0
        mutation_rate:
            value: 1
            estimate: false
        freq_1:
            value: 0.5
            estimate: false
    operators:
        TimeSizeRateMixer:
            weight: 0
            scale: 0.1
        TimeSizeRateScaler:
            weight: 0
            scale: 0.1
        EventTimeScaler:
            weight: 0
            scale: 0.1
        RootPopulationSizeScaler:
            weight: 1
            scale: 0.05
        LeafPopulationSizeScaler:
            weight: 1
            scale: 0.05
        MutationRateScaler:
            weight: 0
            scale: 0.3
        FreqMover:
            weight: 0
            window: 0.1
        TimeRootSizeMixer:
            weight: 0
            scale: 0.05
- comparison:
    path: ../alignments/Microhyla_berdmorei_COI_Irrawaddy.nex
    ploidy: 2
    genotypes_are_diploid: true
    markers_are_dominant: false
    population_name_delimiter: ' '
    population_name_is_prefix: false
    constant_sites_removed: false
    equal_population_sizes: false
    parameters:
        population_size:
            estimate: true
            prior:
                gamma_distribution:
                    shape: 4
                    scale: 0.001
        root_relative_population_size:
            estimate: true
            prior:
                gamma_distribution:
                    shape: 100
                    scale: 0.01
                    offset: 0
        mutation_rate:
            value: 1
            estimate: false
        freq_1:
            value: 0.5
            estimate: false
    operators:
        TimeSizeRateMixer:
            weight: 0
            scale: 0.1
        TimeSizeRateScaler:
            weight: 0
            scale: 0.1
        EventTimeScaler:
            weight: 0
            scale: 0.1
        RootPopulationSizeScaler:
            weight: 1
            scale: 0.05
        LeafPopulationSizeScaler:
            weight: 1
            scale: 0.05
        MutationRateScaler:
            weight: 0
            scale: 0.3
        FreqMover:
            weight: 0
            window: 0.1
        TimeRootSizeMixer:
            weight: 0
            scale: 0.05
- comparison:
    path: ../alignments/Microlytta_aishani_16S_Chindwin.nex
    ploidy: 2
    genotypes_are_diploid: true
    markers_are_dominant: false
    population_name_delimiter: ' '
    population_name_is_prefix: false
    constant_sites_removed: false
    equal_population_sizes: false
    parameters:
        population_size:
            estimate: true
            prior:
                gamma_distribution:
                    shape: 4
                    scale: 0.001
        root_relative_population_size:
            estimate: true
            prior:
                gamma_distribution:
                    shape: 100
                    scale: 0.01
                    offset: 0
        mutation_rate:
            value: 1
            estimate: false
        freq_1:
            value: 0.5
            estimate: false
    operators:
        TimeSizeRateMixer:
            weight: 0
            scale: 0.1
        TimeSizeRateScaler:
            weight: 0
            scale: 0.1
        EventTimeScaler:
            weight: 0
            scale: 0.1
        RootPopulationSizeScaler:
            weight: 1
            scale: 0.05
        LeafPopulationSizeScaler:
            weight: 1
            scale: 0.05
        MutationRateScaler:
            weight: 0
            scale: 0.3
        FreqMover:
            weight: 0
            window: 0.1
        TimeRootSizeMixer:
            weight: 0
            scale: 0.05
- comparison:
    path: ../alignments/Oligodon_albocinctus_CYTB_Chindwin.nex
    ploidy: 2
    genotypes_are_diploid: true
    markers_are_dominant: false
    population_name_delimiter: ' '
    population_name_is_prefix: false
    constant_sites_removed: false
    equal_population_sizes: false
    parameters:
        population_size:
            estimate: true
            prior:
                gamma_distribution:
                    shape: 4
                    scale: 0.001
        root_relative_population_size:
            estimate: true
            prior:
                gamma_distribution:
                    shape: 100
                    scale: 0.01
                    offset: 0
        mutation_rate:
            value: 1
            estimate: false
        freq_1:
            value: 0.5
            estimate: false
    operators:
        TimeSizeRateMixer:
            weight: 0
            scale: 0.1
        TimeSizeRateScaler:
            weight: 0
            scale: 0.1
        EventTimeScaler:
            weight: 0
            scale: 0.1
        RootPopulationSizeScaler:
            weight: 1
            scale: 0.05
        LeafPopulationSizeScaler:
            weight: 1
            scale: 0.05
        MutationRateScaler:
            weight: 0
            scale: 0.3
        FreqMover:
            weight: 0
            window: 0.1
        TimeRootSizeMixer:
            weight: 0
            scale: 0.05
- comparison:
    path: ../alignments/Trimeresurus_popeiorum_CYTB_Irrawaddy.nex
    ploidy: 2
    genotypes_are_diploid: true
    markers_are_dominant: false
    population_name_delimiter: ' '
    population_name_is_prefix: false
    constant_sites_removed: false
    equal_population_sizes: false
    parameters:
        population_size:
            estimate: true
            prior:
                gamma_distribution:
                    shape: 4
                    scale: 0.001
        root_relative_population_size:
            estimate: true
            prior:
                gamma_distribution:
                    shape: 100
                    scale: 0.01
                    offset: 0
        mutation_rate:
            value: 1
            estimate: false
        freq_1:
            value: 0.5
            estimate: false
    operators:
        TimeSizeRateMixer:
            weight: 0
            scale: 0.1
        TimeSizeRateScaler:
            weight: 0
            scale: 0.1
        EventTimeScaler:
            weight: 0
            scale: 0.1
        RootPopulationSizeScaler:
            weight: 1
            scale: 0.05
        LeafPopulationSizeScaler:
            weight: 1
            scale: 0.05
        MutationRateScaler:
            weight: 0
            scale: 0.3
        FreqMover:
            weight: 0
            window: 0.1
        TimeRootSizeMixer:
            weight: 0
            scale: 0.05
operator_settings:
    auto_optimize: true
    auto_optimize_delay: 1000
    operators:
        ModelOperator:
            weight: 10
            number_of_auxiliary_categories: 4
        ConcentrationScaler:
            weight: 0
            scale: 0.1
        TimeSizeRateMixer:
            weight: 5
            scale: 0.02
        TimeSizeRateScaler:
            weight: 0
            scale: 0.02
        EventTimeScaler:
            weight: 1
            scale: 0.02
        TimeRootSizeMixer:
            weight: 3
            scale: 0.05
----------------------------------------------------------------------

Configuring model...
storing implied block: TAXA
storing read block: DATA

#######################################################################
##############################  WARNING  ##############################
2 sites had more than two nucleotide states from the alignment in:
    '../alignments/Calotes_spp_COI_Irrawaddy.nex'.
These sites have been recoded as biallelic, by treating the first
nucleotide as 0 and all others as 1. If you would prefer to ignore
these sites, please remove all sites with more than two nucleotide
states from your DNA alignments and re-run the analysis.
#######################################################################

storing implied block: TAXA
storing read block: DATA

#######################################################################
##############################  WARNING  ##############################
13 sites had more than two nucleotide states from the alignment in:
    '../alignments/Draco_maculatus_ND2_Irrawaddy.nex'.
These sites have been recoded as biallelic, by treating the first
nucleotide as 0 and all others as 1. If you would prefer to ignore
these sites, please remove all sites with more than two nucleotide
states from your DNA alignments and re-run the analysis.
#######################################################################

storing implied block: TAXA
storing read block: DATA
storing implied block: TAXA
storing read block: DATA

#######################################################################
##############################  WARNING  ##############################
2 sites had more than two nucleotide states from the alignment in:
    '../alignments/Microlytta_aishani_16S_Chindwin.nex'.
These sites have been recoded as biallelic, by treating the first
nucleotide as 0 and all others as 1. If you would prefer to ignore
these sites, please remove all sites with more than two nucleotide
states from your DNA alignments and re-run the analysis.
#######################################################################

storing implied block: TAXA
storing read block: DATA

#######################################################################
##############################  WARNING  ##############################
2 sites had more than two nucleotide states from the alignment in:
    '../alignments/Oligodon_albocinctus_CYTB_Chindwin.nex'.
These sites have been recoded as biallelic, by treating the first
nucleotide as 0 and all others as 1. If you would prefer to ignore
these sites, please remove all sites with more than two nucleotide
states from your DNA alignments and re-run the analysis.
#######################################################################

storing implied block: TAXA
storing read block: DATA

----------------------------------------------------------------------
Summary of data from 6 comparisons:
    Summary of data from '../alignments/Calotes_spp_COI_Irrawaddy.nex':
        Genotypes: diploid
        Markers are dominant? false
        Number of populations: 2
        Number of sites: 600
        Number of variable sites: 38
        Number of patterns: 7
        Patterns folded? true
        Population label (max # of alleles sampled):
            E3 (12)
            W3 (10)
    Summary of data from '../alignments/Draco_maculatus_ND2_Irrawaddy.nex':
        Genotypes: diploid
        Markers are dominant? false
        Number of populations: 2
        Number of sites: 1032
        Number of variable sites: 185
        Number of patterns: 41
        Patterns folded? true
        Population label (max # of alleles sampled):
            W8 (50)
            E8 (16)
    Summary of data from '../alignments/Microhyla_berdmorei_COI_Irrawaddy.nex':
        Genotypes: diploid
        Markers are dominant? false
        Number of populations: 2
        Number of sites: 655
        Number of variable sites: 36
        Number of patterns: 9
        Patterns folded? true
        Population label (max # of alleles sampled):
            E10 (8)
            W10 (6)
    Summary of data from '../alignments/Microlytta_aishani_16S_Chindwin.nex':
        Genotypes: diploid
        Markers are dominant? false
        Number of populations: 2
        Number of sites: 598
        Number of variable sites: 10
        Number of patterns: 14
        Patterns folded? true
        Population label (max # of alleles sampled):
            E (10)
            W (4)
    Summary of data from '../alignments/Oligodon_albocinctus_CYTB_Chindwin.nex':
        Genotypes: diploid
        Markers are dominant? false
        Number of populations: 2
        Number of sites: 1098
        Number of variable sites: 66
        Number of patterns: 22
        Patterns folded? true
        Population label (max # of alleles sampled):
            E13 (12)
            W13 (4)
    Summary of data from '../alignments/Trimeresurus_popeiorum_CYTB_Irrawaddy.nex':
        Genotypes: diploid
        Markers are dominant? false
        Number of populations: 2
        Number of sites: 1124
        Number of variable sites: 15
        Number of patterns: 9
        Patterns folded? true
        Population label (max # of alleles sampled):
            W14 (4)
            E14 (12)
----------------------------------------------------------------------

Number of threads: 1
Firing up MCMC...
State log path: config-state-run-1.log
Operator log path: config-operator-run-1.log
generation	ln_likelihood	ln_prior	number_of_events	concentration
0	-8980.79	82.7806	6	7.5
500	-8475.11	64.5276	4	7.5
1000	-8471.56	73.8026	6	7.5
1500	-8470.44	65.7708	4	7.5
2000	-8468.35	61.976	5	7.5
2500	-8472.65	67.6128	5	7.5
3000	-8474.14	76.0165	6	7.5
3500	-8473.49	61.1301	4	7.5
4000	-8472	68.551	5	7.5
4500	-8463.68	53.7735	4	7.5
5000	-8470.39	66.7584	5	7.5
5500	-8476.42	74.6317	6	7.5
6000	-8465.33	62.8434	5	7.5
6500	-8472	68.6947	6	7.5
7000	-8469.78	58.2756	3	7.5
7500	-8467.58	69.7289	5	7.5
8000	-8469.74	65.5368	5	7.5
8500	-8467.88	64.7353	5	7.5
9000	-8475.88	73.0609	6	7.5
9500	-8476.18	58.1263	5	7.5
10000	-8469.25	66.3854	5	7.5
10500	-8469.42	69.5571	5	7.5
11000	-8471.91	63.0839	4	7.5
11500	-8466.6	62.0704	5	7.5
12000	-8476.73	63.56	4	7.5
12500	-8472.99	63.8271	5	7.5
13000	-8475.12	66.7825	4	7.5
13500	-8469.05	57.9241	4	7.5
14000	-8473.13	68.1988	6	7.5
14500	-8472.16	74.3002	6	7.5
15000	-8473.09	73.5318	6	7.5
15500	-8472.73	66.8392	6	7.5
16000	-8469.92	63.4075	4	7.5
16500	-8466.44	69.7999	6	7.5
17000	-8463.17	64.8712	6	7.5
17500	-8472.9	66.0748	6	7.5
18000	-8470.68	67.7864	5	7.5
18500	-8475.37	64.6998	4	7.5
19000	-8481.47	70.5304	5	7.5
19500	-8474.94	66.4796	4	7.5
20000	-8471.52	65.7109	5	7.5
20500	-8472.06	70.8518	5	7.5
21000	-8469.52	66.9471	5	7.5
21500	-8468.55	62.7142	5	7.5
22000	-8466.14	62.3341	5	7.5
22500	-8470.24	61.0621	6	7.5
23000	-8477.14	73.5668	6	7.5
23500	-8476.67	66.6651	5	7.5
24000	-8466.45	63.4511	5	7.5
24500	-8468.13	64.2618	5	7.5
25000	-8471.43	61.93	5	7.5
25500	-8470.9	65.732	5	7.5
26000	-8471.52	71.0947	5	7.5
26500	-8474.38	69.0127	6	7.5
27000	-8468.88	59.1452	5	7.5
27500	-8466.07	65.1505	5	7.5
28000	-8473.76	72.3714	6	7.5
28500	-8481.65	66.3002	5	7.5
29000	-8476.47	76.2804	6	7.5
29500	-8479.36	66.6393	5	7.5
30000	-8469.04	75.4595	6	7.5
30500	-8475.16	68.0135	5	7.5
31000	-8471.44	65.3216	4	7.5
31500	-8471.85	68.4639	5	7.5
32000	-8478.62	65.8155	4	7.5
32500	-8465.29	70.4787	6	7.5
33000	-8480.52	73.1977	5	7.5
33500	-8470.81	60.8225	4	7.5
34000	-8472.25	71.0152	5	7.5
34500	-8470.8	62.3603	4	7.5
35000	-8463.19	66.357	5	7.5
35500	-8466.82	65.5916	5	7.5
36000	-8466.01	65.9131	5	7.5
36500	-8476.03	68.1745	5	7.5
37000	-8470.3	63.4126	5	7.5
37500	-8475.29	64.762	4	7.5
38000	-8464.28	55.2106	5	7.5
38500	-8466.03	63.6177	5	7.5
39000	-8465.97	66.6547	6	7.5
39500	-8467.57	68.8483	5	7.5
40000	-8475.36	74.4094	6	7.5
40500	-8469.45	66.4099	5	7.5
41000	-8472.3	66.1848	5	7.5
41500	-8468.59	61.5801	4	7.5
42000	-8469.44	56.0586	4	7.5
42500	-8471.53	64.9319	4	7.5
43000	-8467.19	68.9474	6	7.5
43500	-8471.52	61.7067	4	7.5
44000	-8470.12	65.277	5	7.5
44500	-8480	71.9777	5	7.5
45000	-8473.59	70.2901	5	7.5
45500	-8475.61	67.7186	5	7.5
46000	-8467.92	71.1352	6	7.5
46500	-8464.82	60.7107	5	7.5
47000	-8469.94	69.659	5	7.5
47500	-8466.19	63.4411	5	7.5
48000	-8473.71	63.1852	5	7.5
48500	-8471.97	72.8482	6	7.5
49000	-8467.38	63.7874	5	7.5
49500	-8466.83	71.6814	6	7.5
50000	-8474.32	73.4021	6	7.5
50500	-8470.66	58.9044	4	7.5
51000	-8466.72	70.4974	6	7.5
51500	-8468.75	62.3055	5	7.5
52000	-8468.07	62.5214	5	7.5
52500	-8462.29	66.1016	6	7.5
53000	-8464.75	58.509	4	7.5
53500	-8475.99	68.3808	5	7.5
54000	-8476.32	65.9972	4	7.5
54500	-8480.87	76.6022	6	7.5
55000	-8469.97	53.1187	4	7.5
55500	-8476.34	67.2883	5	7.5
56000	-8465.73	66.6066	5	7.5
56500	-8462.23	60.0406	6	7.5
57000	-8464.24	58.3326	4	7.5
57500	-8471.87	71.2737	6	7.5
58000	-8469.23	65.5006	6	7.5
58500	-8469.65	54.8061	4	7.5
59000	-8465.46	63.9174	5	7.5
59500	-8474.48	57.13	3	7.5
60000	-8468.42	67.3562	5	7.5
60500	-8464.4	50.0024	4	7.5
61000	-8468.22	61.8089	5	7.5
61500	-8476.43	64.6132	5	7.5
62000	-8465.21	63.673	5	7.5
62500	-8472.91	64.8724	5	7.5
63000	-8472.48	59.4115	5	7.5
63500	-8461.95	65.9168	6	7.5
64000	-8463.52	69.7774	6	7.5
64500	-8469.73	67.7362	6	7.5
65000	-8478.12	58.9933	3	7.5
65500	-8469.54	68.2779	5	7.5
66000	-8473.7	69.6854	6	7.5
66500	-8468.9	65.5987	5	7.5
67000	-8474.33	61.4792	4	7.5
67500	-8468.31	63.1679	5	7.5
68000	-8469.37	64.8166	5	7.5
68500	-8472.84	58.7588	4	7.5
69000	-8471.8	67.6687	6	7.5
69500	-8467.95	58.7402	4	7.5
70000	-8466.87	64.8212	5	7.5
70500	-8469.34	57.1004	4	7.5
71000	-8468.87	59.4475	4	7.5
71500	-8461.15	58.4162	6	7.5
72000	-8465.42	71.7345	6	7.5
72500	-8465.92	57.0229	4	7.5
73000	-8471.5	60.8162	4	7.5
73500	-8467.85	60.6532	5	7.5
74000	-8474.82	66.8908	5	7.5
74500	-8475.46	72.9154	6	7.5
75000	-8477.7	65.3188	5	7.5

Operator stats:
name	number_accepted	number_rejected	weight	weight_prob	tuning_parameter
DirichletProcessGibbsSampler	24090	0	10	0.322581	none	
TimeSizeRateMixer	30972	30213	5	0.16129	0.244166	
TimeRootSizeMixer	17401	19942	3	0.0967742	0.277561	
EventTimeScaler	117749	114728	1	0.0322581	0.596007	
RootPopulationSizeScaler0	10497	11524	1	0.0322581	0.328388	
LeafPopulationSizeScaler0	12523	9515	1	0.0322581	1.02567	
RootPopulationSizeScaler1	10097	11852	1	0.0322581	0.278089	
LeafPopulationSizeScaler1	10274	11722	1	0.0322581	0.337405	
RootPopulationSizeScaler2	10431	11492	1	0.0322581	0.321153	
LeafPopulationSizeScaler2	13155	8871	1	0.0322581	0.782827	
RootPopulationSizeScaler3	10510	11476	1	0.0322581	0.321132	
LeafPopulationSizeScaler3	12954	9019	1	0.0322581	1.18021	
RootPopulationSizeScaler4	10584	11448	1	0.0322581	0.320583	
LeafPopulationSizeScaler4	12206	9823	1	0.0322581	0.627249	
RootPopulationSizeScaler5	10710	11289	1	0.0322581	0.312317	
LeafPopulationSizeScaler5	12626	9265	1	0.0322581	0.919832	

Runtime: 18166 seconds.
