======================================================================
                              Ecoevolity
                  Estimating evolutionary coevality
       Version 1.1.1 (HEAD 8565100: 2026-01-07T23:13:25-06:00)
======================================================================

Seed: 2043986633
Using data in order to sample from the posterior distribution...
Config path: config.yml
Parsing config file...

----------------------------------------------------------------------
---
event_model_prior:
    dirichlet_process:
        parameters:
            concentration:
                value: 7.5
                estimate: false
event_time_prior:
    exponential_distribution:
        rate: 100
mcmc_settings:
    chain_length: 75000
    sample_frequency: 50
comparisons:
- comparison:
    path: ../alignments/Acanthosaura_crucigera_CYTB_Salween.nex
    ploidy: 2
    genotypes_are_diploid: true
    markers_are_dominant: false
    population_name_delimiter: ' '
    population_name_is_prefix: false
    constant_sites_removed: false
    equal_population_sizes: false
    parameters:
        population_size:
            estimate: true
            prior:
                gamma_distribution:
                    shape: 4
                    scale: 0.001
        root_relative_population_size:
            estimate: true
            prior:
                gamma_distribution:
                    shape: 100
                    scale: 0.01
                    offset: 0
        mutation_rate:
            value: 1
            estimate: false
        freq_1:
            value: 0.5
            estimate: false
    operators:
        TimeSizeRateMixer:
            weight: 0
            scale: 0.1
        TimeSizeRateScaler:
            weight: 0
            scale: 0.1
        EventTimeScaler:
            weight: 0
            scale: 0.1
        RootPopulationSizeScaler:
            weight: 1
            scale: 0.05
        LeafPopulationSizeScaler:
            weight: 1
            scale: 0.05
        MutationRateScaler:
            weight: 0
            scale: 0.3
        FreqMover:
            weight: 0
            window: 0.1
        TimeRootSizeMixer:
            weight: 0
            scale: 0.05
- comparison:
    path: ../alignments/Draco_maculatus_ND2_Salween.nex
    ploidy: 2
    genotypes_are_diploid: true
    markers_are_dominant: false
    population_name_delimiter: ' '
    population_name_is_prefix: false
    constant_sites_removed: false
    equal_population_sizes: false
    parameters:
        population_size:
            estimate: true
            prior:
                gamma_distribution:
                    shape: 4
                    scale: 0.001
        root_relative_population_size:
            estimate: true
            prior:
                gamma_distribution:
                    shape: 100
                    scale: 0.01
                    offset: 0
        mutation_rate:
            value: 1
            estimate: false
        freq_1:
            value: 0.5
            estimate: false
    operators:
        TimeSizeRateMixer:
            weight: 0
            scale: 0.1
        TimeSizeRateScaler:
            weight: 0
            scale: 0.1
        EventTimeScaler:
            weight: 0
            scale: 0.1
        RootPopulationSizeScaler:
            weight: 1
            scale: 0.05
        LeafPopulationSizeScaler:
            weight: 1
            scale: 0.05
        MutationRateScaler:
            weight: 0
            scale: 0.3
        FreqMover:
            weight: 0
            window: 0.1
        TimeRootSizeMixer:
            weight: 0
            scale: 0.05
- comparison:
    path: ../alignments/Trimeresurus_lanna_CYTB_Salween.nex
    ploidy: 2
    genotypes_are_diploid: true
    markers_are_dominant: false
    population_name_delimiter: ' '
    population_name_is_prefix: false
    constant_sites_removed: false
    equal_population_sizes: false
    parameters:
        population_size:
            estimate: true
            prior:
                gamma_distribution:
                    shape: 4
                    scale: 0.001
        root_relative_population_size:
            estimate: true
            prior:
                gamma_distribution:
                    shape: 100
                    scale: 0.01
                    offset: 0
        mutation_rate:
            value: 1
            estimate: false
        freq_1:
            value: 0.5
            estimate: false
    operators:
        TimeSizeRateMixer:
            weight: 0
            scale: 0.1
        TimeSizeRateScaler:
            weight: 0
            scale: 0.1
        EventTimeScaler:
            weight: 0
            scale: 0.1
        RootPopulationSizeScaler:
            weight: 1
            scale: 0.05
        LeafPopulationSizeScaler:
            weight: 1
            scale: 0.05
        MutationRateScaler:
            weight: 0
            scale: 0.3
        FreqMover:
            weight: 0
            window: 0.1
        TimeRootSizeMixer:
            weight: 0
            scale: 0.05
operator_settings:
    auto_optimize: true
    auto_optimize_delay: 1000
    operators:
        ModelOperator:
            weight: 10
            number_of_auxiliary_categories: 4
        ConcentrationScaler:
            weight: 0
            scale: 0.1
        TimeSizeRateMixer:
            weight: 5
            scale: 0.02
        TimeSizeRateScaler:
            weight: 0
            scale: 0.02
        EventTimeScaler:
            weight: 1
            scale: 0.02
        TimeRootSizeMixer:
            weight: 3
            scale: 0.05
----------------------------------------------------------------------

Configuring model...
storing implied block: TAXA
storing read block: DATA

#######################################################################
##############################  WARNING  ##############################
5 sites had more than two nucleotide states from the alignment in:
    '../alignments/Acanthosaura_crucigera_CYTB_Salween.nex'.
These sites have been recoded as biallelic, by treating the first
nucleotide as 0 and all others as 1. If you would prefer to ignore
these sites, please remove all sites with more than two nucleotide
states from your DNA alignments and re-run the analysis.
#######################################################################

storing implied block: TAXA
storing read block: DATA

#######################################################################
##############################  WARNING  ##############################
24 sites had more than two nucleotide states from the alignment in:
    '../alignments/Draco_maculatus_ND2_Salween.nex'.
These sites have been recoded as biallelic, by treating the first
nucleotide as 0 and all others as 1. If you would prefer to ignore
these sites, please remove all sites with more than two nucleotide
states from your DNA alignments and re-run the analysis.
#######################################################################

storing implied block: TAXA
storing read block: DATA

----------------------------------------------------------------------
Summary of data from 3 comparisons:
    Summary of data from '../alignments/Acanthosaura_crucigera_CYTB_Salween.nex':
        Genotypes: diploid
        Markers are dominant? false
        Number of populations: 2
        Number of sites: 900
        Number of variable sites: 130
        Number of patterns: 8
        Patterns folded? true
        Population label (max # of alleles sampled):
            W1 (4)
            E1 (10)
    Summary of data from '../alignments/Draco_maculatus_ND2_Salween.nex':
        Genotypes: diploid
        Markers are dominant? false
        Number of populations: 2
        Number of sites: 1032
        Number of variable sites: 212
        Number of patterns: 31
        Patterns folded? true
        Population label (max # of alleles sampled):
            E3 (14)
            W3 (16)
    Summary of data from '../alignments/Trimeresurus_lanna_CYTB_Salween.nex':
        Genotypes: diploid
        Markers are dominant? false
        Number of populations: 2
        Number of sites: 1124
        Number of variable sites: 46
        Number of patterns: 21
        Patterns folded? true
        Population label (max # of alleles sampled):
            W5 (6)
            E5 (14)
----------------------------------------------------------------------

Number of threads: 1
Firing up MCMC...
State log path: config-state-run-1.log
Operator log path: config-operator-run-1.log
generation	ln_likelihood	ln_prior	number_of_events	concentration
0	-7160.35	44.2786	3	7.5
500	-6381.61	30.1073	3	7.5
1000	-6372.92	25.4828	3	7.5
1500	-6372.98	26.5848	3	7.5
2000	-6374.93	26.2125	3	7.5
2500	-6373	23.5219	3	7.5
3000	-6370.5	24.0883	3	7.5
3500	-6382.16	23.7141	2	7.5
4000	-6376.82	24.7236	3	7.5
4500	-6372.3	21.7381	3	7.5
5000	-6372.08	20.9966	3	7.5
5500	-6380.41	30.7723	3	7.5
6000	-6375.39	17.2764	2	7.5
6500	-6374.36	27.7452	3	7.5
7000	-6374.7	29.8547	3	7.5
7500	-6377.83	29.5572	3	7.5
8000	-6375.03	26.5674	3	7.5
8500	-6374.22	21.7067	2	7.5
9000	-6377.46	29.1017	3	7.5
9500	-6372.13	26.1816	3	7.5
10000	-6378.89	30.3167	3	7.5
10500	-6378.63	27.875	3	7.5
11000	-6378.45	31.1202	3	7.5
11500	-6378.61	26.4942	3	7.5
12000	-6374.03	27.5008	3	7.5
12500	-6375.18	26.6945	3	7.5
13000	-6379.79	29.177	3	7.5
13500	-6372.28	26.0091	3	7.5
14000	-6375.15	26.1671	3	7.5
14500	-6376.23	28.756	3	7.5
15000	-6378.61	28.8953	3	7.5
15500	-6375.63	27.6913	3	7.5
16000	-6374.4	24.3985	3	7.5
16500	-6376.53	28.9761	3	7.5
17000	-6371.87	22.9631	3	7.5
17500	-6375.64	25.4961	3	7.5
18000	-6377.21	29.3115	3	7.5
18500	-6375.8	28.7539	3	7.5
19000	-6372.58	25.8034	3	7.5
19500	-6375.58	26.7453	3	7.5
20000	-6374.94	26.4653	3	7.5
20500	-6379.93	28.8493	3	7.5
21000	-6379.5	30.749	3	7.5
21500	-6372.27	24.556	3	7.5
22000	-6380.03	30.2487	3	7.5
22500	-6381.01	26.4113	3	7.5
23000	-6376.37	28.275	3	7.5
23500	-6383.85	27.8418	3	7.5
24000	-6378.87	21.7867	2	7.5
24500	-6375.05	22.4587	3	7.5
25000	-6369.49	22.6175	3	7.5
25500	-6377.93	29.3959	3	7.5
26000	-6377.97	28.1494	3	7.5
26500	-6375.24	28.3288	3	7.5
27000	-6381.55	23.7863	2	7.5
27500	-6372.45	17.5769	2	7.5
28000	-6375.96	24.5612	3	7.5
28500	-6379.63	30.2174	3	7.5
29000	-6379.33	25.2492	2	7.5
29500	-6376.63	27.8074	3	7.5
30000	-6373.6	27.9986	3	7.5
30500	-6381.25	19.0367	2	7.5
31000	-6375.08	25.1273	3	7.5
31500	-6376.02	20.1192	2	7.5
32000	-6376.8	29.2957	3	7.5
32500	-6372.36	23.2525	3	7.5
33000	-6373.68	28.5062	3	7.5
33500	-6381.9	28.8006	3	7.5
34000	-6379.56	30.066	3	7.5
34500	-6374.59	27.3475	3	7.5
35000	-6376.95	27.9157	3	7.5
35500	-6380.52	24.2708	2	7.5
36000	-6373.18	24.5157	3	7.5
36500	-6373.22	26.3682	3	7.5
37000	-6377.92	30.0092	3	7.5
37500	-6371.77	24.1939	3	7.5
38000	-6373.98	27.8606	3	7.5
38500	-6377.9	30.1839	3	7.5
39000	-6371.46	16.5744	3	7.5
39500	-6381.92	33.0158	3	7.5
40000	-6379.42	27.3104	3	7.5
40500	-6382.6	31.2485	3	7.5
41000	-6375.06	26.5089	3	7.5
41500	-6374.17	25.3648	3	7.5
42000	-6378.08	29.0295	3	7.5
42500	-6373.8	26.5284	3	7.5
43000	-6379.86	28.3214	3	7.5
43500	-6377.98	30.2611	3	7.5
44000	-6381.29	26.8649	3	7.5
44500	-6378.71	28.5685	3	7.5
45000	-6378.16	30.1423	3	7.5
45500	-6382.89	25.0096	3	7.5
46000	-6377.4	27.6565	3	7.5
46500	-6374.94	26.4616	3	7.5
47000	-6377.01	28.2652	3	7.5
47500	-6374.96	27.1518	3	7.5
48000	-6377.99	26.1032	3	7.5
48500	-6372.09	25.7829	3	7.5
49000	-6379.13	28.6426	3	7.5
49500	-6375.82	26.7655	3	7.5
50000	-6372.85	27.0811	3	7.5
50500	-6382.02	30.0429	3	7.5
51000	-6372.57	26.7155	3	7.5
51500	-6375.12	28.1444	3	7.5
52000	-6376.68	28.1767	3	7.5
52500	-6378.25	28.3624	3	7.5
53000	-6379.81	30.5806	3	7.5
53500	-6375.12	28.0765	3	7.5
54000	-6372.29	16.9665	3	7.5
54500	-6373.72	24.7117	3	7.5
55000	-6373.74	23.066	3	7.5
55500	-6371.57	22.4049	3	7.5
56000	-6377.69	28.3433	3	7.5
56500	-6376.21	23.7185	3	7.5
57000	-6380.02	31.8356	3	7.5
57500	-6375.49	28.7851	3	7.5
58000	-6373.68	27.2084	3	7.5
58500	-6379.46	25.8713	3	7.5
59000	-6376.45	27.4329	3	7.5
59500	-6373.59	26.4495	3	7.5
60000	-6374.93	27.3376	3	7.5
60500	-6381.07	30.3817	3	7.5
61000	-6377.98	24.3076	3	7.5
61500	-6378.07	30.2138	3	7.5
62000	-6379.14	32.4026	3	7.5
62500	-6374	27.0043	3	7.5
63000	-6375.52	25.4431	3	7.5
63500	-6380.6	31.7539	3	7.5
64000	-6373.72	26.1169	3	7.5
64500	-6376.91	30.0471	3	7.5
65000	-6374.73	26.6777	3	7.5
65500	-6372.25	26.8782	3	7.5
66000	-6375.61	29.0223	3	7.5
66500	-6371.83	23.8365	3	7.5
67000	-6376.48	16.4445	2	7.5
67500	-6379.05	30.7669	3	7.5
68000	-6372.78	27.8962	3	7.5
68500	-6377.11	28.4768	3	7.5
69000	-6378.84	31.358	3	7.5
69500	-6382.96	29.9761	3	7.5
70000	-6375.64	28.1704	3	7.5
70500	-6379.46	30.3947	3	7.5
71000	-6382.05	31.3961	3	7.5
71500	-6380.23	26.7034	2	7.5
72000	-6370.88	24.9663	3	7.5
72500	-6373.74	24.4616	3	7.5
73000	-6378.01	29.5107	3	7.5
73500	-6376.21	25.1887	3	7.5
74000	-6376.12	24.4418	3	7.5
74500	-6376.17	27.5468	3	7.5
75000	-6376.95	29.7246	3	7.5

Operator stats:
name	number_accepted	number_rejected	weight	weight_prob	tuning_parameter
DirichletProcessGibbsSampler	30138	0	10	0.4	none	
TimeSizeRateMixer	22223	22466	5	0.2	0.229563	
TimeRootSizeMixer	12693	13710	3	0.12	0.219875	
EventTimeScaler	84431	83593	1	0.04	0.398528	
RootPopulationSizeScaler0	12867	14459	1	0.04	0.325727	
LeafPopulationSizeScaler0	14371	12820	1	0.04	0.569672	
RootPopulationSizeScaler1	13628	13606	1	0.04	0.224397	
LeafPopulationSizeScaler1	14699	12401	1	0.04	0.279069	
RootPopulationSizeScaler2	14511	12670	1	0.04	0.285714	
LeafPopulationSizeScaler2	15842	11277	1	0.04	0.701244	

Runtime: 2819 seconds.
