generation 5000:
name	number_accepted	number_rejected	weight	weight_prob	tuning_parameter
DirichletProcessGibbsSampler	1370	0	10	0.285714	none	
TimeSizeRateMixer	2776	1485	5	0.142857	0.162795	
TimeRootSizeMixer	1380	1283	3	0.0857143	0.217928	
EventTimeScaler	9496	6532	1	0.0285714	0.468512	
RootPopulationSizeScaler0	635	645	1	0.0285714	0.21644	
LeafPopulationSizeScaler0	852	435	1	0.0285714	0.204517	
RootPopulationSizeScaler1	705	574	1	0.0285714	0.266376	
LeafPopulationSizeScaler1	726	561	1	0.0285714	0.289263	
RootPopulationSizeScaler2	726	565	1	0.0285714	0.297097	
LeafPopulationSizeScaler2	812	468	1	0.0285714	0.543281	
RootPopulationSizeScaler3	717	585	1	0.0285714	0.28021	
LeafPopulationSizeScaler3	1032	269	1	0.0285714	0.327637	
RootPopulationSizeScaler4	712	571	1	0.0285714	0.295774	
LeafPopulationSizeScaler4	991	313	1	0.0285714	0.816572	
RootPopulationSizeScaler5	718	591	1	0.0285714	0.2717	
LeafPopulationSizeScaler5	792	503	1	0.0285714	0.453066	
RootPopulationSizeScaler6	726	566	1	0.0285714	0.297851	
LeafPopulationSizeScaler6	1084	194	1	0.0285714	0.437128	
RootPopulationSizeScaler7	741	555	1	0.0285714	0.252437	
LeafPopulationSizeScaler7	809	474	1	0.0285714	0.528932	
generation 10000:
name	number_accepted	number_rejected	weight	weight_prob	tuning_parameter
DirichletProcessGibbsSampler	2829	0	10	0.285714	none	
TimeSizeRateMixer	5151	3234	5	0.142857	0.178006	
TimeRootSizeMixer	2709	2610	3	0.0857143	0.226195	
EventTimeScaler	18223	14136	1	0.0285714	0.501191	
RootPopulationSizeScaler0	1220	1340	1	0.0285714	0.219813	
LeafPopulationSizeScaler0	1568	995	1	0.0285714	0.223097	
RootPopulationSizeScaler1	1304	1244	1	0.0285714	0.2763	
LeafPopulationSizeScaler1	1400	1197	1	0.0285714	0.304856	
RootPopulationSizeScaler2	1339	1240	1	0.0285714	0.305943	
LeafPopulationSizeScaler2	1549	1010	1	0.0285714	0.595992	
RootPopulationSizeScaler3	1388	1195	1	0.0285714	0.294482	
LeafPopulationSizeScaler3	1966	613	1	0.0285714	0.403325	
RootPopulationSizeScaler4	1289	1255	1	0.0285714	0.302156	
LeafPopulationSizeScaler4	1844	758	1	0.0285714	0.955962	
RootPopulationSizeScaler5	1390	1209	1	0.0285714	0.289669	
LeafPopulationSizeScaler5	1488	1090	1	0.0285714	0.485566	
RootPopulationSizeScaler6	1359	1222	1	0.0285714	0.307606	
LeafPopulationSizeScaler6	2061	505	1	0.0285714	0.549939	
RootPopulationSizeScaler7	1386	1191	1	0.0285714	0.264207	
LeafPopulationSizeScaler7	1571	987	1	0.0285714	0.582353	
generation 15000:
name	number_accepted	number_rejected	weight	weight_prob	tuning_parameter
DirichletProcessGibbsSampler	4286	0	10	0.285714	none	
TimeSizeRateMixer	7435	5123	5	0.142857	0.185883	
TimeRootSizeMixer	3967	3979	3	0.0857143	0.22966	
EventTimeScaler	26589	22072	1	0.0285714	0.51695	
RootPopulationSizeScaler0	1811	2020	1	0.0285714	0.222197	
LeafPopulationSizeScaler0	2266	1582	1	0.0285714	0.233389	
RootPopulationSizeScaler1	1926	1912	1	0.0285714	0.281497	
LeafPopulationSizeScaler1	2012	1853	1	0.0285714	0.31033	
RootPopulationSizeScaler2	1970	1902	1	0.0285714	0.311927	
LeafPopulationSizeScaler2	2275	1576	1	0.0285714	0.623966	
RootPopulationSizeScaler3	2040	1799	1	0.0285714	0.303468	
LeafPopulationSizeScaler3	2849	1015	1	0.0285714	0.446376	
RootPopulationSizeScaler4	1946	1897	1	0.0285714	0.308335	
LeafPopulationSizeScaler4	2659	1228	1	0.0285714	1.03131	
RootPopulationSizeScaler5	2022	1849	1	0.0285714	0.296252	
LeafPopulationSizeScaler5	2174	1706	1	0.0285714	0.504502	
RootPopulationSizeScaler6	1972	1883	1	0.0285714	0.312878	
LeafPopulationSizeScaler6	3007	845	1	0.0285714	0.620348	
RootPopulationSizeScaler7	2010	1832	1	0.0285714	0.269828	
LeafPopulationSizeScaler7	2268	1598	1	0.0285714	0.604932	
generation 20000:
name	number_accepted	number_rejected	weight	weight_prob	tuning_parameter
DirichletProcessGibbsSampler	5703	0	10	0.285714	none	
TimeSizeRateMixer	9722	7056	5	0.142857	0.191503	
TimeRootSizeMixer	5061	5184	3	0.0857143	0.231737	
EventTimeScaler	34670	29693	1	0.0285714	0.528151	
RootPopulationSizeScaler0	2400	2688	1	0.0285714	0.223643	
LeafPopulationSizeScaler0	2934	2158	1	0.0285714	0.240223	
RootPopulationSizeScaler1	2520	2564	1	0.0285714	0.284723	
LeafPopulationSizeScaler1	2645	2467	1	0.0285714	0.316969	
RootPopulationSizeScaler2	2546	2565	1	0.0285714	0.314962	
LeafPopulationSizeScaler2	2961	2151	1	0.0285714	0.640308	
RootPopulationSizeScaler3	2637	2454	1	0.0285714	0.306367	
LeafPopulationSizeScaler3	3670	1450	1	0.0285714	0.474956	
RootPopulationSizeScaler4	2578	2514	1	0.0285714	0.313185	
LeafPopulationSizeScaler4	3466	1685	1	0.0285714	1.08997	
RootPopulationSizeScaler5	2635	2483	1	0.0285714	0.300079	
LeafPopulationSizeScaler5	2808	2302	1	0.0285714	0.51728	
RootPopulationSizeScaler6	2551	2546	1	0.0285714	0.316154	
LeafPopulationSizeScaler6	3885	1224	1	0.0285714	0.669353	
RootPopulationSizeScaler7	2618	2478	1	0.0285714	0.274002	
LeafPopulationSizeScaler7	2895	2205	1	0.0285714	0.617017	
generation 25000:
name	number_accepted	number_rejected	weight	weight_prob	tuning_parameter
DirichletProcessGibbsSampler	7190	0	10	0.285714	none	
TimeSizeRateMixer	11984	9022	5	0.142857	0.195469	
TimeRootSizeMixer	6124	6436	3	0.0857143	0.232981	
EventTimeScaler	42935	37615	1	0.0285714	0.536109	
RootPopulationSizeScaler0	2982	3335	1	0.0285714	0.225329	
LeafPopulationSizeScaler0	3599	2744	1	0.0285714	0.245506	
RootPopulationSizeScaler1	3131	3211	1	0.0285714	0.287074	
LeafPopulationSizeScaler1	3284	3109	1	0.0285714	0.321084	
RootPopulationSizeScaler2	3154	3224	1	0.0285714	0.317759	
LeafPopulationSizeScaler2	3583	2773	1	0.0285714	0.650864	
RootPopulationSizeScaler3	3245	3099	1	0.0285714	0.30918	
LeafPopulationSizeScaler3	4486	1906	1	0.0285714	0.49598	
RootPopulationSizeScaler4	3159	3168	1	0.0285714	0.315885	
LeafPopulationSizeScaler4	4210	2194	1	0.0285714	1.12673	
RootPopulationSizeScaler5	3245	3107	1	0.0285714	0.302854	
LeafPopulationSizeScaler5	3433	2920	1	0.0285714	0.525568	
RootPopulationSizeScaler6	3126	3226	1	0.0285714	0.317816	
LeafPopulationSizeScaler6	4749	1603	1	0.0285714	0.706633	
RootPopulationSizeScaler7	3249	3103	1	0.0285714	0.277764	
LeafPopulationSizeScaler7	3578	2766	1	0.0285714	0.630992	
generation 30000:
name	number_accepted	number_rejected	weight	weight_prob	tuning_parameter
DirichletProcessGibbsSampler	8591	0	10	0.285714	none	
TimeSizeRateMixer	14247	11089	5	0.142857	0.198549	
TimeRootSizeMixer	7282	7858	3	0.0857143	0.233192	
EventTimeScaler	51012	45506	1	0.0285714	0.542721	
RootPopulationSizeScaler0	3593	4030	1	0.0285714	0.226232	
LeafPopulationSizeScaler0	4316	3347	1	0.0285714	0.250167	
RootPopulationSizeScaler1	3733	3906	1	0.0285714	0.288567	
LeafPopulationSizeScaler1	3944	3755	1	0.0285714	0.32465	
RootPopulationSizeScaler2	3789	3902	1	0.0285714	0.319804	
LeafPopulationSizeScaler2	4281	3382	1	0.0285714	0.661695	
RootPopulationSizeScaler3	3859	3789	1	0.0285714	0.31097	
LeafPopulationSizeScaler3	5312	2400	1	0.0285714	0.51364	
RootPopulationSizeScaler4	3761	3871	1	0.0285714	0.317662	
LeafPopulationSizeScaler4	4982	2728	1	0.0285714	1.15803	
RootPopulationSizeScaler5	3867	3800	1	0.0285714	0.305331	
LeafPopulationSizeScaler5	4076	3571	1	0.0285714	0.531708	
RootPopulationSizeScaler6	3745	3918	1	0.0285714	0.319531	
LeafPopulationSizeScaler6	5571	2088	1	0.0285714	0.734238	
RootPopulationSizeScaler7	3915	3735	1	0.0285714	0.281402	
LeafPopulationSizeScaler7	4277	3385	1	0.0285714	0.642739	
generation 35000:
name	number_accepted	number_rejected	weight	weight_prob	tuning_parameter
DirichletProcessGibbsSampler	10038	0	10	0.285714	none	
TimeSizeRateMixer	16518	13230	5	0.142857	0.200866	
TimeRootSizeMixer	8463	9254	3	0.0857143	0.233663	
EventTimeScaler	59273	53612	1	0.0285714	0.547943	
RootPopulationSizeScaler0	4169	4790	1	0.0285714	0.225899	
LeafPopulationSizeScaler0	5016	3952	1	0.0285714	0.253708	
RootPopulationSizeScaler1	4354	4636	1	0.0285714	0.289675	
LeafPopulationSizeScaler1	4574	4441	1	0.0285714	0.326614	
RootPopulationSizeScaler2	4394	4611	1	0.0285714	0.320544	
LeafPopulationSizeScaler2	4958	4018	1	0.0285714	0.669421	
RootPopulationSizeScaler3	4515	4474	1	0.0285714	0.313332	
LeafPopulationSizeScaler3	6096	2919	1	0.0285714	0.527043	
RootPopulationSizeScaler4	4386	4573	1	0.0285714	0.319275	
LeafPopulationSizeScaler4	5720	3295	1	0.0285714	1.18289	
RootPopulationSizeScaler5	4489	4490	1	0.0285714	0.307212	
LeafPopulationSizeScaler5	4727	4209	1	0.0285714	0.537431	
RootPopulationSizeScaler6	4357	4624	1	0.0285714	0.32094	
LeafPopulationSizeScaler6	6433	2527	1	0.0285714	0.761048	
RootPopulationSizeScaler7	4523	4423	1	0.0285714	0.283224	
LeafPopulationSizeScaler7	4948	4032	1	0.0285714	0.649799	
generation 40000:
name	number_accepted	number_rejected	weight	weight_prob	tuning_parameter
DirichletProcessGibbsSampler	11436	0	10	0.285714	none	
TimeSizeRateMixer	18813	15361	5	0.142857	0.202728	
TimeRootSizeMixer	9580	10668	3	0.0857143	0.233818	
EventTimeScaler	67215	61710	1	0.0285714	0.551882	
RootPopulationSizeScaler0	4767	5543	1	0.0285714	0.225872	
LeafPopulationSizeScaler0	5663	4610	1	0.0285714	0.25607	
RootPopulationSizeScaler1	4968	5319	1	0.0285714	0.290858	
LeafPopulationSizeScaler1	5206	5125	1	0.0285714	0.328688	
RootPopulationSizeScaler2	5000	5342	1	0.0285714	0.321301	
LeafPopulationSizeScaler2	5651	4663	1	0.0285714	0.676186	
RootPopulationSizeScaler3	5133	5173	1	0.0285714	0.315159	
LeafPopulationSizeScaler3	6908	3427	1	0.0285714	0.540009	
RootPopulationSizeScaler4	5024	5267	1	0.0285714	0.32096	
LeafPopulationSizeScaler4	6474	3852	1	0.0285714	1.20252	
RootPopulationSizeScaler5	5120	5188	1	0.0285714	0.308892	
LeafPopulationSizeScaler5	5379	4859	1	0.0285714	0.542547	
RootPopulationSizeScaler6	4991	5319	1	0.0285714	0.322285	
LeafPopulationSizeScaler6	7295	2973	1	0.0285714	0.784493	
RootPopulationSizeScaler7	5169	5118	1	0.0285714	0.28514	
LeafPopulationSizeScaler7	5628	4688	1	0.0285714	0.656143	
generation 45000:
name	number_accepted	number_rejected	weight	weight_prob	tuning_parameter
DirichletProcessGibbsSampler	12916	0	10	0.285714	none	
TimeSizeRateMixer	20942	17393	5	0.142857	0.204344	
TimeRootSizeMixer	10831	12120	3	0.0857143	0.234353	
EventTimeScaler	75359	69993	1	0.0285714	0.555583	
RootPopulationSizeScaler0	5341	6253	1	0.0285714	0.226246	
LeafPopulationSizeScaler0	6313	5242	1	0.0285714	0.25777	
RootPopulationSizeScaler1	5567	6008	1	0.0285714	0.291937	
LeafPopulationSizeScaler1	5824	5786	1	0.0285714	0.330279	
RootPopulationSizeScaler2	5585	6035	1	0.0285714	0.322095	
LeafPopulationSizeScaler2	6306	5304	1	0.0285714	0.68233	
RootPopulationSizeScaler3	5747	5861	1	0.0285714	0.316657	
LeafPopulationSizeScaler3	7714	3923	1	0.0285714	0.551788	
RootPopulationSizeScaler4	5645	5949	1	0.0285714	0.322154	
LeafPopulationSizeScaler4	7224	4416	1	0.0285714	1.22022	
RootPopulationSizeScaler5	5764	5832	1	0.0285714	0.310791	
LeafPopulationSizeScaler5	6045	5500	1	0.0285714	0.546817	
RootPopulationSizeScaler6	5622	5984	1	0.0285714	0.323657	
LeafPopulationSizeScaler6	8152	3403	1	0.0285714	0.804881	
RootPopulationSizeScaler7	5791	5799	1	0.0285714	0.285949	
LeafPopulationSizeScaler7	6293	5312	1	0.0285714	0.661164	
generation 50000:
name	number_accepted	number_rejected	weight	weight_prob	tuning_parameter
DirichletProcessGibbsSampler	14333	0	10	0.285714	none	
TimeSizeRateMixer	23136	19497	5	0.142857	0.205833	
TimeRootSizeMixer	11885	13355	3	0.0857143	0.234977	
EventTimeScaler	83298	78000	1	0.0285714	0.559007	
RootPopulationSizeScaler0	5938	6904	1	0.0285714	0.226948	
LeafPopulationSizeScaler0	6952	5854	1	0.0285714	0.259599	
RootPopulationSizeScaler1	6134	6685	1	0.0285714	0.292535	
LeafPopulationSizeScaler1	6435	6446	1	0.0285714	0.331715	
RootPopulationSizeScaler2	6217	6640	1	0.0285714	0.323909	
LeafPopulationSizeScaler2	6931	5932	1	0.0285714	0.687092	
RootPopulationSizeScaler3	6364	6527	1	0.0285714	0.317546	
LeafPopulationSizeScaler3	8430	4445	1	0.0285714	0.560579	
RootPopulationSizeScaler4	6183	6664	1	0.0285714	0.321958	
LeafPopulationSizeScaler4	7933	4959	1	0.0285714	1.2361	
RootPopulationSizeScaler5	6378	6493	1	0.0285714	0.311941	
LeafPopulationSizeScaler5	6668	6112	1	0.0285714	0.55035	
RootPopulationSizeScaler6	6203	6652	1	0.0285714	0.324505	
LeafPopulationSizeScaler6	8939	3877	1	0.0285714	0.821329	
RootPopulationSizeScaler7	6396	6457	1	0.0285714	0.287192	
LeafPopulationSizeScaler7	6926	5932	1	0.0285714	0.665473	
generation 55000:
name	number_accepted	number_rejected	weight	weight_prob	tuning_parameter
DirichletProcessGibbsSampler	15707	0	10	0.285714	none	
TimeSizeRateMixer	25461	21627	5	0.142857	0.207313	
TimeRootSizeMixer	13178	14851	3	0.0857143	0.235498	
EventTimeScaler	91265	86187	1	0.0285714	0.561844	
RootPopulationSizeScaler0	6505	7684	1	0.0285714	0.226657	
LeafPopulationSizeScaler0	7622	6518	1	0.0285714	0.261326	
RootPopulationSizeScaler1	6732	7422	1	0.0285714	0.292881	
LeafPopulationSizeScaler1	7038	7175	1	0.0285714	0.332757	
RootPopulationSizeScaler2	6807	7386	1	0.0285714	0.324098	
LeafPopulationSizeScaler2	7631	6579	1	0.0285714	0.693147	
RootPopulationSizeScaler3	6989	7254	1	0.0285714	0.318498	
LeafPopulationSizeScaler3	9245	4955	1	0.0285714	0.56993	
RootPopulationSizeScaler4	6823	7360	1	0.0285714	0.322762	
LeafPopulationSizeScaler4	8699	5549	1	0.0285714	1.25072	
RootPopulationSizeScaler5	7037	7168	1	0.0285714	0.313061	
LeafPopulationSizeScaler5	7317	6795	1	0.0285714	0.552797	
RootPopulationSizeScaler6	6846	7334	1	0.0285714	0.325394	
LeafPopulationSizeScaler6	9806	4351	1	0.0285714	0.837769	
RootPopulationSizeScaler7	7037	7158	1	0.0285714	0.288061	
LeafPopulationSizeScaler7	7587	6607	1	0.0285714	0.669908	
generation 60000:
name	number_accepted	number_rejected	weight	weight_prob	tuning_parameter
DirichletProcessGibbsSampler	17148	0	10	0.285714	none	
TimeSizeRateMixer	27532	23646	5	0.142857	0.20839	
TimeRootSizeMixer	14337	16212	3	0.0857143	0.235976	
EventTimeScaler	98973	94475	1	0.0285714	0.563886	
RootPopulationSizeScaler0	7045	8400	1	0.0285714	0.226642	
LeafPopulationSizeScaler0	8248	7165	1	0.0285714	0.262268	
RootPopulationSizeScaler1	7321	8113	1	0.0285714	0.293336	
LeafPopulationSizeScaler1	7640	7816	1	0.0285714	0.33394	
RootPopulationSizeScaler2	7395	8050	1	0.0285714	0.324743	
LeafPopulationSizeScaler2	8245	7204	1	0.0285714	0.696967	
RootPopulationSizeScaler3	7580	7921	1	0.0285714	0.319383	
LeafPopulationSizeScaler3	10031	5460	1	0.0285714	0.577948	
RootPopulationSizeScaler4	7398	8043	1	0.0285714	0.323403	
LeafPopulationSizeScaler4	9409	6119	1	0.0285714	1.26298	
RootPopulationSizeScaler5	7609	7850	1	0.0285714	0.313819	
LeafPopulationSizeScaler5	7946	7438	1	0.0285714	0.555004	
RootPopulationSizeScaler6	7441	8035	1	0.0285714	0.326077	
LeafPopulationSizeScaler6	10588	4854	1	0.0285714	0.850126	
RootPopulationSizeScaler7	7660	7789	1	0.0285714	0.289478	
LeafPopulationSizeScaler7	8243	7214	1	0.0285714	0.673839	
generation 65000:
name	number_accepted	number_rejected	weight	weight_prob	tuning_parameter
DirichletProcessGibbsSampler	18585	0	10	0.285714	none	
TimeSizeRateMixer	29808	25829	5	0.142857	0.209666	
TimeRootSizeMixer	15465	17573	3	0.0857143	0.236424	
EventTimeScaler	106901	102792	1	0.0285714	0.566131	
RootPopulationSizeScaler0	7637	9110	1	0.0285714	0.226988	
LeafPopulationSizeScaler0	8919	7804	1	0.0285714	0.26376	
RootPopulationSizeScaler1	7925	8827	1	0.0285714	0.294056	
LeafPopulationSizeScaler1	8240	8518	1	0.0285714	0.334674	
RootPopulationSizeScaler2	7997	8744	1	0.0285714	0.325545	
LeafPopulationSizeScaler2	8928	7828	1	0.0285714	0.700939	
RootPopulationSizeScaler3	8189	8629	1	0.0285714	0.319879	
LeafPopulationSizeScaler3	10774	6016	1	0.0285714	0.58469	
RootPopulationSizeScaler4	7988	8764	1	0.0285714	0.323733	
LeafPopulationSizeScaler4	10143	6702	1	0.0285714	1.2753	
RootPopulationSizeScaler5	8197	8569	1	0.0285714	0.314272	
LeafPopulationSizeScaler5	8574	8109	1	0.0285714	0.557327	
RootPopulationSizeScaler6	8065	8720	1	0.0285714	0.326862	
LeafPopulationSizeScaler6	11412	5353	1	0.0285714	0.862829	
RootPopulationSizeScaler7	8280	8480	1	0.0285714	0.28995	
LeafPopulationSizeScaler7	8910	7855	1	0.0285714	0.677956	
generation 70000:
name	number_accepted	number_rejected	weight	weight_prob	tuning_parameter
DirichletProcessGibbsSampler	20005	0	10	0.285714	none	
TimeSizeRateMixer	31991	28077	5	0.142857	0.210627	
TimeRootSizeMixer	16677	18950	3	0.0857143	0.236869	
EventTimeScaler	114867	111274	1	0.0285714	0.568112	
RootPopulationSizeScaler0	8200	9857	1	0.0285714	0.227088	
LeafPopulationSizeScaler0	9621	8427	1	0.0285714	0.265459	
RootPopulationSizeScaler1	8531	9541	1	0.0285714	0.294732	
LeafPopulationSizeScaler1	8873	9219	1	0.0285714	0.335393	
RootPopulationSizeScaler2	8599	9457	1	0.0285714	0.326	
LeafPopulationSizeScaler2	9611	8479	1	0.0285714	0.704207	
RootPopulationSizeScaler3	8798	9358	1	0.0285714	0.320496	
LeafPopulationSizeScaler3	11531	6579	1	0.0285714	0.590609	
RootPopulationSizeScaler4	8614	9442	1	0.0285714	0.324514	
LeafPopulationSizeScaler4	10879	7289	1	0.0285714	1.2863	
RootPopulationSizeScaler5	8814	9268	1	0.0285714	0.314787	
LeafPopulationSizeScaler5	9222	8771	1	0.0285714	0.559784	
RootPopulationSizeScaler6	8670	9462	1	0.0285714	0.327375	
LeafPopulationSizeScaler6	12232	5850	1	0.0285714	0.875009	
RootPopulationSizeScaler7	8920	9159	1	0.0285714	0.290931	
LeafPopulationSizeScaler7	9603	8489	1	0.0285714	0.681915	
generation 75000:
name	number_accepted	number_rejected	weight	weight_prob	tuning_parameter
DirichletProcessGibbsSampler	21420	0	10	0.285714	none	
TimeSizeRateMixer	34235	30279	5	0.142857	0.211501	
TimeRootSizeMixer	17864	20310	3	0.0857143	0.237263	
EventTimeScaler	122932	119550	1	0.0285714	0.570132	
RootPopulationSizeScaler0	8753	10603	1	0.0285714	0.226961	
LeafPopulationSizeScaler0	10297	9066	1	0.0285714	0.266785	
RootPopulationSizeScaler1	9115	10272	1	0.0285714	0.295097	
LeafPopulationSizeScaler1	9471	9909	1	0.0285714	0.33632	
RootPopulationSizeScaler2	9196	10153	1	0.0285714	0.326651	
LeafPopulationSizeScaler2	10235	9148	1	0.0285714	0.707228	
RootPopulationSizeScaler3	9416	10064	1	0.0285714	0.320934	
LeafPopulationSizeScaler3	12303	7121	1	0.0285714	0.596446	
RootPopulationSizeScaler4	9200	10156	1	0.0285714	0.325229	
LeafPopulationSizeScaler4	11550	7906	1	0.0285714	1.29301	
RootPopulationSizeScaler5	9445	9958	1	0.0285714	0.315578	
LeafPopulationSizeScaler5	9878	9413	1	0.0285714	0.561863	
RootPopulationSizeScaler6	9293	10139	1	0.0285714	0.328148	
LeafPopulationSizeScaler6	13051	6337	1	0.0285714	0.88598	
RootPopulationSizeScaler7	9569	9815	1	0.0285714	0.29188	
LeafPopulationSizeScaler7	10272	9139	1	0.0285714	0.684727	
