generation 5000:
name	number_accepted	number_rejected	weight	weight_prob	tuning_parameter
DirichletProcessGibbsSampler	1576	0	10	0.322581	none	
TimeSizeRateMixer	2401	1553	5	0.16129	0.200639	
TimeRootSizeMixer	1323	1180	3	0.0967742	0.25687	
EventTimeScaler	9244	6048	1	0.0322581	0.489035	
RootPopulationSizeScaler0	822	632	1	0.0322581	0.293564	
LeafPopulationSizeScaler0	1034	431	1	0.0322581	0.686875	
RootPopulationSizeScaler1	765	680	1	0.0322581	0.261204	
LeafPopulationSizeScaler1	764	676	1	0.0322581	0.314083	
RootPopulationSizeScaler2	779	671	1	0.0322581	0.290808	
LeafPopulationSizeScaler2	1109	346	1	0.0322581	0.486062	
RootPopulationSizeScaler3	809	638	1	0.0322581	0.292914	
LeafPopulationSizeScaler3	1118	326	1	0.0322581	0.734471	
RootPopulationSizeScaler4	801	655	1	0.0322581	0.286348	
LeafPopulationSizeScaler4	1035	420	1	0.0322581	0.439375	
RootPopulationSizeScaler5	848	607	1	0.0322581	0.269039	
LeafPopulationSizeScaler5	1043	391	1	0.0322581	0.616961	
generation 10000:
name	number_accepted	number_rejected	weight	weight_prob	tuning_parameter
DirichletProcessGibbsSampler	3125	0	10	0.322581	none	
TimeSizeRateMixer	4544	3446	5	0.16129	0.214373	
TimeRootSizeMixer	2536	2502	3	0.0967742	0.265256	
EventTimeScaler	17386	13234	1	0.0322581	0.523641	
RootPopulationSizeScaler0	1572	1349	1	0.0322581	0.307923	
LeafPopulationSizeScaler0	1972	971	1	0.0322581	0.795439	
RootPopulationSizeScaler1	1452	1455	1	0.0322581	0.267194	
LeafPopulationSizeScaler1	1486	1424	1	0.0322581	0.323362	
RootPopulationSizeScaler2	1470	1446	1	0.0322581	0.299658	
LeafPopulationSizeScaler2	2104	815	1	0.0322581	0.57426	
RootPopulationSizeScaler3	1528	1392	1	0.0322581	0.30196	
LeafPopulationSizeScaler3	2109	794	1	0.0322581	0.872111	
RootPopulationSizeScaler4	1527	1408	1	0.0322581	0.297254	
LeafPopulationSizeScaler4	1991	956	1	0.0322581	0.503006	
RootPopulationSizeScaler5	1602	1308	1	0.0322581	0.286208	
LeafPopulationSizeScaler5	1951	945	1	0.0322581	0.703192	
generation 15000:
name	number_accepted	number_rejected	weight	weight_prob	tuning_parameter
DirichletProcessGibbsSampler	4723	0	10	0.322581	none	
TimeSizeRateMixer	6670	5343	5	0.16129	0.222137	
TimeRootSizeMixer	3688	3881	3	0.0967742	0.267627	
EventTimeScaler	25346	20671	1	0.0322581	0.541006	
RootPopulationSizeScaler0	2307	2075	1	0.0322581	0.315382	
LeafPopulationSizeScaler0	2875	1553	1	0.0322581	0.850348	
RootPopulationSizeScaler1	2156	2218	1	0.0322581	0.27183	
LeafPopulationSizeScaler1	2145	2225	1	0.0322581	0.326088	
RootPopulationSizeScaler2	2188	2194	1	0.0322581	0.305142	
LeafPopulationSizeScaler2	3064	1311	1	0.0322581	0.625879	
RootPopulationSizeScaler3	2236	2165	1	0.0322581	0.306825	
LeafPopulationSizeScaler3	3067	1298	1	0.0322581	0.947784	
RootPopulationSizeScaler4	2217	2181	1	0.0322581	0.302982	
LeafPopulationSizeScaler4	2827	1575	1	0.0322581	0.533322	
RootPopulationSizeScaler5	2302	2065	1	0.0322581	0.292873	
LeafPopulationSizeScaler5	2826	1531	1	0.0322581	0.752846	
generation 20000:
name	number_accepted	number_rejected	weight	weight_prob	tuning_parameter
DirichletProcessGibbsSampler	6380	0	10	0.322581	none	
TimeSizeRateMixer	8827	7323	5	0.16129	0.2274	
TimeRootSizeMixer	4887	5268	3	0.0967742	0.269587	
EventTimeScaler	33523	28373	1	0.0322581	0.553156	
RootPopulationSizeScaler0	2983	2868	1	0.0322581	0.318157	
LeafPopulationSizeScaler0	3697	2213	1	0.0322581	0.883814	
RootPopulationSizeScaler1	2848	3004	1	0.0322581	0.273995	
LeafPopulationSizeScaler1	2826	3002	1	0.0322581	0.327795	
RootPopulationSizeScaler2	2871	2996	1	0.0322581	0.307956	
LeafPopulationSizeScaler2	3963	1896	1	0.0322581	0.657355	
RootPopulationSizeScaler3	2930	2946	1	0.0322581	0.308436	
LeafPopulationSizeScaler3	3984	1849	1	0.0322581	1.00185	
RootPopulationSizeScaler4	2961	2933	1	0.0322581	0.306775	
LeafPopulationSizeScaler4	3673	2213	1	0.0322581	0.554195	
RootPopulationSizeScaler5	3064	2791	1	0.0322581	0.298816	
LeafPopulationSizeScaler5	3727	2122	1	0.0322581	0.787914	
generation 25000:
name	number_accepted	number_rejected	weight	weight_prob	tuning_parameter
DirichletProcessGibbsSampler	8024	0	10	0.322581	none	
TimeSizeRateMixer	10924	9312	5	0.16129	0.230881	
TimeRootSizeMixer	5948	6514	3	0.0967742	0.270883	
EventTimeScaler	41372	36054	1	0.0322581	0.561184	
RootPopulationSizeScaler0	3685	3607	1	0.0322581	0.321644	
LeafPopulationSizeScaler0	4509	2843	1	0.0322581	0.908968	
RootPopulationSizeScaler1	3541	3756	1	0.0322581	0.275333	
LeafPopulationSizeScaler1	3504	3778	1	0.0322581	0.329304	
RootPopulationSizeScaler2	3573	3734	1	0.0322581	0.310794	
LeafPopulationSizeScaler2	4828	2457	1	0.0322581	0.682094	
RootPopulationSizeScaler3	3622	3706	1	0.0322581	0.310652	
LeafPopulationSizeScaler3	4806	2470	1	0.0322581	1.03138	
RootPopulationSizeScaler4	3632	3663	1	0.0322581	0.309961	
LeafPopulationSizeScaler4	4477	2857	1	0.0322581	0.568962	
RootPopulationSizeScaler5	3704	3576	1	0.0322581	0.299869	
LeafPopulationSizeScaler5	4528	2744	1	0.0322581	0.808987	
generation 30000:
name	number_accepted	number_rejected	weight	weight_prob	tuning_parameter
DirichletProcessGibbsSampler	9596	0	10	0.322581	none	
TimeSizeRateMixer	13019	11460	5	0.16129	0.233198	
TimeRootSizeMixer	7013	7803	3	0.0967742	0.271556	
EventTimeScaler	49117	43637	1	0.0322581	0.567741	
RootPopulationSizeScaler0	4385	4389	1	0.0322581	0.322701	
LeafPopulationSizeScaler0	5374	3486	1	0.0322581	0.931866	
RootPopulationSizeScaler1	4244	4564	1	0.0322581	0.27679	
LeafPopulationSizeScaler1	4200	4582	1	0.0322581	0.330569	
RootPopulationSizeScaler2	4292	4510	1	0.0322581	0.312922	
LeafPopulationSizeScaler2	5691	3088	1	0.0322581	0.700438	
RootPopulationSizeScaler3	4315	4512	1	0.0322581	0.312428	
LeafPopulationSizeScaler3	5682	3079	1	0.0322581	1.06094	
RootPopulationSizeScaler4	4387	4437	1	0.0322581	0.313113	
LeafPopulationSizeScaler4	5268	3566	1	0.0322581	0.579578	
RootPopulationSizeScaler5	4414	4354	1	0.0322581	0.302458	
LeafPopulationSizeScaler5	5358	3405	1	0.0322581	0.826725	
generation 35000:
name	number_accepted	number_rejected	weight	weight_prob	tuning_parameter
DirichletProcessGibbsSampler	11220	0	10	0.322581	none	
TimeSizeRateMixer	15099	13573	5	0.16129	0.235389	
TimeRootSizeMixer	8139	9064	3	0.0967742	0.273052	
EventTimeScaler	56981	51418	1	0.0322581	0.573153	
RootPopulationSizeScaler0	5064	5189	1	0.0322581	0.323327	
LeafPopulationSizeScaler0	6144	4174	1	0.0322581	0.946946	
RootPopulationSizeScaler1	4880	5384	1	0.0322581	0.276472	
LeafPopulationSizeScaler1	4866	5401	1	0.0322581	0.331665	
RootPopulationSizeScaler2	4983	5269	1	0.0322581	0.314785	
LeafPopulationSizeScaler2	6537	3691	1	0.0322581	0.715584	
RootPopulationSizeScaler3	4986	5300	1	0.0322581	0.313987	
LeafPopulationSizeScaler3	6497	3735	1	0.0322581	1.0824	
RootPopulationSizeScaler4	5037	5250	1	0.0322581	0.313912	
LeafPopulationSizeScaler4	6047	4245	1	0.0322581	0.588093	
RootPopulationSizeScaler5	5143	5091	1	0.0322581	0.30457	
LeafPopulationSizeScaler5	6175	4060	1	0.0322581	0.843185	
generation 40000:
name	number_accepted	number_rejected	weight	weight_prob	tuning_parameter
DirichletProcessGibbsSampler	12777	0	10	0.322581	none	
TimeSizeRateMixer	17134	15749	5	0.16129	0.237061	
TimeRootSizeMixer	9348	10446	3	0.0967742	0.274256	
EventTimeScaler	64758	59184	1	0.0322581	0.57801	
RootPopulationSizeScaler0	5737	6029	1	0.0322581	0.324334	
LeafPopulationSizeScaler0	6972	4844	1	0.0322581	0.960238	
RootPopulationSizeScaler1	5531	6219	1	0.0322581	0.276141	
LeafPopulationSizeScaler1	5566	6195	1	0.0322581	0.333052	
RootPopulationSizeScaler2	5679	6059	1	0.0322581	0.315764	
LeafPopulationSizeScaler2	7402	4335	1	0.0322581	0.728335	
RootPopulationSizeScaler3	5720	6056	1	0.0322581	0.315596	
LeafPopulationSizeScaler3	7340	4378	1	0.0322581	1.10079	
RootPopulationSizeScaler4	5726	6057	1	0.0322581	0.31464	
LeafPopulationSizeScaler4	6871	4928	1	0.0322581	0.596066	
RootPopulationSizeScaler5	5860	5873	1	0.0322581	0.306394	
LeafPopulationSizeScaler5	6975	4732	1	0.0322581	0.856711	
generation 45000:
name	number_accepted	number_rejected	weight	weight_prob	tuning_parameter
DirichletProcessGibbsSampler	14419	0	10	0.322581	none	
TimeSizeRateMixer	19034	17828	5	0.16129	0.238165	
TimeRootSizeMixer	10539	11772	3	0.0967742	0.275158	
EventTimeScaler	72415	67074	1	0.0322581	0.581556	
RootPopulationSizeScaler0	6426	6804	1	0.0322581	0.324994	
LeafPopulationSizeScaler0	7779	5491	1	0.0322581	0.97268	
RootPopulationSizeScaler1	6196	7005	1	0.0322581	0.27695	
LeafPopulationSizeScaler1	6201	7001	1	0.0322581	0.333394	
RootPopulationSizeScaler2	6350	6829	1	0.0322581	0.31695	
LeafPopulationSizeScaler2	8237	4974	1	0.0322581	0.739176	
RootPopulationSizeScaler3	6363	6867	1	0.0322581	0.315965	
LeafPopulationSizeScaler3	8193	5009	1	0.0322581	1.11749	
RootPopulationSizeScaler4	6387	6855	1	0.0322581	0.315529	
LeafPopulationSizeScaler4	7659	5605	1	0.0322581	0.602767	
RootPopulationSizeScaler5	6546	6632	1	0.0322581	0.308032	
LeafPopulationSizeScaler5	7804	5361	1	0.0322581	0.869716	
generation 50000:
name	number_accepted	number_rejected	weight	weight_prob	tuning_parameter
DirichletProcessGibbsSampler	16020	0	10	0.322581	none	
TimeSizeRateMixer	20994	19797	5	0.16129	0.239528	
TimeRootSizeMixer	11723	13155	3	0.0967742	0.27566	
EventTimeScaler	80096	74890	1	0.0322581	0.584916	
RootPopulationSizeScaler0	7104	7587	1	0.0322581	0.326168	
LeafPopulationSizeScaler0	8550	6157	1	0.0322581	0.983053	
RootPopulationSizeScaler1	6852	7800	1	0.0322581	0.277332	
LeafPopulationSizeScaler1	6879	7774	1	0.0322581	0.334461	
RootPopulationSizeScaler2	7031	7592	1	0.0322581	0.317638	
LeafPopulationSizeScaler2	9077	5591	1	0.0322581	0.749069	
RootPopulationSizeScaler3	7026	7624	1	0.0322581	0.316781	
LeafPopulationSizeScaler3	8968	5678	1	0.0322581	1.12921	
RootPopulationSizeScaler4	7098	7602	1	0.0322581	0.316877	
LeafPopulationSizeScaler4	8425	6280	1	0.0322581	0.60771	
RootPopulationSizeScaler5	7241	7393	1	0.0322581	0.309077	
LeafPopulationSizeScaler5	8633	5982	1	0.0322581	0.88077	
generation 55000:
name	number_accepted	number_rejected	weight	weight_prob	tuning_parameter
DirichletProcessGibbsSampler	17596	0	10	0.322581	none	
TimeSizeRateMixer	23010	21928	5	0.16129	0.240618	
TimeRootSizeMixer	12832	14455	3	0.0967742	0.276231	
EventTimeScaler	87711	82604	1	0.0322581	0.587885	
RootPopulationSizeScaler0	7785	8378	1	0.0322581	0.326684	
LeafPopulationSizeScaler0	9341	6831	1	0.0322581	0.992752	
RootPopulationSizeScaler1	7491	8619	1	0.0322581	0.277234	
LeafPopulationSizeScaler1	7548	8563	1	0.0322581	0.334847	
RootPopulationSizeScaler2	7710	8366	1	0.0322581	0.318341	
LeafPopulationSizeScaler2	9898	6250	1	0.0322581	0.758085	
RootPopulationSizeScaler3	7718	8417	1	0.0322581	0.317834	
LeafPopulationSizeScaler3	9777	6329	1	0.0322581	1.14187	
RootPopulationSizeScaler4	7765	8402	1	0.0322581	0.317396	
LeafPopulationSizeScaler4	9182	6994	1	0.0322581	0.612184	
RootPopulationSizeScaler5	7931	8178	1	0.0322581	0.309828	
LeafPopulationSizeScaler5	9432	6636	1	0.0322581	0.88986	
generation 60000:
name	number_accepted	number_rejected	weight	weight_prob	tuning_parameter
DirichletProcessGibbsSampler	19222	0	10	0.322581	none	
TimeSizeRateMixer	24900	23907	5	0.16129	0.241441	
TimeRootSizeMixer	13884	15788	3	0.0967742	0.276436	
EventTimeScaler	95061	90365	1	0.0322581	0.590308	
RootPopulationSizeScaler0	8432	9148	1	0.0322581	0.327033	
LeafPopulationSizeScaler0	10139	7470	1	0.0322581	1.00276	
RootPopulationSizeScaler1	8120	9404	1	0.0322581	0.277359	
LeafPopulationSizeScaler1	8207	9346	1	0.0322581	0.335466	
RootPopulationSizeScaler2	8358	9147	1	0.0322581	0.319012	
LeafPopulationSizeScaler2	10673	6912	1	0.0322581	0.764747	
RootPopulationSizeScaler3	8401	9159	1	0.0322581	0.318782	
LeafPopulationSizeScaler3	10569	6957	1	0.0322581	1.15326	
RootPopulationSizeScaler4	8429	9153	1	0.0322581	0.318269	
LeafPopulationSizeScaler4	9916	7674	1	0.0322581	0.616045	
RootPopulationSizeScaler5	8594	8931	1	0.0322581	0.31039	
LeafPopulationSizeScaler5	10245	7260	1	0.0322581	0.898305	
generation 65000:
name	number_accepted	number_rejected	weight	weight_prob	tuning_parameter
DirichletProcessGibbsSampler	20847	0	10	0.322581	none	
TimeSizeRateMixer	26996	26024	5	0.16129	0.242586	
TimeRootSizeMixer	15028	17157	3	0.0967742	0.276824	
EventTimeScaler	102748	98488	1	0.0322581	0.592558	
RootPopulationSizeScaler0	9137	9931	1	0.0322581	0.327541	
LeafPopulationSizeScaler0	10964	8116	1	0.0322581	1.01232	
RootPopulationSizeScaler1	8809	10196	1	0.0322581	0.277966	
LeafPopulationSizeScaler1	8901	10145	1	0.0322581	0.336113	
RootPopulationSizeScaler2	9068	9936	1	0.0322581	0.319698	
LeafPopulationSizeScaler2	11502	7556	1	0.0322581	0.771359	
RootPopulationSizeScaler3	9073	9948	1	0.0322581	0.319415	
LeafPopulationSizeScaler3	11384	7619	1	0.0322581	1.16391	
RootPopulationSizeScaler4	9129	9933	1	0.0322581	0.318863	
LeafPopulationSizeScaler4	10691	8384	1	0.0322581	0.620626	
RootPopulationSizeScaler5	9290	9732	1	0.0322581	0.31095	
LeafPopulationSizeScaler5	11031	7940	1	0.0322581	0.905656	
generation 70000:
name	number_accepted	number_rejected	weight	weight_prob	tuning_parameter
DirichletProcessGibbsSampler	22480	0	10	0.322581	none	
TimeSizeRateMixer	28964	28078	5	0.16129	0.243397	
TimeRootSizeMixer	16259	18562	3	0.0967742	0.277311	
EventTimeScaler	110210	106620	1	0.0322581	0.594278	
RootPopulationSizeScaler0	9818	10728	1	0.0322581	0.327948	
LeafPopulationSizeScaler0	11749	8808	1	0.0322581	1.01998	
RootPopulationSizeScaler1	9465	11020	1	0.0322581	0.278131	
LeafPopulationSizeScaler1	9558	10965	1	0.0322581	0.33651	
RootPopulationSizeScaler2	9745	10712	1	0.0322581	0.320366	
LeafPopulationSizeScaler2	12348	8197	1	0.0322581	0.777862	
RootPopulationSizeScaler3	9798	10709	1	0.0322581	0.320499	
LeafPopulationSizeScaler3	12169	8315	1	0.0322581	1.17235	
RootPopulationSizeScaler4	9818	10734	1	0.0322581	0.319334	
LeafPopulationSizeScaler4	11451	9093	1	0.0322581	0.623962	
RootPopulationSizeScaler5	9993	10520	1	0.0322581	0.311609	
LeafPopulationSizeScaler5	11818	8617	1	0.0322581	0.912867	
generation 75000:
name	number_accepted	number_rejected	weight	weight_prob	tuning_parameter
DirichletProcessGibbsSampler	24090	0	10	0.322581	none	
TimeSizeRateMixer	30972	30213	5	0.16129	0.244166	
TimeRootSizeMixer	17401	19942	3	0.0967742	0.277561	
EventTimeScaler	117749	114728	1	0.0322581	0.596007	
RootPopulationSizeScaler0	10497	11524	1	0.0322581	0.328388	
LeafPopulationSizeScaler0	12523	9515	1	0.0322581	1.02567	
RootPopulationSizeScaler1	10097	11852	1	0.0322581	0.278089	
LeafPopulationSizeScaler1	10274	11722	1	0.0322581	0.337405	
RootPopulationSizeScaler2	10431	11492	1	0.0322581	0.321153	
LeafPopulationSizeScaler2	13155	8871	1	0.0322581	0.782827	
RootPopulationSizeScaler3	10510	11476	1	0.0322581	0.321132	
LeafPopulationSizeScaler3	12954	9019	1	0.0322581	1.18021	
RootPopulationSizeScaler4	10584	11448	1	0.0322581	0.320583	
LeafPopulationSizeScaler4	12206	9823	1	0.0322581	0.627249	
RootPopulationSizeScaler5	10710	11289	1	0.0322581	0.312317	
LeafPopulationSizeScaler5	12626	9265	1	0.0322581	0.919832	
